Archive member included because of file (symbol)

C:\Users\TeamUiS\AppData\Local\arduino15\packages\arduino\hardware\sam\1.6.11\variants\arduino_due_x/libsam_sam3x8e_gcc_rel.a(pio.o)
                              C:\Users\TeamUiS\AppData\Local\Temp\VMBuilds\Rotation\arduino_due_x_dbg\Debug\variant\variant.cpp.o (PIO_Configure)
C:\Users\TeamUiS\AppData\Local\arduino15\packages\arduino\hardware\sam\1.6.11\variants\arduino_due_x/libsam_sam3x8e_gcc_rel.a(pmc.o)
                              C:\Users\TeamUiS\AppData\Local\Temp\VMBuilds\Rotation\arduino_due_x_dbg\Debug\variant\variant.cpp.o (pmc_enable_periph_clk)
C:\Users\TeamUiS\AppData\Local\arduino15\packages\arduino\hardware\sam\1.6.11\variants\arduino_due_x/libsam_sam3x8e_gcc_rel.a(system_sam3xa.o)
                              C:\Users\TeamUiS\AppData\Local\Temp\VMBuilds\Rotation\arduino_due_x_dbg\Debug\variant\variant.cpp.o (SystemInit)
C:\Users\TeamUiS\AppData\Local\arduino15\packages\arduino\hardware\sam\1.6.11\variants\arduino_due_x/libsam_sam3x8e_gcc_rel.a(startup_sam3xa.o)
                              (Reset_Handler)
C:\Users\TeamUiS\AppData\Local\arduino15\packages\arduino\hardware\sam\1.6.11\variants\arduino_due_x/libsam_sam3x8e_gcc_rel.a(adc.o)
                              C:\Users\TeamUiS\AppData\Local\Temp\VMBuilds\Rotation\arduino_due_x_dbg\Debug\variant\variant.cpp.o (adc_init)
C:\Users\TeamUiS\AppData\Local\arduino15\packages\arduino\hardware\sam\1.6.11\variants\arduino_due_x/libsam_sam3x8e_gcc_rel.a(uotghs.o)
                              C:\Users\TeamUiS\AppData\Local\arduino15\packages\arduino\hardware\sam\1.6.11\variants\arduino_due_x/libsam_sam3x8e_gcc_rel.a(startup_sam3xa.o) (UOTGHS_Handler)
C:\Users\TeamUiS\AppData\Local\Temp\VMBuilds\Rotation\arduino_due_x_dbg\Debug/core.a(cortex_handlers.c.o)
                              C:\Users\TeamUiS\AppData\Local\arduino15\packages\arduino\hardware\sam\1.6.11\variants\arduino_due_x/libsam_sam3x8e_gcc_rel.a(startup_sam3xa.o) (NMI_Handler)
C:\Users\TeamUiS\AppData\Local\Temp\VMBuilds\Rotation\arduino_due_x_dbg\Debug/core.a(hooks.c.o)
                              C:\Users\TeamUiS\AppData\Local\Temp\VMBuilds\Rotation\arduino_due_x_dbg\Debug/core.a(cortex_handlers.c.o) (sysTickHook)
C:\Users\TeamUiS\AppData\Local\Temp\VMBuilds\Rotation\arduino_due_x_dbg\Debug/core.a(syscalls_sam3.c.o)
                              (_sbrk)
C:\Users\TeamUiS\AppData\Local\Temp\VMBuilds\Rotation\arduino_due_x_dbg\Debug/core.a(wiring.c.o)
                              C:\Users\TeamUiS\AppData\Local\Temp\VMBuilds\Rotation\arduino_due_x_dbg\Debug\Rotation.cpp.o (millis)
C:\Users\TeamUiS\AppData\Local\Temp\VMBuilds\Rotation\arduino_due_x_dbg\Debug/core.a(wiring_analog.c.o)
                              C:\Users\TeamUiS\AppData\Local\Temp\VMBuilds\Rotation\arduino_due_x_dbg\Debug\Rotation.cpp.o (analogReadResolution)
C:\Users\TeamUiS\AppData\Local\Temp\VMBuilds\Rotation\arduino_due_x_dbg\Debug/core.a(wiring_digital.c.o)
                              C:\Users\TeamUiS\AppData\Local\Temp\VMBuilds\Rotation\arduino_due_x_dbg\Debug\Rotation.cpp.o (pinMode)
C:\Users\TeamUiS\AppData\Local\Temp\VMBuilds\Rotation\arduino_due_x_dbg\Debug/core.a(main.cpp.o)
                              c:/users/teamuis/appdata/local/arduino15/packages/arduino/tools/arm-none-eabi-gcc/4.8.3-2014q1/bin/../lib/gcc/arm-none-eabi/4.8.3/../../../../arm-none-eabi/lib/armv7-m/crt0.o (main)
C:\Users\TeamUiS\AppData\Local\Temp\VMBuilds\Rotation\arduino_due_x_dbg\Debug/core.a(Print.cpp.o)
                              C:\Users\TeamUiS\AppData\Local\Temp\VMBuilds\Rotation\arduino_due_x_dbg\Debug\Rotation.cpp.o (Print::print(char const*))
C:\Users\TeamUiS\AppData\Local\Temp\VMBuilds\Rotation\arduino_due_x_dbg\Debug/core.a(Reset.cpp.o)
                              C:\Users\TeamUiS\AppData\Local\Temp\VMBuilds\Rotation\arduino_due_x_dbg\Debug/core.a(cortex_handlers.c.o) (tickReset)
C:\Users\TeamUiS\AppData\Local\Temp\VMBuilds\Rotation\arduino_due_x_dbg\Debug/core.a(RingBuffer.cpp.o)
                              C:\Users\TeamUiS\AppData\Local\Temp\VMBuilds\Rotation\arduino_due_x_dbg\Debug\variant\variant.cpp.o (RingBuffer::RingBuffer())
C:\Users\TeamUiS\AppData\Local\Temp\VMBuilds\Rotation\arduino_due_x_dbg\Debug/core.a(Stream.cpp.o)
                              C:\Users\TeamUiS\AppData\Local\Temp\VMBuilds\Rotation\arduino_due_x_dbg\Debug\Rotation.cpp.o (Stream::parseFloat(LookaheadMode, char))
C:\Users\TeamUiS\AppData\Local\Temp\VMBuilds\Rotation\arduino_due_x_dbg\Debug/core.a(UARTClass.cpp.o)
                              C:\Users\TeamUiS\AppData\Local\Temp\VMBuilds\Rotation\arduino_due_x_dbg\Debug\Rotation.cpp.o (UARTClass::available())
C:\Users\TeamUiS\AppData\Local\Temp\VMBuilds\Rotation\arduino_due_x_dbg\Debug/core.a(USARTClass.cpp.o)
                              C:\Users\TeamUiS\AppData\Local\Temp\VMBuilds\Rotation\arduino_due_x_dbg\Debug\variant\variant.cpp.o (USARTClass::USARTClass(Usart*, IRQn, unsigned long, RingBuffer*, RingBuffer*))
[...]
Memory Configuration

Name             Origin             Length             Attributes
rom              0x00080000         0x00080000         xr
sram0            0x20000000         0x00010000         xrw
sram1            0x20080000         0x00008000         xrw
ram              0x20070000         0x00018000         xrw
*default*        0x00000000         0xffffffff

Linker script and memory map

LOAD c:/users/teamuis/appdata/local/arduino15/packages/arduino/tools/arm-none-eabi-gcc/4.8.3-2014q1/bin/../lib/gcc/arm-none-eabi/4.8.3/armv7-m/crti.o
LOAD c:/users/teamuis/appdata/local/arduino15/packages/arduino/tools/arm-none-eabi-gcc/4.8.3-2014q1/bin/../lib/gcc/arm-none-eabi/4.8.3/armv7-m/crtbegin.o
LOAD c:/users/teamuis/appdata/local/arduino15/packages/arduino/tools/arm-none-eabi-gcc/4.8.3-2014q1/bin/../lib/gcc/arm-none-eabi/4.8.3/../../../../arm-none-eabi/lib/armv7-m/crt0.o
START GROUP
LOAD C:\Users\TeamUiS\AppData\Local\Temp\VMBuilds\Rotation\arduino_due_x_dbg\Debug\Rotation.cpp.o
LOAD C:\Users\TeamUiS\AppData\Local\Temp\VMBuilds\Rotation\arduino_due_x_dbg\Debug\VM_DBG\VM_DBG.cpp.o
LOAD C:\Users\TeamUiS\AppData\Local\Temp\VMBuilds\Rotation\arduino_due_x_dbg\Debug\VM_DBG\VM_mem_check_sam.cpp.o
LOAD C:\Users\TeamUiS\AppData\Local\Temp\VMBuilds\Rotation\arduino_due_x_dbg\Debug\variant\variant.cpp.o
LOAD C:\Users\TeamUiS\AppData\Local\arduino15\packages\arduino\hardware\sam\1.6.11\variants\arduino_due_x/libsam_sam3x8e_gcc_rel.a
LOAD C:\Users\TeamUiS\AppData\Local\Temp\VMBuilds\Rotation\arduino_due_x_dbg\Debug/core.a
END GROUP
LOAD c:/users/teamuis/appdata/local/arduino15/packages/arduino/tools/arm-none-eabi-gcc/4.8.3-2014q1/bin/../lib/gcc/arm-none-eabi/4.8.3/../../../../arm-none-eabi/lib/armv7-m\libm.a
START GROUP
LOAD c:/users/teamuis/appdata/local/arduino15/packages/arduino/tools/arm-none-eabi-gcc/4.8.3-2014q1/bin/../lib/gcc/arm-none-eabi/4.8.3/armv7-m\libgcc.a
LOAD c:/users/teamuis/appdata/local/arduino15/packages/arduino/tools/arm-none-eabi-gcc/4.8.3-2014q1/bin/../lib/gcc/arm-none-eabi/4.8.3/../../../../arm-none-eabi/lib/armv7-m\libg.a
LOAD c:/users/teamuis/appdata/local/arduino15/packages/arduino/tools/arm-none-eabi-gcc/4.8.3-2014q1/bin/../lib/gcc/arm-none-eabi/4.8.3/../../../../arm-none-eabi/lib/armv7-m\libc.a
END GROUP
LOAD c:/users/teamuis/appdata/local/arduino15/packages/arduino/tools/arm-none-eabi-gcc/4.8.3-2014q1/bin/../lib/gcc/arm-none-eabi/4.8.3/armv7-m/crtend.o
LOAD c:/users/teamuis/appdata/local/arduino15/packages/arduino/tools/arm-none-eabi-gcc/4.8.3-2014q1/bin/../lib/gcc/arm-none-eabi/4.8.3/armv7-m/crtn.o

.text           0x00080000     0x7af8
                0x00080000                . = ALIGN (0x4)
                0x00080000                _sfixed = .
 *(.vectors .vectors.*)
 .vectors       0x00080000       0xf4 C:\Users\TeamUiS\AppData\Local\arduino15\packages\arduino\hardware\sam\1.6.11\variants\arduino_due_x/libsam_sam3x8e_gcc_rel.a(startup_sam3xa.o)
                0x00080000                exception_table
 *(.text .text.* .gnu.linkonce.t.*)
 .text          0x000800f4       0x54 c:/users/teamuis/appdata/local/arduino15/packages/arduino/tools/arm-none-eabi-gcc/4.8.3-2014q1/bin/../lib/gcc/arm-none-eabi/4.8.3/armv7-m/crtbegin.o
 .text._ZN5Print5writeEPKc
                0x00080148       0x1e C:\Users\TeamUiS\AppData\Local\Temp\VMBuilds\Rotation\arduino_due_x_dbg\Debug\Rotation.cpp.o
                0x00080148                Print::write(char const*)
 .text._Z12medianFilterPii
                0x00080166       0x48 C:\Users\TeamUiS\AppData\Local\Temp\VMBuilds\Rotation\arduino_due_x_dbg\Debug\Rotation.cpp.o
                0x00080166                medianFilter(int*, int)
 *fill*         0x000801ae        0x2 
 .text.setup    0x000801b0       0x74 C:\Users\TeamUiS\AppData\Local\Temp\VMBuilds\Rotation\arduino_due_x_dbg\Debug\Rotation.cpp.o
                0x000801b0                setup
 *fill*         0x00080224        0x4 
 .text.loop     0x00080228      0x318 C:\Users\TeamUiS\AppData\Local\Temp\VMBuilds\Rotation\arduino_due_x_dbg\Debug\Rotation.cpp.o
                0x00080228                loop
 .text._ZN16VisualMicroDebug16DBG_YieldAndWaitEmb
                0x00080540       0x1a C:\Users\TeamUiS\AppData\Local\Temp\VMBuilds\Rotation\arduino_due_x_dbg\Debug\VM_DBG\VM_DBG.cpp.o
                0x00080540                VisualMicroDebug::DBG_YieldAndWait(unsigned long, bool)
 .text._ZN16VisualMicroDebug16DBG_YieldAndWaitEm
                0x0008055a        0x6 C:\Users\TeamUiS\AppData\Local\Temp\VMBuilds\Rotation\arduino_due_x_dbg\Debug\VM_DBG\VM_DBG.cpp.o
                0x0008055a                VisualMicroDebug::DBG_YieldAndWait(unsigned long)
 .text._ZN16VisualMicroDebug10DBG_MillisEv
                0x00080560        0x4 C:\Users\TeamUiS\AppData\Local\Temp\VMBuilds\Rotation\arduino_due_x_dbg\Debug\VM_DBG\VM_DBG.cpp.o
                0x00080560                VisualMicroDebug::DBG_Millis()
 .text._ZN16VisualMicroDebug17OnBreakPointBeginEm
                0x00080564       0x16 C:\Users\TeamUiS\AppData\Local\Temp\VMBuilds\Rotation\arduino_due_x_dbg\Debug\VM_DBG\VM_DBG.cpp.o
                0x00080564                VisualMicroDebug::OnBreakPointBegin(unsigned long)
 *fill*         0x0008057a        0x2 
 .text._ZN16VisualMicroDebug22OnBreakPointPrintBeginEh
                0x0008057c       0x6c C:\Users\TeamUiS\AppData\Local\Temp\VMBuilds\Rotation\arduino_due_x_dbg\Debug\VM_DBG\VM_DBG.cpp.o
                0x0008057c                VisualMicroDebug::OnBreakPointPrintBegin(unsigned char)
 .text._ZN16VisualMicroDebug20OnBreakPointPrintEndEv
                0x000805e8        0xc C:\Users\TeamUiS\AppData\Local\Temp\VMBuilds\Rotation\arduino_due_x_dbg\Debug\VM_DBG\VM_DBG.cpp.o
                0x000805e8                VisualMicroDebug::OnBreakPointPrintEnd()
 .text._ZN16VisualMicroDebug15OnBreakPointEndEv
                0x000805f4        0xc C:\Users\TeamUiS\AppData\Local\Temp\VMBuilds\Rotation\arduino_due_x_dbg\Debug\VM_DBG\VM_DBG.cpp.o
                0x000805f4                VisualMicroDebug::OnBreakPointEnd()
 .text._ZN16VisualMicroDebug14outPacketStartEb
                0x00080600       0x28 C:\Users\TeamUiS\AppData\Local\Temp\VMBuilds\Rotation\arduino_due_x_dbg\Debug\VM_DBG\VM_DBG.cpp.o
                0x00080600                VisualMicroDebug::outPacketStart(bool)
 .text._ZN16VisualMicroDebug12outPacketEndEv
                0x00080628        0x2 C:\Users\TeamUiS\AppData\Local\Temp\VMBuilds\Rotation\arduino_due_x_dbg\Debug\VM_DBG\VM_DBG.cpp.o
                0x00080628                VisualMicroDebug::outPacketEnd()
 .text._ZN16VisualMicroDebug4initEm
                0x0008062a        0xe C:\Users\TeamUiS\AppData\Local\Temp\VMBuilds\Rotation\arduino_due_x_dbg\Debug\VM_DBG\VM_DBG.cpp.o
                0x0008062a                VisualMicroDebug::init(unsigned long)
 .text._ZN16VisualMicroDebug5beginEP9UARTClassm
                0x00080638       0x10 C:\Users\TeamUiS\AppData\Local\Temp\VMBuilds\Rotation\arduino_due_x_dbg\Debug\VM_DBG\VM_DBG.cpp.o
                0x00080638                VisualMicroDebug::begin(UARTClass*, unsigned long)
 .text._ZN16VisualMicroDebug4readEv
                0x00080648        0xe C:\Users\TeamUiS\AppData\Local\Temp\VMBuilds\Rotation\arduino_due_x_dbg\Debug\VM_DBG\VM_DBG.cpp.o
                0x00080648                VisualMicroDebug::read()
 .text._ZN16VisualMicroDebug9availableEv
                0x00080656        0xe C:\Users\TeamUiS\AppData\Local\Temp\VMBuilds\Rotation\arduino_due_x_dbg\Debug\VM_DBG\VM_DBG.cpp.o
                0x00080656                VisualMicroDebug::available()
 .text._ZN16VisualMicroDebug16sendContinuedACKEh
                0x00080664       0x3c C:\Users\TeamUiS\AppData\Local\Temp\VMBuilds\Rotation\arduino_due_x_dbg\Debug\VM_DBG\VM_DBG.cpp.o
                0x00080664                VisualMicroDebug::sendContinuedACK(unsigned char)
 .text._ZN16VisualMicroDebug9breakWaitEh
                0x000806a0       0x54 C:\Users\TeamUiS\AppData\Local\Temp\VMBuilds\Rotation\arduino_due_x_dbg\Debug\VM_DBG\VM_DBG.cpp.o
                0x000806a0                VisualMicroDebug::breakWait(unsigned char)
 .text._ZN16VisualMicroDebug5startEbb
                0x000806f4       0x26 C:\Users\TeamUiS\AppData\Local\Temp\VMBuilds\Rotation\arduino_due_x_dbg\Debug\VM_DBG\VM_DBG.cpp.o
                0x000806f4                VisualMicroDebug::start(bool, bool)
 *fill*         0x0008071a        0x2 
 .text.startup._GLOBAL__sub_I__ZN16VisualMicroDebug16DBG_YieldAndWaitEm
                0x0008071c       0x14 C:\Users\TeamUiS\AppData\Local\Temp\VMBuilds\Rotation\arduino_due_x_dbg\Debug\VM_DBG\VM_DBG.cpp.o
 .text._Z11serialEventv
                0x00080730        0x2 C:\Users\TeamUiS\AppData\Local\Temp\VMBuilds\Rotation\arduino_due_x_dbg\Debug\variant\variant.cpp.o
                0x00080730                serialEvent()
 *fill*         0x00080732        0x2 
 .text.UART_Handler
                0x00080734        0xc C:\Users\TeamUiS\AppData\Local\Temp\VMBuilds\Rotation\arduino_due_x_dbg\Debug\variant\variant.cpp.o
                0x00080734                UART_Handler
 .text._Z12serialEvent1v
                0x00080740        0x2 C:\Users\TeamUiS\AppData\Local\Temp\VMBuilds\Rotation\arduino_due_x_dbg\Debug\variant\variant.cpp.o
                0x00080740                serialEvent1()
 .text._Z12serialEvent2v
                0x00080742        0x2 C:\Users\TeamUiS\AppData\Local\Temp\VMBuilds\Rotation\arduino_due_x_dbg\Debug\variant\variant.cpp.o
                0x00080742                serialEvent2()
 .text._Z12serialEvent3v
                0x00080744        0x2 C:\Users\TeamUiS\AppData\Local\Temp\VMBuilds\Rotation\arduino_due_x_dbg\Debug\variant\variant.cpp.o
                0x00080744                serialEvent3()
 *fill*         0x00080746        0x2 
 .text.USART0_Handler
                0x00080748        0xc C:\Users\TeamUiS\AppData\Local\Temp\VMBuilds\Rotation\arduino_due_x_dbg\Debug\variant\variant.cpp.o
                0x00080748                USART0_Handler
 .text.USART1_Handler
                0x00080754        0xc C:\Users\TeamUiS\AppData\Local\Temp\VMBuilds\Rotation\arduino_due_x_dbg\Debug\variant\variant.cpp.o
                0x00080754                USART1_Handler
 .text.USART3_Handler
                0x00080760        0xc C:\Users\TeamUiS\AppData\Local\Temp\VMBuilds\Rotation\arduino_due_x_dbg\Debug\variant\variant.cpp.o
                0x00080760                USART3_Handler
 .text.init     0x0008076c      0x128 C:\Users\TeamUiS\AppData\Local\Temp\VMBuilds\Rotation\arduino_due_x_dbg\Debug\variant\variant.cpp.o
                0x0008076c                init
 .text.startup._GLOBAL__sub_I_g_APinDescription
                0x00080894       0xd4 C:\Users\TeamUiS\AppData\Local\Temp\VMBuilds\Rotation\arduino_due_x_dbg\Debug\variant\variant.cpp.o
 .text._Z14serialEventRunv
                0x00080968       0x44 C:\Users\TeamUiS\AppData\Local\Temp\VMBuilds\Rotation\arduino_due_x_dbg\Debug\variant\variant.cpp.o
                0x00080968                serialEventRun()
 .text.PIO_PullUp
                0x000809ac        0xa C:\Users\TeamUiS\AppData\Local\arduino15\packages\arduino\hardware\sam\1.6.11\variants\arduino_due_x/libsam_sam3x8e_gcc_rel.a(pio.o)
                0x000809ac                PIO_PullUp
 .text.PIO_SetPeripheral
                0x000809b6       0x26 C:\Users\TeamUiS\AppData\Local\arduino15\packages\arduino\hardware\sam\1.6.11\variants\arduino_due_x/libsam_sam3x8e_gcc_rel.a(pio.o)
                0x000809b6                PIO_SetPeripheral
 .text.PIO_SetInput
                0x000809dc       0x26 C:\Users\TeamUiS\AppData\Local\arduino15\packages\arduino\hardware\sam\1.6.11\variants\arduino_due_x/libsam_sam3x8e_gcc_rel.a(pio.o)
                0x000809dc                PIO_SetInput
 .text.PIO_SetOutput
                0x00080a02       0x24 C:\Users\TeamUiS\AppData\Local\arduino15\packages\arduino\hardware\sam\1.6.11\variants\arduino_due_x/libsam_sam3x8e_gcc_rel.a(pio.o)
                0x00080a02                PIO_SetOutput
 *fill*         0x00080a26        0x2 
 .text.PIO_Configure
                0x00080a28       0x64 C:\Users\TeamUiS\AppData\Local\arduino15\packages\arduino\hardware\sam\1.6.11\variants\arduino_due_x/libsam_sam3x8e_gcc_rel.a(pio.o)
                0x00080a28                PIO_Configure
 .text.PIO_GetOutputDataStatus
                0x00080a8c       0x14 C:\Users\TeamUiS\AppData\Local\arduino15\packages\arduino\hardware\sam\1.6.11\variants\arduino_due_x/libsam_sam3x8e_gcc_rel.a(pio.o)
                0x00080a8c                PIO_GetOutputDataStatus
 .text.pmc_enable_upll_clock
                0x00080aa0       0x14 C:\Users\TeamUiS\AppData\Local\arduino15\packages\arduino\hardware\sam\1.6.11\variants\arduino_due_x/libsam_sam3x8e_gcc_rel.a(pmc.o)
                0x00080aa0                pmc_enable_upll_clock
 .text.pmc_enable_periph_clk
                0x00080ab4       0x44 C:\Users\TeamUiS\AppData\Local\arduino15\packages\arduino\hardware\sam\1.6.11\variants\arduino_due_x/libsam_sam3x8e_gcc_rel.a(pmc.o)
                0x00080ab4                pmc_enable_periph_clk
 .text.pmc_disable_periph_clk
                0x00080af8       0x40 C:\Users\TeamUiS\AppData\Local\arduino15\packages\arduino\hardware\sam\1.6.11\variants\arduino_due_x/libsam_sam3x8e_gcc_rel.a(pmc.o)
                0x00080af8                pmc_disable_periph_clk
 .text.pmc_switch_udpck_to_upllck
                0x00080b38       0x14 C:\Users\TeamUiS\AppData\Local\arduino15\packages\arduino\hardware\sam\1.6.11\variants\arduino_due_x/libsam_sam3x8e_gcc_rel.a(pmc.o)
                0x00080b38                pmc_switch_udpck_to_upllck
 .text.pmc_enable_udpck
                0x00080b4c        0xc C:\Users\TeamUiS\AppData\Local\arduino15\packages\arduino\hardware\sam\1.6.11\variants\arduino_due_x/libsam_sam3x8e_gcc_rel.a(pmc.o)
                0x00080b4c                pmc_enable_udpck
 .text.SystemInit
                0x00080b58       0x88 C:\Users\TeamUiS\AppData\Local\arduino15\packages\arduino\hardware\sam\1.6.11\variants\arduino_due_x/libsam_sam3x8e_gcc_rel.a(system_sam3xa.o)
                0x00080b58                SystemInit
 .text.Reset_Handler
                0x00080be0       0x78 C:\Users\TeamUiS\AppData\Local\arduino15\packages\arduino\hardware\sam\1.6.11\variants\arduino_due_x/libsam_sam3x8e_gcc_rel.a(startup_sam3xa.o)
                0x00080be0                Reset_Handler
 .text.adc_init
                0x00080c58       0x98 C:\Users\TeamUiS\AppData\Local\arduino15\packages\arduino\hardware\sam\1.6.11\variants\arduino_due_x/libsam_sam3x8e_gcc_rel.a(adc.o)
                0x00080c58                adc_init
 .text.adc_configure_trigger
                0x00080cf0        0xe C:\Users\TeamUiS\AppData\Local\arduino15\packages\arduino\hardware\sam\1.6.11\variants\arduino_due_x/libsam_sam3x8e_gcc_rel.a(adc.o)
                0x00080cf0                adc_configure_trigger
 .text.adc_configure_timing
                0x00080cfe       0x1a C:\Users\TeamUiS\AppData\Local\arduino15\packages\arduino\hardware\sam\1.6.11\variants\arduino_due_x/libsam_sam3x8e_gcc_rel.a(adc.o)
                0x00080cfe                adc_configure_timing
 .text.adc_start
                0x00080d18        0x6 C:\Users\TeamUiS\AppData\Local\arduino15\packages\arduino\hardware\sam\1.6.11\variants\arduino_due_x/libsam_sam3x8e_gcc_rel.a(adc.o)
                0x00080d18                adc_start
 .text.adc_enable_channel
                0x00080d1e        0xa C:\Users\TeamUiS\AppData\Local\arduino15\packages\arduino\hardware\sam\1.6.11\variants\arduino_due_x/libsam_sam3x8e_gcc_rel.a(adc.o)
                0x00080d1e                adc_enable_channel
 .text.adc_disable_channel
                0x00080d28        0xa C:\Users\TeamUiS\AppData\Local\arduino15\packages\arduino\hardware\sam\1.6.11\variants\arduino_due_x/libsam_sam3x8e_gcc_rel.a(adc.o)
                0x00080d28                adc_disable_channel
 .text.adc_disable_all_channel
                0x00080d32        0x8 C:\Users\TeamUiS\AppData\Local\arduino15\packages\arduino\hardware\sam\1.6.11\variants\arduino_due_x/libsam_sam3x8e_gcc_rel.a(adc.o)
                0x00080d32                adc_disable_all_channel
 .text.adc_get_channel_status
                0x00080d3a        0xa C:\Users\TeamUiS\AppData\Local\arduino15\packages\arduino\hardware\sam\1.6.11\variants\arduino_due_x/libsam_sam3x8e_gcc_rel.a(adc.o)
                0x00080d3a                adc_get_channel_status
 .text.adc_get_latest_value
                0x00080d44        0x4 C:\Users\TeamUiS\AppData\Local\arduino15\packages\arduino\hardware\sam\1.6.11\variants\arduino_due_x/libsam_sam3x8e_gcc_rel.a(adc.o)
                0x00080d44                adc_get_latest_value
 .text.adc_disable_interrupt
                0x00080d48        0x4 C:\Users\TeamUiS\AppData\Local\arduino15\packages\arduino\hardware\sam\1.6.11\variants\arduino_due_x/libsam_sam3x8e_gcc_rel.a(adc.o)
                0x00080d48                adc_disable_interrupt
 .text.adc_get_status
                0x00080d4c        0x4 C:\Users\TeamUiS\AppData\Local\arduino15\packages\arduino\hardware\sam\1.6.11\variants\arduino_due_x/libsam_sam3x8e_gcc_rel.a(adc.o)
                0x00080d4c                adc_get_status
 .text.UOTGHS_Handler
                0x00080d50       0x10 C:\Users\TeamUiS\AppData\Local\arduino15\packages\arduino\hardware\sam\1.6.11\variants\arduino_due_x/libsam_sam3x8e_gcc_rel.a(uotghs.o)
                0x00080d50                UOTGHS_Handler
 .text.__halt   0x00080d60        0x2 C:\Users\TeamUiS\AppData\Local\Temp\VMBuilds\Rotation\arduino_due_x_dbg\Debug/core.a(cortex_handlers.c.o)
                0x00080d60                DACC_Handler
                0x00080d60                DebugMon_Handler
                0x00080d60                DMAC_Handler
                0x00080d60                TRNG_Handler
                0x00080d60                HardFault_Handler
                0x00080d60                TC2_Handler
                0x00080d60                TWI1_Handler
                0x00080d60                NMI_Handler
                0x00080d60                TC7_Handler
                0x00080d60                ADC_Handler
                0x00080d60                SMC_Handler
                0x00080d60                RTT_Handler
                0x00080d60                EFC1_Handler
                0x00080d60                PIOB_Handler
                0x00080d60                RTC_Handler
                0x00080d60                UsageFault_Handler
                0x00080d60                TC6_Handler
                0x00080d60                WDT_Handler
                0x00080d60                CAN0_Handler
                0x00080d60                TC4_Handler
                0x00080d60                TC1_Handler
                0x00080d60                HSMCI_Handler
                0x00080d60                TC3_Handler
                0x00080d60                TWI0_Handler
                0x00080d60                PIOA_Handler
                0x00080d60                SSC_Handler
                0x00080d60                EFC0_Handler
                0x00080d60                PMC_Handler
                0x00080d60                PWM_Handler
                0x00080d60                CAN1_Handler
                0x00080d60                MemManage_Handler
                0x00080d60                SUPC_Handler
                0x00080d60                TC8_Handler
                0x00080d60                USART2_Handler
                0x00080d60                PIOD_Handler
                0x00080d60                EMAC_Handler
                0x00080d60                PIOC_Handler
                0x00080d60                BusFault_Handler
                0x00080d60                RSTC_Handler
                0x00080d60                TC0_Handler
                0x00080d60                TC5_Handler
                0x00080d60                SPI0_Handler
 .text.SVC_Handler
                0x00080d62        0x4 C:\Users\TeamUiS\AppData\Local\Temp\VMBuilds\Rotation\arduino_due_x_dbg\Debug/core.a(cortex_handlers.c.o)
                0x00080d62                SVC_Handler
 .text.PendSV_Handler
                0x00080d66        0x4 C:\Users\TeamUiS\AppData\Local\Temp\VMBuilds\Rotation\arduino_due_x_dbg\Debug/core.a(cortex_handlers.c.o)
                0x00080d66                PendSV_Handler
 .text.SysTick_Handler
                0x00080d6a       0x16 C:\Users\TeamUiS\AppData\Local\Temp\VMBuilds\Rotation\arduino_due_x_dbg\Debug/core.a(cortex_handlers.c.o)
                0x00080d6a                SysTick_Handler
 .text.__empty  0x00080d80        0x2 C:\Users\TeamUiS\AppData\Local\Temp\VMBuilds\Rotation\arduino_due_x_dbg\Debug/core.a(hooks.c.o)
                0x00080d80                yield
 .text.__false  0x00080d82        0x4 C:\Users\TeamUiS\AppData\Local\Temp\VMBuilds\Rotation\arduino_due_x_dbg\Debug/core.a(hooks.c.o)
                0x00080d82                sysTickHook
 .text.__halt   0x00080d86        0x2 C:\Users\TeamUiS\AppData\Local\Temp\VMBuilds\Rotation\arduino_due_x_dbg\Debug/core.a(hooks.c.o)
                0x00080d86                svcHook
                0x00080d86                pendSVHook
 .text._sbrk    0x00080d88       0x1c C:\Users\TeamUiS\AppData\Local\Temp\VMBuilds\Rotation\arduino_due_x_dbg\Debug/core.a(syscalls_sam3.c.o)
                0x00080d88                _sbrk
 .text.link     0x00080da4        0x6 C:\Users\TeamUiS\AppData\Local\Temp\VMBuilds\Rotation\arduino_due_x_dbg\Debug/core.a(syscalls_sam3.c.o)
                0x00080da4                link
 .text._close   0x00080daa        0x6 C:\Users\TeamUiS\AppData\Local\Temp\VMBuilds\Rotation\arduino_due_x_dbg\Debug/core.a(syscalls_sam3.c.o)
                0x00080daa                _close
 .text._fstat   0x00080db0        0xa C:\Users\TeamUiS\AppData\Local\Temp\VMBuilds\Rotation\arduino_due_x_dbg\Debug/core.a(syscalls_sam3.c.o)
                0x00080db0                _fstat
 .text._isatty  0x00080dba        0x4 C:\Users\TeamUiS\AppData\Local\Temp\VMBuilds\Rotation\arduino_due_x_dbg\Debug/core.a(syscalls_sam3.c.o)
                0x00080dba                _isatty
 .text._lseek   0x00080dbe        0x4 C:\Users\TeamUiS\AppData\Local\Temp\VMBuilds\Rotation\arduino_due_x_dbg\Debug/core.a(syscalls_sam3.c.o)
                0x00080dbe                _lseek
 .text._read    0x00080dc2        0x4 C:\Users\TeamUiS\AppData\Local\Temp\VMBuilds\Rotation\arduino_due_x_dbg\Debug/core.a(syscalls_sam3.c.o)
                0x00080dc2                _read
 *fill*         0x00080dc6        0x2 
 .text._write   0x00080dc8       0x24 C:\Users\TeamUiS\AppData\Local\Temp\VMBuilds\Rotation\arduino_due_x_dbg\Debug/core.a(syscalls_sam3.c.o)
                0x00080dc8                _write
 .text._exit    0x00080dec       0x10 C:\Users\TeamUiS\AppData\Local\Temp\VMBuilds\Rotation\arduino_due_x_dbg\Debug/core.a(syscalls_sam3.c.o)
                0x00080dec                _exit
 .text._kill    0x00080dfc        0x2 C:\Users\TeamUiS\AppData\Local\Temp\VMBuilds\Rotation\arduino_due_x_dbg\Debug/core.a(syscalls_sam3.c.o)
                0x00080dfc                _kill
 .text._getpid  0x00080dfe        0x6 C:\Users\TeamUiS\AppData\Local\Temp\VMBuilds\Rotation\arduino_due_x_dbg\Debug/core.a(syscalls_sam3.c.o)
                0x00080dfe                _getpid
 .text.millis   0x00080e04        0x4 C:\Users\TeamUiS\AppData\Local\Temp\VMBuilds\Rotation\arduino_due_x_dbg\Debug/core.a(wiring.c.o)
                0x00080e04                millis
 .text.micros   0x00080e08       0x74 C:\Users\TeamUiS\AppData\Local\Temp\VMBuilds\Rotation\arduino_due_x_dbg\Debug/core.a(wiring.c.o)
                0x00080e08                micros
 .text.delay    0x00080e7c       0x1c C:\Users\TeamUiS\AppData\Local\Temp\VMBuilds\Rotation\arduino_due_x_dbg\Debug/core.a(wiring.c.o)
                0x00080e7c                delay
 .text.mapResolution
                0x00080e98       0x12 C:\Users\TeamUiS\AppData\Local\Temp\VMBuilds\Rotation\arduino_due_x_dbg\Debug/core.a(wiring_analog.c.o)
 *fill*         0x00080eaa        0x2 
 .text.analogReadResolution
                0x00080eac        0xc C:\Users\TeamUiS\AppData\Local\Temp\VMBuilds\Rotation\arduino_due_x_dbg\Debug/core.a(wiring_analog.c.o)
                0x00080eac                analogReadResolution
 .text.analogWriteResolution
                0x00080eb8        0xc C:\Users\TeamUiS\AppData\Local\Temp\VMBuilds\Rotation\arduino_due_x_dbg\Debug/core.a(wiring_analog.c.o)
                0x00080eb8                analogWriteResolution
 .text.analogRead
                0x00080ec4       0x9c C:\Users\TeamUiS\AppData\Local\Temp\VMBuilds\Rotation\arduino_due_x_dbg\Debug/core.a(wiring_analog.c.o)
                0x00080ec4                analogRead
 .text.analogOutputInit
                0x00080f60        0x2 C:\Users\TeamUiS\AppData\Local\Temp\VMBuilds\Rotation\arduino_due_x_dbg\Debug/core.a(wiring_analog.c.o)
                0x00080f60                analogOutputInit
 *fill*         0x00080f62        0x2 
 .text.analogWrite
                0x00080f64      0x2c0 C:\Users\TeamUiS\AppData\Local\Temp\VMBuilds\Rotation\arduino_due_x_dbg\Debug/core.a(wiring_analog.c.o)
                0x00080f64                analogWrite
 .text.pinMode  0x00081224      0x108 C:\Users\TeamUiS\AppData\Local\Temp\VMBuilds\Rotation\arduino_due_x_dbg\Debug/core.a(wiring_digital.c.o)
                0x00081224                pinMode
 .text.digitalWrite
                0x0008132c       0x70 C:\Users\TeamUiS\AppData\Local\Temp\VMBuilds\Rotation\arduino_due_x_dbg\Debug/core.a(wiring_digital.c.o)
                0x0008132c                digitalWrite
 .text.initVariant
                0x0008139c        0x2 C:\Users\TeamUiS\AppData\Local\Temp\VMBuilds\Rotation\arduino_due_x_dbg\Debug/core.a(main.cpp.o)
                0x0008139c                initVariant
 *fill*         0x0008139e        0x2 
 .text.startup.main
                0x000813a0       0x38 C:\Users\TeamUiS\AppData\Local\Temp\VMBuilds\Rotation\arduino_due_x_dbg\Debug/core.a(main.cpp.o)
                0x000813a0                main
 .text._ZN5Print5writeEPKhj
                0x000813d8       0x22 C:\Users\TeamUiS\AppData\Local\Temp\VMBuilds\Rotation\arduino_due_x_dbg\Debug/core.a(Print.cpp.o)
                0x000813d8                Print::write(unsigned char const*, unsigned int)
 .text._ZN5Print5printEmi.part.3
                0x000813fa        0xc C:\Users\TeamUiS\AppData\Local\Temp\VMBuilds\Rotation\arduino_due_x_dbg\Debug/core.a(Print.cpp.o)
 .text._ZN5Print5printEPKc
                0x00081406        0x8 C:\Users\TeamUiS\AppData\Local\Temp\VMBuilds\Rotation\arduino_due_x_dbg\Debug/core.a(Print.cpp.o)
                0x00081406                Print::print(char const*)
 .text._ZN5Print5printEc
                0x0008140e        0xa C:\Users\TeamUiS\AppData\Local\Temp\VMBuilds\Rotation\arduino_due_x_dbg\Debug/core.a(Print.cpp.o)
                0x0008140e                Print::print(char)
 .text._ZN5Print7printlnEv
                0x00081418       0x10 C:\Users\TeamUiS\AppData\Local\Temp\VMBuilds\Rotation\arduino_due_x_dbg\Debug/core.a(Print.cpp.o)
                0x00081418                Print::println()
 .text._ZN5Print7printlnEPKc
                0x00081428       0x14 C:\Users\TeamUiS\AppData\Local\Temp\VMBuilds\Rotation\arduino_due_x_dbg\Debug/core.a(Print.cpp.o)
                0x00081428                Print::println(char const*)
 .text._ZN5Print11printNumberEmh
                0x0008143c       0x3e C:\Users\TeamUiS\AppData\Local\Temp\VMBuilds\Rotation\arduino_due_x_dbg\Debug/core.a(Print.cpp.o)
                0x0008143c                Print::printNumber(unsigned long, unsigned char)
 .text._ZN5Print5printEli
                0x0008147a       0x3c C:\Users\TeamUiS\AppData\Local\Temp\VMBuilds\Rotation\arduino_due_x_dbg\Debug/core.a(Print.cpp.o)
                0x0008147a                Print::print(long, int)
 .text._ZN5Print5printEii
                0x000814b6        0x4 C:\Users\TeamUiS\AppData\Local\Temp\VMBuilds\Rotation\arduino_due_x_dbg\Debug/core.a(Print.cpp.o)
                0x000814b6                Print::print(int, int)
 .text._ZN5Print7printlnEii
                0x000814ba       0x14 C:\Users\TeamUiS\AppData\Local\Temp\VMBuilds\Rotation\arduino_due_x_dbg\Debug/core.a(Print.cpp.o)
                0x000814ba                Print::println(int, int)
 .text._ZN5Print5printEmi
                0x000814ce        0xc C:\Users\TeamUiS\AppData\Local\Temp\VMBuilds\Rotation\arduino_due_x_dbg\Debug/core.a(Print.cpp.o)
                0x000814ce                Print::print(unsigned long, int)
 .text._ZN5Print5printEhi
                0x000814da        0x4 C:\Users\TeamUiS\AppData\Local\Temp\VMBuilds\Rotation\arduino_due_x_dbg\Debug/core.a(Print.cpp.o)
                0x000814da                Print::print(unsigned char, int)
 *fill*         0x000814de        0x2 
 .text._ZN5Print10printFloatEdh
                0x000814e0      0x148 C:\Users\TeamUiS\AppData\Local\Temp\VMBuilds\Rotation\arduino_due_x_dbg\Debug/core.a(Print.cpp.o)
                0x000814e0                Print::printFloat(double, unsigned char)
 .text._ZN5Print5printEdi
                0x00081628        0xa C:\Users\TeamUiS\AppData\Local\Temp\VMBuilds\Rotation\arduino_due_x_dbg\Debug/core.a(Print.cpp.o)
                0x00081628                Print::print(double, int)
 *fill*         0x00081632        0x2 
 .text.initiateReset
                0x00081634        0xc C:\Users\TeamUiS\AppData\Local\Temp\VMBuilds\Rotation\arduino_due_x_dbg\Debug/core.a(Reset.cpp.o)
                0x00081634                initiateReset
 .text.cancelReset
                0x00081640       0x10 C:\Users\TeamUiS\AppData\Local\Temp\VMBuilds\Rotation\arduino_due_x_dbg\Debug/core.a(Reset.cpp.o)
                0x00081640                cancelReset
 .text.tickReset
                0x00081650       0x20 C:\Users\TeamUiS\AppData\Local\Temp\VMBuilds\Rotation\arduino_due_x_dbg\Debug/core.a(Reset.cpp.o)
                0x00081650                tickReset
 .text._ZN10RingBufferC2Ev
                0x00081670       0x1a C:\Users\TeamUiS\AppData\Local\Temp\VMBuilds\Rotation\arduino_due_x_dbg\Debug/core.a(RingBuffer.cpp.o)
                0x00081670                RingBuffer::RingBuffer()
                0x00081670                RingBuffer::RingBuffer()
 .text._ZN10RingBuffer10store_charEh
                0x0008168a       0x1e C:\Users\TeamUiS\AppData\Local\Temp\VMBuilds\Rotation\arduino_due_x_dbg\Debug/core.a(RingBuffer.cpp.o)
                0x0008168a                RingBuffer::store_char(unsigned char)
 .text._ZN6Stream9timedPeekEv
                0x000816a8       0x2a C:\Users\TeamUiS\AppData\Local\Temp\VMBuilds\Rotation\arduino_due_x_dbg\Debug/core.a(Stream.cpp.o)
                0x000816a8                Stream::timedPeek()
 *fill*         0x000816d2        0x2 
 .text._ZN6Stream13peekNextDigitE13LookaheadModeb
                0x000816d4       0x54 C:\Users\TeamUiS\AppData\Local\Temp\VMBuilds\Rotation\arduino_due_x_dbg\Debug/core.a(Stream.cpp.o)
                0x000816d4                Stream::peekNextDigit(LookaheadMode, bool)
 .text._ZN6Stream10parseFloatE13LookaheadModec
                0x00081728       0xb0 C:\Users\TeamUiS\AppData\Local\Temp\VMBuilds\Rotation\arduino_due_x_dbg\Debug/core.a(Stream.cpp.o)
                0x00081728                Stream::parseFloat(LookaheadMode, char)
 .text._ZN9UARTClasscvbEv
                0x000817d8        0x4 C:\Users\TeamUiS\AppData\Local\Temp\VMBuilds\Rotation\arduino_due_x_dbg\Debug/core.a(UARTClass.cpp.o)
                0x000817d8                UARTClass::operator bool()
 .text._ZN9UARTClass9availableEv
                0x000817dc       0x12 C:\Users\TeamUiS\AppData\Local\Temp\VMBuilds\Rotation\arduino_due_x_dbg\Debug/core.a(UARTClass.cpp.o)
                0x000817dc                UARTClass::available()
 .text._ZN9UARTClass4peekEv
                0x000817ee       0x1c C:\Users\TeamUiS\AppData\Local\Temp\VMBuilds\Rotation\arduino_due_x_dbg\Debug/core.a(UARTClass.cpp.o)
                0x000817ee                UARTClass::peek()
 .text._ZN9UARTClass4readEv
                0x0008180a       0x2a C:\Users\TeamUiS\AppData\Local\Temp\VMBuilds\Rotation\arduino_due_x_dbg\Debug/core.a(UARTClass.cpp.o)
                0x0008180a                UARTClass::read()
 .text._ZN9UARTClass5flushEv
                0x00081834       0x18 C:\Users\TeamUiS\AppData\Local\Temp\VMBuilds\Rotation\arduino_due_x_dbg\Debug/core.a(UARTClass.cpp.o)
                0x00081834                UARTClass::flush()
 .text._ZN9UARTClass5writeEh
                0x0008184c       0x54 C:\Users\TeamUiS\AppData\Local\Temp\VMBuilds\Rotation\arduino_due_x_dbg\Debug/core.a(UARTClass.cpp.o)
                0x0008184c                UARTClass::write(unsigned char)
 .text._ZN9UARTClass3endEv
                0x000818a0       0x3c C:\Users\TeamUiS\AppData\Local\Temp\VMBuilds\Rotation\arduino_due_x_dbg\Debug/core.a(UARTClass.cpp.o)
                0x000818a0                UARTClass::end()
 .text._ZN9UARTClassC2EP4Uart4IRQnmP10RingBufferS4_
                0x000818dc       0x24 C:\Users\TeamUiS\AppData\Local\Temp\VMBuilds\Rotation\arduino_due_x_dbg\Debug/core.a(UARTClass.cpp.o)
                0x000818dc                UARTClass::UARTClass(Uart*, IRQn, unsigned long, RingBuffer*, RingBuffer*)
                0x000818dc                UARTClass::UARTClass(Uart*, IRQn, unsigned long, RingBuffer*, RingBuffer*)
 .text._ZN9UARTClass4initEmm
                0x00081900       0x70 C:\Users\TeamUiS\AppData\Local\Temp\VMBuilds\Rotation\arduino_due_x_dbg\Debug/core.a(UARTClass.cpp.o)
                0x00081900                UARTClass::init(unsigned long, unsigned long)
 .text._ZN9UARTClass5beginEm
                0x00081970        0x8 C:\Users\TeamUiS\AppData\Local\Temp\VMBuilds\Rotation\arduino_due_x_dbg\Debug/core.a(UARTClass.cpp.o)
                0x00081970                UARTClass::begin(unsigned long)
 .text._ZN9UARTClass10IrqHandlerEv
                0x00081978       0x5a C:\Users\TeamUiS\AppData\Local\Temp\VMBuilds\Rotation\arduino_due_x_dbg\Debug/core.a(UARTClass.cpp.o)
                0x00081978                UARTClass::IrqHandler()
 .text._ZN10USARTClass5beginEm
                0x000819d2        0x8 C:\Users\TeamUiS\AppData\Local\Temp\VMBuilds\Rotation\arduino_due_x_dbg\Debug/core.a(USARTClass.cpp.o)
                0x000819d2                USARTClass::begin(unsigned long)
 *fill*         0x000819da        0x2 
 .text._ZN10USARTClassC2EP5Usart4IRQnmP10RingBufferS4_
                0x000819dc       0x24 C:\Users\TeamUiS\AppData\Local\Temp\VMBuilds\Rotation\arduino_due_x_dbg\Debug/core.a(USARTClass.cpp.o)
                0x000819dc                USARTClass::USARTClass(Usart*, IRQn, unsigned long, RingBuffer*, RingBuffer*)
                0x000819dc                USARTClass::USARTClass(Usart*, IRQn, unsigned long, RingBuffer*, RingBuffer*)
 .text._watchdogDefaultSetup
                0x00081a00        0xc C:\Users\TeamUiS\AppData\Local\Temp\VMBuilds\Rotation\arduino_due_x_dbg\Debug/core.a(watchdog.cpp.o)
                0x00081a00                _watchdogDefaultSetup
                0x00081a00                watchdogSetup()
 .text.unlikely._ZL11USB_SendZlpv
                0x00081a0c       0x20 C:\Users\TeamUiS\AppData\Local\Temp\VMBuilds\Rotation\arduino_due_x_dbg\Debug/core.a(USBCore.cpp.o)
 .text._Z14USBD_Availablem
                0x00081a2c       0x2c C:\Users\TeamUiS\AppData\Local\Temp\VMBuilds\Rotation\arduino_due_x_dbg\Debug/core.a(USBCore.cpp.o)
                0x00081a2c                USBD_Available(unsigned long)
 .text._Z9USBD_RecvmPvm
                0x00081a58       0x7c C:\Users\TeamUiS\AppData\Local\Temp\VMBuilds\Rotation\arduino_due_x_dbg\Debug/core.a(USBCore.cpp.o)
                0x00081a58                USBD_Recv(unsigned long, void*, unsigned long)
 .text._Z9USBD_Recvm
                0x00081ad4       0x22 C:\Users\TeamUiS\AppData\Local\Temp\VMBuilds\Rotation\arduino_due_x_dbg\Debug/core.a(USBCore.cpp.o)
                0x00081ad4                USBD_Recv(unsigned long)
 *fill*         0x00081af6        0x2 
 .text._Z9USBD_SendmPKvm
                0x00081af8       0x4c C:\Users\TeamUiS\AppData\Local\Temp\VMBuilds\Rotation\arduino_due_x_dbg\Debug/core.a(USBCore.cpp.o)
                0x00081af8                USBD_Send(unsigned long, void const*, unsigned long)
 .text._Z16USBD_SendControlhPKvm
                0x00081b44       0x40 C:\Users\TeamUiS\AppData\Local\Temp\VMBuilds\Rotation\arduino_due_x_dbg\Debug/core.a(USBCore.cpp.o)
                0x00081b44                USBD_SendControl(unsigned char, void const*, unsigned long)
 .text.unlikely._ZL24USB_SendStringDescriptorPKhi
                0x00081b84       0x64 C:\Users\TeamUiS\AppData\Local\Temp\VMBuilds\Rotation\arduino_due_x_dbg\Debug/core.a(USBCore.cpp.o)
 .text._Z16USBD_RecvControlPvm
                0x00081be8       0x1c C:\Users\TeamUiS\AppData\Local\Temp\VMBuilds\Rotation\arduino_due_x_dbg\Debug/core.a(USBCore.cpp.o)
                0x00081be8                USBD_RecvControl(void*, unsigned long)
 .text._Z26USBD_ClassInterfaceRequestR8USBSetup
                0x00081c04       0x1e C:\Users\TeamUiS\AppData\Local\Temp\VMBuilds\Rotation\arduino_due_x_dbg\Debug/core.a(USBCore.cpp.o)
                0x00081c04                USBD_ClassInterfaceRequest(USBSetup&)
 .text._Z19USBD_SendInterfacesv
                0x00081c22       0x22 C:\Users\TeamUiS\AppData\Local\Temp\VMBuilds\Rotation\arduino_due_x_dbg\Debug/core.a(USBCore.cpp.o)
                0x00081c22                USBD_SendInterfaces()
 .text._Z24USBD_SendOtherInterfacesv
                0x00081c44       0x22 C:\Users\TeamUiS\AppData\Local\Temp\VMBuilds\Rotation\arduino_due_x_dbg\Debug/core.a(USBCore.cpp.o)
                0x00081c44                USBD_SendOtherInterfaces()
 .text._Z10USBD_Flushm
                0x00081c66       0x16 C:\Users\TeamUiS\AppData\Local\Temp\VMBuilds\Rotation\arduino_due_x_dbg\Debug/core.a(USBCore.cpp.o)
                0x00081c66                USBD_Flush(unsigned long)
 .text._ZN10USBDevice_C2Ev
                0x00081c7c       0x24 C:\Users\TeamUiS\AppData\Local\Temp\VMBuilds\Rotation\arduino_due_x_dbg\Debug/core.a(USBCore.cpp.o)
                0x00081c7c                USBDevice_::USBDevice_()
                0x00081c7c                USBDevice_::USBDevice_()
 .text._ZN10USBDevice_6attachEv
                0x00081ca0       0x20 C:\Users\TeamUiS\AppData\Local\Temp\VMBuilds\Rotation\arduino_due_x_dbg\Debug/core.a(USBCore.cpp.o)
                0x00081ca0                USBDevice_::attach()
 .text.startup._GLOBAL__sub_I_EndPoints
                0x00081cc0        0xc C:\Users\TeamUiS\AppData\Local\Temp\VMBuilds\Rotation\arduino_due_x_dbg\Debug/core.a(USBCore.cpp.o)
 .text._ZL7USB_ISRv
                0x00081ccc      0x454 C:\Users\TeamUiS\AppData\Local\Temp\VMBuilds\Rotation\arduino_due_x_dbg\Debug/core.a(USBCore.cpp.o)
 .text._ZN7Serial_9availableEv
                0x00082120       0x18 C:\Users\TeamUiS\AppData\Local\Temp\VMBuilds\Rotation\arduino_due_x_dbg\Debug/core.a(CDC.cpp.o)
                0x00082120                Serial_::available()
 .text._ZN7Serial_17availableForWriteEv
                0x00082138        0x6 C:\Users\TeamUiS\AppData\Local\Temp\VMBuilds\Rotation\arduino_due_x_dbg\Debug/core.a(CDC.cpp.o)
                0x00082138                Serial_::availableForWrite()
 *fill*         0x0008213e        0x2 
 .text._ZN7Serial_4peekEv
                0x00082140       0x20 C:\Users\TeamUiS\AppData\Local\Temp\VMBuilds\Rotation\arduino_due_x_dbg\Debug/core.a(CDC.cpp.o)
                0x00082140                Serial_::peek()
 .text._ZN7Serial_5writeEh
                0x00082160       0x16 C:\Users\TeamUiS\AppData\Local\Temp\VMBuilds\Rotation\arduino_due_x_dbg\Debug/core.a(CDC.cpp.o)
                0x00082160                Serial_::write(unsigned char)
 *fill*         0x00082176        0x2 
 .text._ZN7Serial_4readEv
                0x00082178       0x44 C:\Users\TeamUiS\AppData\Local\Temp\VMBuilds\Rotation\arduino_due_x_dbg\Debug/core.a(CDC.cpp.o)
                0x00082178                Serial_::read()
 .text._ZN7Serial_5flushEv
                0x000821bc        0x6 C:\Users\TeamUiS\AppData\Local\Temp\VMBuilds\Rotation\arduino_due_x_dbg\Debug/core.a(CDC.cpp.o)
                0x000821bc                Serial_::flush()
 *fill*         0x000821c2        0x2 
 .text._ZN7Serial_6acceptEv
                0x000821c4       0x70 C:\Users\TeamUiS\AppData\Local\Temp\VMBuilds\Rotation\arduino_due_x_dbg\Debug/core.a(CDC.cpp.o)
                0x000821c4                Serial_::accept()
 .text._ZN7Serial_5writeEPKhj
                0x00082234       0x2c C:\Users\TeamUiS\AppData\Local\Temp\VMBuilds\Rotation\arduino_due_x_dbg\Debug/core.a(CDC.cpp.o)
                0x00082234                Serial_::write(unsigned char const*, unsigned int)
 .text._Z16CDC_GetInterfacePh
                0x00082260       0x14 C:\Users\TeamUiS\AppData\Local\Temp\VMBuilds\Rotation\arduino_due_x_dbg\Debug/core.a(CDC.cpp.o)
                0x00082260                CDC_GetInterface(unsigned char*)
 .text._Z21CDC_GetOtherInterfacePh
                0x00082274       0x14 C:\Users\TeamUiS\AppData\Local\Temp\VMBuilds\Rotation\arduino_due_x_dbg\Debug/core.a(CDC.cpp.o)
                0x00082274                CDC_GetOtherInterface(unsigned char*)
 .text._Z9CDC_SetupR8USBSetup
                0x00082288       0x78 C:\Users\TeamUiS\AppData\Local\Temp\VMBuilds\Rotation\arduino_due_x_dbg\Debug/core.a(CDC.cpp.o)
                0x00082288                CDC_Setup(USBSetup&)
 .text.startup._GLOBAL__sub_I_cdc_rx_buffer
                0x00082300       0x1c C:\Users\TeamUiS\AppData\Local\Temp\VMBuilds\Rotation\arduino_due_x_dbg\Debug/core.a(CDC.cpp.o)
 .text._ZN13PluggableUSB_12getInterfaceEPh
                0x0008231c       0x28 C:\Users\TeamUiS\AppData\Local\Temp\VMBuilds\Rotation\arduino_due_x_dbg\Debug/core.a(PluggableUSB.cpp.o)
                0x0008231c                PluggableUSB_::getInterface(unsigned char*)
 .text._ZN13PluggableUSB_13getDescriptorER8USBSetup
                0x00082344       0x1c C:\Users\TeamUiS\AppData\Local\Temp\VMBuilds\Rotation\arduino_due_x_dbg\Debug/core.a(PluggableUSB.cpp.o)
                0x00082344                PluggableUSB_::getDescriptor(USBSetup&)
 .text._ZN13PluggableUSB_12getShortNameEPc
                0x00082360       0x1c C:\Users\TeamUiS\AppData\Local\Temp\VMBuilds\Rotation\arduino_due_x_dbg\Debug/core.a(PluggableUSB.cpp.o)
                0x00082360                PluggableUSB_::getShortName(char*)
 .text._ZN13PluggableUSB_5setupER8USBSetup
                0x0008237c       0x20 C:\Users\TeamUiS\AppData\Local\Temp\VMBuilds\Rotation\arduino_due_x_dbg\Debug/core.a(PluggableUSB.cpp.o)
                0x0008237c                PluggableUSB_::setup(USBSetup&)
 .text._Z12PluggableUSBv
                0x0008239c       0x28 C:\Users\TeamUiS\AppData\Local\Temp\VMBuilds\Rotation\arduino_due_x_dbg\Debug/core.a(PluggableUSB.cpp.o)
                0x0008239c                PluggableUSB()
 .text.FindClockConfiguration
                0x000823c4       0x7c C:\Users\TeamUiS\AppData\Local\arduino15\packages\arduino\hardware\sam\1.6.11\variants\arduino_due_x/libsam_sam3x8e_gcc_rel.a(pwmc.o)
 .text.PWMC_ConfigureChannel
                0x00082440       0x60 C:\Users\TeamUiS\AppData\Local\arduino15\packages\arduino\hardware\sam\1.6.11\variants\arduino_due_x/libsam_sam3x8e_gcc_rel.a(pwmc.o)
                0x00082440                PWMC_ConfigureChannel
 .text.PWMC_ConfigureClocks
                0x000824a0       0x54 C:\Users\TeamUiS\AppData\Local\arduino15\packages\arduino\hardware\sam\1.6.11\variants\arduino_due_x/libsam_sam3x8e_gcc_rel.a(pwmc.o)
                0x000824a0                PWMC_ConfigureClocks
 .text.PWMC_SetPeriod
                0x000824f4       0x1a C:\Users\TeamUiS\AppData\Local\arduino15\packages\arduino\hardware\sam\1.6.11\variants\arduino_due_x/libsam_sam3x8e_gcc_rel.a(pwmc.o)
                0x000824f4                PWMC_SetPeriod
 *fill*         0x0008250e        0x2 
 .text.PWMC_SetDutyCycle
                0x00082510       0x44 C:\Users\TeamUiS\AppData\Local\arduino15\packages\arduino\hardware\sam\1.6.11\variants\arduino_due_x/libsam_sam3x8e_gcc_rel.a(pwmc.o)
                0x00082510                PWMC_SetDutyCycle
 .text.PWMC_EnableChannel
                0x00082554        0xa C:\Users\TeamUiS\AppData\Local\arduino15\packages\arduino\hardware\sam\1.6.11\variants\arduino_due_x/libsam_sam3x8e_gcc_rel.a(pwmc.o)
                0x00082554                PWMC_EnableChannel
 *fill*         0x0008255e        0x2 
 .text.TC_Configure
                0x00082560       0x38 C:\Users\TeamUiS\AppData\Local\arduino15\packages\arduino\hardware\sam\1.6.11\variants\arduino_due_x/libsam_sam3x8e_gcc_rel.a(tc.o)
                0x00082560                TC_Configure
 .text.TC_Start
                0x00082598       0x2c C:\Users\TeamUiS\AppData\Local\arduino15\packages\arduino\hardware\sam\1.6.11\variants\arduino_due_x/libsam_sam3x8e_gcc_rel.a(tc.o)
                0x00082598                TC_Start
 .text.TC_SetRA
                0x000825c4        0x8 C:\Users\TeamUiS\AppData\Local\arduino15\packages\arduino\hardware\sam\1.6.11\variants\arduino_due_x/libsam_sam3x8e_gcc_rel.a(tc.o)
                0x000825c4                TC_SetRA
 .text.TC_SetRB
                0x000825cc        0x8 C:\Users\TeamUiS\AppData\Local\arduino15\packages\arduino\hardware\sam\1.6.11\variants\arduino_due_x/libsam_sam3x8e_gcc_rel.a(tc.o)
                0x000825cc                TC_SetRB
 .text.TC_SetRC
                0x000825d4        0x8 C:\Users\TeamUiS\AppData\Local\arduino15\packages\arduino\hardware\sam\1.6.11\variants\arduino_due_x/libsam_sam3x8e_gcc_rel.a(tc.o)
                0x000825d4                TC_SetRC
 .text.TimeTick_Increment
                0x000825dc       0x10 C:\Users\TeamUiS\AppData\Local\arduino15\packages\arduino\hardware\sam\1.6.11\variants\arduino_due_x/libsam_sam3x8e_gcc_rel.a(timetick.o)
                0x000825dc                TimeTick_Increment
 .text.GetTickCount
                0x000825ec        0xc C:\Users\TeamUiS\AppData\Local\arduino15\packages\arduino\hardware\sam\1.6.11\variants\arduino_due_x/libsam_sam3x8e_gcc_rel.a(timetick.o)
                0x000825ec                GetTickCount
 .text.WDT_Disable
                0x000825f8        0x8 C:\Users\TeamUiS\AppData\Local\arduino15\packages\arduino\hardware\sam\1.6.11\variants\arduino_due_x/libsam_sam3x8e_gcc_rel.a(wdt.o)
                0x000825f8                WDT_Disable
 .text.UDD_SetStack
                0x00082600        0xc C:\Users\TeamUiS\AppData\Local\arduino15\packages\arduino\hardware\sam\1.6.11\variants\arduino_due_x/libsam_sam3x8e_gcc_rel.a(uotghs_device.o)
                0x00082600                UDD_SetStack
 .text.UDD_Init
                0x0008260c       0xd0 C:\Users\TeamUiS\AppData\Local\arduino15\packages\arduino\hardware\sam\1.6.11\variants\arduino_due_x/libsam_sam3x8e_gcc_rel.a(uotghs_device.o)
                0x0008260c                UDD_Init
 .text.UDD_Attach
                0x000826dc       0x50 C:\Users\TeamUiS\AppData\Local\arduino15\packages\arduino\hardware\sam\1.6.11\variants\arduino_due_x/libsam_sam3x8e_gcc_rel.a(uotghs_device.o)
                0x000826dc                UDD_Attach
 .text.UDD_InitEP
                0x0008272c       0x2c C:\Users\TeamUiS\AppData\Local\arduino15\packages\arduino\hardware\sam\1.6.11\variants\arduino_due_x/libsam_sam3x8e_gcc_rel.a(uotghs_device.o)
                0x0008272c                UDD_InitEP
 .text.UDD_InitEndpoints
                0x00082758       0x3c C:\Users\TeamUiS\AppData\Local\arduino15\packages\arduino\hardware\sam\1.6.11\variants\arduino_due_x/libsam_sam3x8e_gcc_rel.a(uotghs_device.o)
                0x00082758                UDD_InitEndpoints
 .text.UDD_WaitIN
                0x00082794       0x10 C:\Users\TeamUiS\AppData\Local\arduino15\packages\arduino\hardware\sam\1.6.11\variants\arduino_due_x/libsam_sam3x8e_gcc_rel.a(uotghs_device.o)
                0x00082794                UDD_WaitIN
 .text.UDD_WaitOUT
                0x000827a4       0x10 C:\Users\TeamUiS\AppData\Local\arduino15\packages\arduino\hardware\sam\1.6.11\variants\arduino_due_x/libsam_sam3x8e_gcc_rel.a(uotghs_device.o)
                0x000827a4                UDD_WaitOUT
 .text.UDD_ClearIN
                0x000827b4       0x18 C:\Users\TeamUiS\AppData\Local\arduino15\packages\arduino\hardware\sam\1.6.11\variants\arduino_due_x/libsam_sam3x8e_gcc_rel.a(uotghs_device.o)
                0x000827b4                UDD_ClearIN
 .text.UDD_ClearOUT
                0x000827cc       0x18 C:\Users\TeamUiS\AppData\Local\arduino15\packages\arduino\hardware\sam\1.6.11\variants\arduino_due_x/libsam_sam3x8e_gcc_rel.a(uotghs_device.o)
                0x000827cc                UDD_ClearOUT
 .text.UDD_ReceivedSetupInt
                0x000827e4       0x10 C:\Users\TeamUiS\AppData\Local\arduino15\packages\arduino\hardware\sam\1.6.11\variants\arduino_due_x/libsam_sam3x8e_gcc_rel.a(uotghs_device.o)
                0x000827e4                UDD_ReceivedSetupInt
 .text.UDD_ClearSetupInt
                0x000827f4       0x10 C:\Users\TeamUiS\AppData\Local\arduino15\packages\arduino\hardware\sam\1.6.11\variants\arduino_due_x/libsam_sam3x8e_gcc_rel.a(uotghs_device.o)
                0x000827f4                UDD_ClearSetupInt
 .text.UDD_Send
                0x00082804       0x88 C:\Users\TeamUiS\AppData\Local\arduino15\packages\arduino\hardware\sam\1.6.11\variants\arduino_due_x/libsam_sam3x8e_gcc_rel.a(uotghs_device.o)
                0x00082804                UDD_Send
 .text.UDD_Send8
                0x0008288c       0x24 C:\Users\TeamUiS\AppData\Local\arduino15\packages\arduino\hardware\sam\1.6.11\variants\arduino_due_x/libsam_sam3x8e_gcc_rel.a(uotghs_device.o)
                0x0008288c                UDD_Send8
 .text.UDD_Recv8
                0x000828b0       0x28 C:\Users\TeamUiS\AppData\Local\arduino15\packages\arduino\hardware\sam\1.6.11\variants\arduino_due_x/libsam_sam3x8e_gcc_rel.a(uotghs_device.o)
                0x000828b0                UDD_Recv8
 .text.UDD_Recv
                0x000828d8       0x34 C:\Users\TeamUiS\AppData\Local\arduino15\packages\arduino\hardware\sam\1.6.11\variants\arduino_due_x/libsam_sam3x8e_gcc_rel.a(uotghs_device.o)
                0x000828d8                UDD_Recv
 .text.UDD_Stall
                0x0008290c       0x14 C:\Users\TeamUiS\AppData\Local\arduino15\packages\arduino\hardware\sam\1.6.11\variants\arduino_due_x/libsam_sam3x8e_gcc_rel.a(uotghs_device.o)
                0x0008290c                UDD_Stall
 .text.UDD_FifoByteCount
                0x00082920       0x14 C:\Users\TeamUiS\AppData\Local\arduino15\packages\arduino\hardware\sam\1.6.11\variants\arduino_due_x/libsam_sam3x8e_gcc_rel.a(uotghs_device.o)
                0x00082920                UDD_FifoByteCount
 .text.UDD_ReleaseRX
                0x00082934       0x28 C:\Users\TeamUiS\AppData\Local\arduino15\packages\arduino\hardware\sam\1.6.11\variants\arduino_due_x/libsam_sam3x8e_gcc_rel.a(uotghs_device.o)
                0x00082934                UDD_ReleaseRX
 .text.UDD_ReleaseTX
                0x0008295c       0x28 C:\Users\TeamUiS\AppData\Local\arduino15\packages\arduino\hardware\sam\1.6.11\variants\arduino_due_x/libsam_sam3x8e_gcc_rel.a(uotghs_device.o)
                0x0008295c                UDD_ReleaseTX
 .text.UDD_SetAddress
                0x00082984       0x20 C:\Users\TeamUiS\AppData\Local\arduino15\packages\arduino\hardware\sam\1.6.11\variants\arduino_due_x/libsam_sam3x8e_gcc_rel.a(uotghs_device.o)
                0x00082984                UDD_SetAddress
 .text.dacc_reset
                0x000829a4        0x6 C:\Users\TeamUiS\AppData\Local\arduino15\packages\arduino\hardware\sam\1.6.11\variants\arduino_due_x/libsam_sam3x8e_gcc_rel.a(dacc.o)
                0x000829a4                dacc_reset
 .text.dacc_set_transfer_mode
                0x000829aa       0x14 C:\Users\TeamUiS\AppData\Local\arduino15\packages\arduino\hardware\sam\1.6.11\variants\arduino_due_x/libsam_sam3x8e_gcc_rel.a(dacc.o)
                0x000829aa                dacc_set_transfer_mode
 .text.dacc_get_interrupt_status
                0x000829be        0x4 C:\Users\TeamUiS\AppData\Local\arduino15\packages\arduino\hardware\sam\1.6.11\variants\arduino_due_x/libsam_sam3x8e_gcc_rel.a(dacc.o)
                0x000829be                dacc_get_interrupt_status
 .text.dacc_write_conversion_data
                0x000829c2        0x4 C:\Users\TeamUiS\AppData\Local\arduino15\packages\arduino\hardware\sam\1.6.11\variants\arduino_due_x/libsam_sam3x8e_gcc_rel.a(dacc.o)
                0x000829c2                dacc_write_conversion_data
 .text.dacc_set_channel_selection
                0x000829c6       0x18 C:\Users\TeamUiS\AppData\Local\arduino15\packages\arduino\hardware\sam\1.6.11\variants\arduino_due_x/libsam_sam3x8e_gcc_rel.a(dacc.o)
                0x000829c6                dacc_set_channel_selection
 .text.dacc_set_power_save
                0x000829de       0x24 C:\Users\TeamUiS\AppData\Local\arduino15\packages\arduino\hardware\sam\1.6.11\variants\arduino_due_x/libsam_sam3x8e_gcc_rel.a(dacc.o)
                0x000829de                dacc_set_power_save
 .text.dacc_set_timing
                0x00082a02       0x2c C:\Users\TeamUiS\AppData\Local\arduino15\packages\arduino\hardware\sam\1.6.11\variants\arduino_due_x/libsam_sam3x8e_gcc_rel.a(dacc.o)
                0x00082a02                dacc_set_timing
 .text.dacc_enable_channel
                0x00082a2e       0x12 C:\Users\TeamUiS\AppData\Local\arduino15\packages\arduino\hardware\sam\1.6.11\variants\arduino_due_x/libsam_sam3x8e_gcc_rel.a(dacc.o)
                0x00082a2e                dacc_enable_channel
 .text.dacc_get_channel_status
                0x00082a40        0x4 C:\Users\TeamUiS\AppData\Local\arduino15\packages\arduino\hardware\sam\1.6.11\variants\arduino_due_x/libsam_sam3x8e_gcc_rel.a(dacc.o)
                0x00082a40                dacc_get_channel_status
 .text.dacc_set_analog_control
                0x00082a44        0x8 C:\Users\TeamUiS\AppData\Local\arduino15\packages\arduino\hardware\sam\1.6.11\variants\arduino_due_x/libsam_sam3x8e_gcc_rel.a(dacc.o)
                0x00082a44                dacc_set_analog_control
 .text.__fpclassifyd
                0x00082a4c       0x50 c:/users/teamuis/appdata/local/arduino15/packages/arduino/tools/arm-none-eabi-gcc/4.8.3-2014q1/bin/../lib/gcc/arm-none-eabi/4.8.3/../../../../arm-none-eabi/lib/armv7-m\libm.a(lib_a-s_fpclassify.o)
                0x00082a4c                __fpclassifyd
 .text          0x00082a9c      0x370 c:/users/teamuis/appdata/local/arduino15/packages/arduino/tools/arm-none-eabi-gcc/4.8.3-2014q1/bin/../lib/gcc/arm-none-eabi/4.8.3/armv7-m\libgcc.a(_arm_addsubdf3.o)
                0x00082a9c                __aeabi_drsub
                0x00082aa4                __aeabi_dsub
                0x00082aa4                __subdf3
                0x00082aa8                __aeabi_dadd
                0x00082aa8                __adddf3
                0x00082d20                __floatunsidf
                0x00082d20                __aeabi_ui2d
                0x00082d40                __floatsidf
                0x00082d40                __aeabi_i2d
                0x00082d64                __aeabi_f2d
                0x00082d64                __extendsfdf2
                0x00082da0                __floatundidf
                0x00082da0                __aeabi_ul2d
                0x00082db0                __floatdidf
                0x00082db0                __aeabi_l2d
 .text          0x00082e0c      0x424 c:/users/teamuis/appdata/local/arduino15/packages/arduino/tools/arm-none-eabi-gcc/4.8.3-2014q1/bin/../lib/gcc/arm-none-eabi/4.8.3/armv7-m\libgcc.a(_arm_muldivdf3.o)
                0x00082e0c                __aeabi_dmul
                0x00082e0c                __muldf3
                0x00083060                __divdf3
                0x00083060                __aeabi_ddiv
 .text          0x00083230      0x110 c:/users/teamuis/appdata/local/arduino15/packages/arduino/tools/arm-none-eabi-gcc/4.8.3-2014q1/bin/../lib/gcc/arm-none-eabi/4.8.3/armv7-m\libgcc.a(_arm_cmpdf2.o)
                0x00083230                __gtdf2
                0x00083230                __gedf2
                0x00083238                __ltdf2
                0x00083238                __ledf2
                0x00083240                __nedf2
                0x00083240                __eqdf2
                0x00083240                __cmpdf2
                0x000832bc                __aeabi_cdrcmple
                0x000832cc                __aeabi_cdcmpeq
                0x000832cc                __aeabi_cdcmple
                0x000832dc                __aeabi_dcmpeq
                0x000832f0                __aeabi_dcmplt
                0x00083304                __aeabi_dcmple
                0x00083318                __aeabi_dcmpge
                0x0008332c                __aeabi_dcmpgt
 .text          0x00083340       0x40 c:/users/teamuis/appdata/local/arduino15/packages/arduino/tools/arm-none-eabi-gcc/4.8.3-2014q1/bin/../lib/gcc/arm-none-eabi/4.8.3/armv7-m\libgcc.a(_arm_fixunsdfsi.o)
                0x00083340                __aeabi_d2uiz
                0x00083340                __fixunsdfsi
 .text          0x00083380       0xa0 c:/users/teamuis/appdata/local/arduino15/packages/arduino/tools/arm-none-eabi-gcc/4.8.3-2014q1/bin/../lib/gcc/arm-none-eabi/4.8.3/armv7-m\libgcc.a(_arm_truncdfsf2.o)
                0x00083380                __truncdfsf2
                0x00083380                __aeabi_d2f
 .text          0x00083420      0x21c c:/users/teamuis/appdata/local/arduino15/packages/arduino/tools/arm-none-eabi-gcc/4.8.3-2014q1/bin/../lib/gcc/arm-none-eabi/4.8.3/armv7-m\libgcc.a(_arm_addsubsf3.o)
                0x00083420                __aeabi_frsub
                0x00083428                __subsf3
                0x00083428                __aeabi_fsub
                0x0008342c                __aeabi_fadd
                0x0008342c                __addsf3
                0x0008358c                __aeabi_ui2f
                0x0008358c                __floatunsisf
                0x00083594                __aeabi_i2f
                0x00083594                __floatsisf
                0x000835b0                __aeabi_ul2f
                0x000835b0                __floatundisf
                0x000835c0                __aeabi_l2f
                0x000835c0                __floatdisf
 .text          0x0008363c      0x2a0 c:/users/teamuis/appdata/local/arduino15/packages/arduino/tools/arm-none-eabi-gcc/4.8.3-2014q1/bin/../lib/gcc/arm-none-eabi/4.8.3/armv7-m\libgcc.a(_arm_muldivsf3.o)
                0x0008363c                __mulsf3
                0x0008363c                __aeabi_fmul
                0x000837a4                __aeabi_fdiv
                0x000837a4                __divsf3
 .text          0x000838dc       0xec c:/users/teamuis/appdata/local/arduino15/packages/arduino/tools/arm-none-eabi-gcc/4.8.3-2014q1/bin/../lib/gcc/arm-none-eabi/4.8.3/armv7-m\libgcc.a(_arm_cmpsf2.o)
                0x000838dc                __gesf2
                0x000838dc                __gtsf2
                0x000838e4                __lesf2
                0x000838e4                __ltsf2
                0x000838ec                __nesf2
                0x000838ec                __eqsf2
                0x000838ec                __cmpsf2
                0x0008394c                __aeabi_cfrcmple
                0x00083954                __aeabi_cfcmpeq
                0x00083954                __aeabi_cfcmple
                0x00083964                __aeabi_fcmpeq
                0x00083978                __aeabi_fcmplt
                0x0008398c                __aeabi_fcmple
                0x000839a0                __aeabi_fcmpge
                0x000839b4                __aeabi_fcmpgt
 .text          0x000839c8       0x4c c:/users/teamuis/appdata/local/arduino15/packages/arduino/tools/arm-none-eabi-gcc/4.8.3-2014q1/bin/../lib/gcc/arm-none-eabi/4.8.3/armv7-m\libgcc.a(_arm_fixsfsi.o)
                0x000839c8                __aeabi_f2iz
                0x000839c8                __fixsfsi
 .text.__assert_func
                0x00083a14       0x3c c:/users/teamuis/appdata/local/arduino15/packages/arduino/tools/arm-none-eabi-gcc/4.8.3-2014q1/bin/../lib/gcc/arm-none-eabi/4.8.3/../../../../arm-none-eabi/lib/armv7-m\libg.a(lib_a-assert.o)
                0x00083a14                __assert_func
 .text.fiprintf
                0x00083a50       0x28 c:/users/teamuis/appdata/local/arduino15/packages/arduino/tools/arm-none-eabi-gcc/4.8.3-2014q1/bin/../lib/gcc/arm-none-eabi/4.8.3/../../../../arm-none-eabi/lib/armv7-m\libg.a(lib_a-fiprintf.o)
                0x00083a50                fiprintf
 .text.__libc_init_array
                0x00083a78       0x50 c:/users/teamuis/appdata/local/arduino15/packages/arduino/tools/arm-none-eabi-gcc/4.8.3-2014q1/bin/../lib/gcc/arm-none-eabi/4.8.3/../../../../arm-none-eabi/lib/armv7-m\libg.a(lib_a-init.o)
                0x00083a78                __libc_init_array
 .text.iprintf  0x00083ac8       0x28 c:/users/teamuis/appdata/local/arduino15/packages/arduino/tools/arm-none-eabi-gcc/4.8.3-2014q1/bin/../lib/gcc/arm-none-eabi/4.8.3/../../../../arm-none-eabi/lib/armv7-m\libg.a(lib_a-iprintf.o)
                0x00083ac8                iprintf
 .text.malloc   0x00083af0       0x10 c:/users/teamuis/appdata/local/arduino15/packages/arduino/tools/arm-none-eabi-gcc/4.8.3-2014q1/bin/../lib/gcc/arm-none-eabi/4.8.3/../../../../arm-none-eabi/lib/armv7-m\libg.a(lib_a-malloc.o)
                0x00083af0                malloc
 .text._malloc_r
                0x00083b00      0x538 c:/users/teamuis/appdata/local/arduino15/packages/arduino/tools/arm-none-eabi-gcc/4.8.3-2014q1/bin/../lib/gcc/arm-none-eabi/4.8.3/../../../../arm-none-eabi/lib/armv7-m\libg.a(lib_a-mallocr.o)
                0x00083b00                _malloc_r
 .text          0x00084038       0xec c:/users/teamuis/appdata/local/arduino15/packages/arduino/tools/arm-none-eabi-gcc/4.8.3-2014q1/bin/../lib/gcc/arm-none-eabi/4.8.3/../../../../arm-none-eabi/lib/armv7-m\libg.a(lib_a-memcpy.o)
                0x00084038                memcpy
 .text.memmove  0x00084124       0xcc c:/users/teamuis/appdata/local/arduino15/packages/arduino/tools/arm-none-eabi-gcc/4.8.3-2014q1/bin/../lib/gcc/arm-none-eabi/4.8.3/../../../../arm-none-eabi/lib/armv7-m\libg.a(lib_a-memmove.o)
                0x00084124                memmove
 .text.memset   0x000841f0       0x94 c:/users/teamuis/appdata/local/arduino15/packages/arduino/tools/arm-none-eabi-gcc/4.8.3-2014q1/bin/../lib/gcc/arm-none-eabi/4.8.3/../../../../arm-none-eabi/lib/armv7-m\libg.a(lib_a-memset.o)
                0x000841f0                memset
 .text.__malloc_lock
                0x00084284        0x4 c:/users/teamuis/appdata/local/arduino15/packages/arduino/tools/arm-none-eabi-gcc/4.8.3-2014q1/bin/../lib/gcc/arm-none-eabi/4.8.3/../../../../arm-none-eabi/lib/armv7-m\libg.a(lib_a-mlock.o)
                0x00084284                __malloc_lock
 .text.__malloc_unlock
                0x00084288        0x4 c:/users/teamuis/appdata/local/arduino15/packages/arduino/tools/arm-none-eabi-gcc/4.8.3-2014q1/bin/../lib/gcc/arm-none-eabi/4.8.3/../../../../arm-none-eabi/lib/armv7-m\libg.a(lib_a-mlock.o)
                0x00084288                __malloc_unlock
 .text._realloc_r
                0x0008428c      0x3c0 c:/users/teamuis/appdata/local/arduino15/packages/arduino/tools/arm-none-eabi-gcc/4.8.3-2014q1/bin/../lib/gcc/arm-none-eabi/4.8.3/../../../../arm-none-eabi/lib/armv7-m\libg.a(lib_a-reallocr.o)
                0x0008428c                _realloc_r
 .text._sbrk_r  0x0008464c       0x24 c:/users/teamuis/appdata/local/arduino15/packages/arduino/tools/arm-none-eabi-gcc/4.8.3-2014q1/bin/../lib/gcc/arm-none-eabi/4.8.3/../../../../arm-none-eabi/lib/armv7-m\libg.a(lib_a-sbrkr.o)
                0x0008464c                _sbrk_r
 .text.strlen   0x00084670       0x60 c:/users/teamuis/appdata/local/arduino15/packages/arduino/tools/arm-none-eabi-gcc/4.8.3-2014q1/bin/../lib/gcc/arm-none-eabi/4.8.3/../../../../arm-none-eabi/lib/armv7-m\libg.a(lib_a-strlen.o)
                0x00084670                strlen
 .text.kill     0x000846d0       0x10 c:/users/teamuis/appdata/local/arduino15/packages/arduino/tools/arm-none-eabi-gcc/4.8.3-2014q1/bin/../lib/gcc/arm-none-eabi/4.8.3/../../../../arm-none-eabi/lib/armv7-m\libg.a(lib_a-syskill.o)
                0x000846d0                kill
 .text.__sprint_r.part.0
                0x000846e0       0x78 c:/users/teamuis/appdata/local/arduino15/packages/arduino/tools/arm-none-eabi-gcc/4.8.3-2014q1/bin/../lib/gcc/arm-none-eabi/4.8.3/../../../../arm-none-eabi/lib/armv7-m\libg.a(lib_a-vfiprintf.o)
 .text._vfiprintf_r
                0x00084758      0xc54 c:/users/teamuis/appdata/local/arduino15/packages/arduino/tools/arm-none-eabi-gcc/4.8.3-2014q1/bin/../lib/gcc/arm-none-eabi/4.8.3/../../../../arm-none-eabi/lib/armv7-m\libg.a(lib_a-vfiprintf.o)
                0x00084758                _vfiprintf_r
 .text.__sbprintf
                0x000853ac       0x7c c:/users/teamuis/appdata/local/arduino15/packages/arduino/tools/arm-none-eabi-gcc/4.8.3-2014q1/bin/../lib/gcc/arm-none-eabi/4.8.3/../../../../arm-none-eabi/lib/armv7-m\libg.a(lib_a-vfiprintf.o)
 .text.__swsetup_r
                0x00085428       0xc4 c:/users/teamuis/appdata/local/arduino15/packages/arduino/tools/arm-none-eabi-gcc/4.8.3-2014q1/bin/../lib/gcc/arm-none-eabi/4.8.3/../../../../arm-none-eabi/lib/armv7-m\libg.a(lib_a-wsetup.o)
                0x00085428                __swsetup_r
 .text.startup.register_fini
                0x000854ec       0x14 c:/users/teamuis/appdata/local/arduino15/packages/arduino/tools/arm-none-eabi-gcc/4.8.3-2014q1/bin/../lib/gcc/arm-none-eabi/4.8.3/../../../../arm-none-eabi/lib/armv7-m\libg.a(lib_a-__call_atexit.o)
 .text.abort    0x00085500       0x10 c:/users/teamuis/appdata/local/arduino15/packages/arduino/tools/arm-none-eabi-gcc/4.8.3-2014q1/bin/../lib/gcc/arm-none-eabi/4.8.3/../../../../arm-none-eabi/lib/armv7-m\libg.a(lib_a-abort.o)
                0x00085500                abort
 .text.atexit   0x00085510        0xc c:/users/teamuis/appdata/local/arduino15/packages/arduino/tools/arm-none-eabi-gcc/4.8.3-2014q1/bin/../lib/gcc/arm-none-eabi/4.8.3/../../../../arm-none-eabi/lib/armv7-m\libg.a(lib_a-atexit.o)
                0x00085510                atexit
 .text.__sflush_r
                0x0008551c      0x148 c:/users/teamuis/appdata/local/arduino15/packages/arduino/tools/arm-none-eabi-gcc/4.8.3-2014q1/bin/../lib/gcc/arm-none-eabi/4.8.3/../../../../arm-none-eabi/lib/armv7-m\libg.a(lib_a-fflush.o)
                0x0008551c                __sflush_r
 .text._fflush_r
                0x00085664       0x2c c:/users/teamuis/appdata/local/arduino15/packages/arduino/tools/arm-none-eabi-gcc/4.8.3-2014q1/bin/../lib/gcc/arm-none-eabi/4.8.3/../../../../arm-none-eabi/lib/armv7-m\libg.a(lib_a-fflush.o)
                0x00085664                _fflush_r
 .text._cleanup_r
                0x00085690        0xc c:/users/teamuis/appdata/local/arduino15/packages/arduino/tools/arm-none-eabi-gcc/4.8.3-2014q1/bin/../lib/gcc/arm-none-eabi/4.8.3/../../../../arm-none-eabi/lib/armv7-m\libg.a(lib_a-findfp.o)
                0x00085690                _cleanup_r
 .text.__sinit  0x0008569c       0xf4 c:/users/teamuis/appdata/local/arduino15/packages/arduino/tools/arm-none-eabi-gcc/4.8.3-2014q1/bin/../lib/gcc/arm-none-eabi/4.8.3/../../../../arm-none-eabi/lib/armv7-m\libg.a(lib_a-findfp.o)
                0x0008569c                __sinit
 .text.__sfp_lock_acquire
                0x00085790        0x4 c:/users/teamuis/appdata/local/arduino15/packages/arduino/tools/arm-none-eabi-gcc/4.8.3-2014q1/bin/../lib/gcc/arm-none-eabi/4.8.3/../../../../arm-none-eabi/lib/armv7-m\libg.a(lib_a-findfp.o)
                0x00085790                __sfp_lock_acquire
 .text.__sfp_lock_release
                0x00085794        0x4 c:/users/teamuis/appdata/local/arduino15/packages/arduino/tools/arm-none-eabi-gcc/4.8.3-2014q1/bin/../lib/gcc/arm-none-eabi/4.8.3/../../../../arm-none-eabi/lib/armv7-m\libg.a(lib_a-findfp.o)
                0x00085794                __sfp_lock_release
 .text.__libc_fini_array
                0x00085798       0x30 c:/users/teamuis/appdata/local/arduino15/packages/arduino/tools/arm-none-eabi-gcc/4.8.3-2014q1/bin/../lib/gcc/arm-none-eabi/4.8.3/../../../../arm-none-eabi/lib/armv7-m\libg.a(lib_a-fini.o)
                0x00085798                __libc_fini_array
 .text._fputwc_r
                0x000857c8       0xc0 c:/users/teamuis/appdata/local/arduino15/packages/arduino/tools/arm-none-eabi-gcc/4.8.3-2014q1/bin/../lib/gcc/arm-none-eabi/4.8.3/../../../../arm-none-eabi/lib/armv7-m\libg.a(lib_a-fputwc.o)
                0x000857c8                _fputwc_r
 .text._malloc_trim_r
                0x00085888       0x9c c:/users/teamuis/appdata/local/arduino15/packages/arduino/tools/arm-none-eabi-gcc/4.8.3-2014q1/bin/../lib/gcc/arm-none-eabi/4.8.3/../../../../arm-none-eabi/lib/armv7-m\libg.a(lib_a-freer.o)
                0x00085888                _malloc_trim_r
 .text._free_r  0x00085924      0x198 c:/users/teamuis/appdata/local/arduino15/packages/arduino/tools/arm-none-eabi-gcc/4.8.3-2014q1/bin/../lib/gcc/arm-none-eabi/4.8.3/../../../../arm-none-eabi/lib/armv7-m\libg.a(lib_a-freer.o)
                0x00085924                _free_r
 .text.__sfvwrite_r
                0x00085abc      0x314 c:/users/teamuis/appdata/local/arduino15/packages/arduino/tools/arm-none-eabi-gcc/4.8.3-2014q1/bin/../lib/gcc/arm-none-eabi/4.8.3/../../../../arm-none-eabi/lib/armv7-m\libg.a(lib_a-fvwrite.o)
                0x00085abc                __sfvwrite_r
 .text._fwalk   0x00085dd0       0x48 c:/users/teamuis/appdata/local/arduino15/packages/arduino/tools/arm-none-eabi-gcc/4.8.3-2014q1/bin/../lib/gcc/arm-none-eabi/4.8.3/../../../../arm-none-eabi/lib/armv7-m\libg.a(lib_a-fwalk.o)
                0x00085dd0                _fwalk
 .text.__locale_charset
                0x00085e18        0x8 c:/users/teamuis/appdata/local/arduino15/packages/arduino/tools/arm-none-eabi-gcc/4.8.3-2014q1/bin/../lib/gcc/arm-none-eabi/4.8.3/../../../../arm-none-eabi/lib/armv7-m\libg.a(lib_a-locale.o)
                0x00085e18                __locale_charset
 .text.__locale_mb_cur_max
                0x00085e20        0xc c:/users/teamuis/appdata/local/arduino15/packages/arduino/tools/arm-none-eabi-gcc/4.8.3-2014q1/bin/../lib/gcc/arm-none-eabi/4.8.3/../../../../arm-none-eabi/lib/armv7-m\libg.a(lib_a-locale.o)
                0x00085e20                __locale_mb_cur_max
 .text.__smakebuf_r
                0x00085e2c       0xe0 c:/users/teamuis/appdata/local/arduino15/packages/arduino/tools/arm-none-eabi-gcc/4.8.3-2014q1/bin/../lib/gcc/arm-none-eabi/4.8.3/../../../../arm-none-eabi/lib/armv7-m\libg.a(lib_a-makebuf.o)
                0x00085e2c                __smakebuf_r
 .text.memchr   0x00085f0c       0x94 c:/users/teamuis/appdata/local/arduino15/packages/arduino/tools/arm-none-eabi-gcc/4.8.3-2014q1/bin/../lib/gcc/arm-none-eabi/4.8.3/../../../../arm-none-eabi/lib/armv7-m\libg.a(lib_a-memchr-stub.o)
                0x00085f0c                memchr
 .text._raise_r
                0x00085fa0       0x58 c:/users/teamuis/appdata/local/arduino15/packages/arduino/tools/arm-none-eabi-gcc/4.8.3-2014q1/bin/../lib/gcc/arm-none-eabi/4.8.3/../../../../arm-none-eabi/lib/armv7-m\libg.a(lib_a-signal.o)
                0x00085fa0                _raise_r
 .text.raise    0x00085ff8       0x10 c:/users/teamuis/appdata/local/arduino15/packages/arduino/tools/arm-none-eabi-gcc/4.8.3-2014q1/bin/../lib/gcc/arm-none-eabi/4.8.3/../../../../arm-none-eabi/lib/armv7-m\libg.a(lib_a-signal.o)
                0x00085ff8                raise
 .text._kill_r  0x00086008       0x28 c:/users/teamuis/appdata/local/arduino15/packages/arduino/tools/arm-none-eabi-gcc/4.8.3-2014q1/bin/../lib/gcc/arm-none-eabi/4.8.3/../../../../arm-none-eabi/lib/armv7-m\libg.a(lib_a-signalr.o)
                0x00086008                _kill_r
 .text._getpid_r
                0x00086030        0x4 c:/users/teamuis/appdata/local/arduino15/packages/arduino/tools/arm-none-eabi-gcc/4.8.3-2014q1/bin/../lib/gcc/arm-none-eabi/4.8.3/../../../../arm-none-eabi/lib/armv7-m\libg.a(lib_a-signalr.o)
                0x00086030                _getpid_r
 .text.__sread  0x00086034       0x24 c:/users/teamuis/appdata/local/arduino15/packages/arduino/tools/arm-none-eabi-gcc/4.8.3-2014q1/bin/../lib/gcc/arm-none-eabi/4.8.3/../../../../arm-none-eabi/lib/armv7-m\libg.a(lib_a-stdio.o)
                0x00086034                __sread
 .text.__swrite
                0x00086058       0x38 c:/users/teamuis/appdata/local/arduino15/packages/arduino/tools/arm-none-eabi-gcc/4.8.3-2014q1/bin/../lib/gcc/arm-none-eabi/4.8.3/../../../../arm-none-eabi/lib/armv7-m\libg.a(lib_a-stdio.o)
                0x00086058                __swrite
 .text.__sseek  0x00086090       0x20 c:/users/teamuis/appdata/local/arduino15/packages/arduino/tools/arm-none-eabi-gcc/4.8.3-2014q1/bin/../lib/gcc/arm-none-eabi/4.8.3/../../../../arm-none-eabi/lib/armv7-m\libg.a(lib_a-stdio.o)
                0x00086090                __sseek
 .text.__sclose
                0x000860b0        0x8 c:/users/teamuis/appdata/local/arduino15/packages/arduino/tools/arm-none-eabi-gcc/4.8.3-2014q1/bin/../lib/gcc/arm-none-eabi/4.8.3/../../../../arm-none-eabi/lib/armv7-m\libg.a(lib_a-stdio.o)
                0x000860b0                __sclose
 .text.__swbuf_r
                0x000860b8       0xa8 c:/users/teamuis/appdata/local/arduino15/packages/arduino/tools/arm-none-eabi-gcc/4.8.3-2014q1/bin/../lib/gcc/arm-none-eabi/4.8.3/../../../../arm-none-eabi/lib/armv7-m\libg.a(lib_a-wbuf.o)
                0x000860b8                __swbuf_r
 .text._wcrtomb_r
                0x00086160       0x50 c:/users/teamuis/appdata/local/arduino15/packages/arduino/tools/arm-none-eabi-gcc/4.8.3-2014q1/bin/../lib/gcc/arm-none-eabi/4.8.3/../../../../arm-none-eabi/lib/armv7-m\libg.a(lib_a-wcrtomb.o)
                0x00086160                _wcrtomb_r
 .text.__ascii_wctomb
                0x000861b0       0x1c c:/users/teamuis/appdata/local/arduino15/packages/arduino/tools/arm-none-eabi-gcc/4.8.3-2014q1/bin/../lib/gcc/arm-none-eabi/4.8.3/../../../../arm-none-eabi/lib/armv7-m\libg.a(lib_a-wctomb_r.o)
                0x000861b0                __ascii_wctomb
 .text._write_r
                0x000861cc       0x28 c:/users/teamuis/appdata/local/arduino15/packages/arduino/tools/arm-none-eabi-gcc/4.8.3-2014q1/bin/../lib/gcc/arm-none-eabi/4.8.3/../../../../arm-none-eabi/lib/armv7-m\libg.a(lib_a-writer.o)
                0x000861cc                _write_r
 .text.__register_exitproc
                0x000861f4       0xa8 c:/users/teamuis/appdata/local/arduino15/packages/arduino/tools/arm-none-eabi-gcc/4.8.3-2014q1/bin/../lib/gcc/arm-none-eabi/4.8.3/../../../../arm-none-eabi/lib/armv7-m\libg.a(lib_a-__atexit.o)
                0x000861f4                __register_exitproc
 .text._close_r
                0x0008629c       0x24 c:/users/teamuis/appdata/local/arduino15/packages/arduino/tools/arm-none-eabi-gcc/4.8.3-2014q1/bin/../lib/gcc/arm-none-eabi/4.8.3/../../../../arm-none-eabi/lib/armv7-m\libg.a(lib_a-closer.o)
                0x0008629c                _close_r
 .text._fclose_r
                0x000862c0       0x80 c:/users/teamuis/appdata/local/arduino15/packages/arduino/tools/arm-none-eabi-gcc/4.8.3-2014q1/bin/../lib/gcc/arm-none-eabi/4.8.3/../../../../arm-none-eabi/lib/armv7-m\libg.a(lib_a-fclose.o)
                0x000862c0                _fclose_r
 .text.fclose   0x00086340       0x10 c:/users/teamuis/appdata/local/arduino15/packages/arduino/tools/arm-none-eabi-gcc/4.8.3-2014q1/bin/../lib/gcc/arm-none-eabi/4.8.3/../../../../arm-none-eabi/lib/armv7-m\libg.a(lib_a-fclose.o)
                0x00086340                fclose
 .text._fstat_r
                0x00086350       0x28 c:/users/teamuis/appdata/local/arduino15/packages/arduino/tools/arm-none-eabi-gcc/4.8.3-2014q1/bin/../lib/gcc/arm-none-eabi/4.8.3/../../../../arm-none-eabi/lib/armv7-m\libg.a(lib_a-fstatr.o)
                0x00086350                _fstat_r
 .text._isatty_r
                0x00086378       0x24 c:/users/teamuis/appdata/local/arduino15/packages/arduino/tools/arm-none-eabi-gcc/4.8.3-2014q1/bin/../lib/gcc/arm-none-eabi/4.8.3/../../../../arm-none-eabi/lib/armv7-m\libg.a(lib_a-isattyr.o)
                0x00086378                _isatty_r
 .text._lseek_r
                0x0008639c       0x28 c:/users/teamuis/appdata/local/arduino15/packages/arduino/tools/arm-none-eabi-gcc/4.8.3-2014q1/bin/../lib/gcc/arm-none-eabi/4.8.3/../../../../arm-none-eabi/lib/armv7-m\libg.a(lib_a-lseekr.o)
                0x0008639c                _lseek_r
 .text._read_r  0x000863c4       0x28 c:/users/teamuis/appdata/local/arduino15/packages/arduino/tools/arm-none-eabi-gcc/4.8.3-2014q1/bin/../lib/gcc/arm-none-eabi/4.8.3/../../../../arm-none-eabi/lib/armv7-m\libg.a(lib_a-readr.o)
                0x000863c4                _read_r
 .text          0x000863ec       0x2c c:/users/teamuis/appdata/local/arduino15/packages/arduino/tools/arm-none-eabi-gcc/4.8.3-2014q1/bin/../lib/gcc/arm-none-eabi/4.8.3/armv7-m\libgcc.a(_aeabi_uldivmod.o)
                0x000863ec                __aeabi_uldivmod
 .text          0x00086418       0x60 c:/users/teamuis/appdata/local/arduino15/packages/arduino/tools/arm-none-eabi-gcc/4.8.3-2014q1/bin/../lib/gcc/arm-none-eabi/4.8.3/armv7-m\libgcc.a(bpabi.o)
                0x00086418                __gnu_ldivmod_helper
                0x00086448                __gnu_uldivmod_helper
 .text          0x00086478        0x4 c:/users/teamuis/appdata/local/arduino15/packages/arduino/tools/arm-none-eabi-gcc/4.8.3-2014q1/bin/../lib/gcc/arm-none-eabi/4.8.3/armv7-m\libgcc.a(_dvmd_tls.o)
                0x00086478                __aeabi_idiv0
                0x00086478                __aeabi_ldiv0
 .text          0x0008647c      0x2a0 c:/users/teamuis/appdata/local/arduino15/packages/arduino/tools/arm-none-eabi-gcc/4.8.3-2014q1/bin/../lib/gcc/arm-none-eabi/4.8.3/armv7-m\libgcc.a(_divdi3.o)
                0x0008647c                __divdi3
 .text          0x0008671c      0x290 c:/users/teamuis/appdata/local/arduino15/packages/arduino/tools/arm-none-eabi-gcc/4.8.3-2014q1/bin/../lib/gcc/arm-none-eabi/4.8.3/armv7-m\libgcc.a(_udivdi3.o)
                0x0008671c                __udivdi3
 *(.glue_7t)
 .glue_7t       0x00000000        0x0 linker stubs
 *(.glue_7)
 .glue_7        0x00000000        0x0 linker stubs
 *(.rodata .rodata* .gnu.linkonce.r.*)
 .rodata.str1.1
                0x000869ac       0x1a C:\Users\TeamUiS\AppData\Local\Temp\VMBuilds\Rotation\arduino_due_x_dbg\Debug\Rotation.cpp.o
 .rodata.str1.1
                0x000869c6       0x6a C:\Users\TeamUiS\AppData\Local\Temp\VMBuilds\Rotation\arduino_due_x_dbg\Debug\VM_DBG\VM_DBG.cpp.o
                                 0x6c (size before relaxing)
 .rodata.g_APinDescription
                0x00086a30      0xa2c C:\Users\TeamUiS\AppData\Local\Temp\VMBuilds\Rotation\arduino_due_x_dbg\Debug\variant\variant.cpp.o
                0x00086a30                g_APinDescription
 .rodata        0x0008745c       0x40 C:\Users\TeamUiS\AppData\Local\arduino15\packages\arduino\hardware\sam\1.6.11\variants\arduino_due_x/libsam_sam3x8e_gcc_rel.a(adc.o)
 .rodata.str1.1
                0x0008749c       0x19 C:\Users\TeamUiS\AppData\Local\Temp\VMBuilds\Rotation\arduino_due_x_dbg\Debug/core.a(syscalls_sam3.c.o)
 *fill*         0x000874b5        0x3 
 .rodata.channelToId.9433
                0x000874b8       0x48 C:\Users\TeamUiS\AppData\Local\Temp\VMBuilds\Rotation\arduino_due_x_dbg\Debug/core.a(wiring_analog.c.o)
 .rodata.channelToTC.9432
                0x00087500       0x48 C:\Users\TeamUiS\AppData\Local\Temp\VMBuilds\Rotation\arduino_due_x_dbg\Debug/core.a(wiring_analog.c.o)
 .rodata.channelToChNo.9430
                0x00087548       0x48 C:\Users\TeamUiS\AppData\Local\Temp\VMBuilds\Rotation\arduino_due_x_dbg\Debug/core.a(wiring_analog.c.o)
 .rodata.channelToAB.9431
                0x00087590       0x48 C:\Users\TeamUiS\AppData\Local\Temp\VMBuilds\Rotation\arduino_due_x_dbg\Debug/core.a(wiring_analog.c.o)
 .rodata.str1.1
                0x000875d8        0xc C:\Users\TeamUiS\AppData\Local\Temp\VMBuilds\Rotation\arduino_due_x_dbg\Debug/core.a(Print.cpp.o)
                                  0xf (size before relaxing)
 *fill*         0x000875e4        0x4 
 .rodata._ZTV9UARTClass
                0x000875e8       0x30 C:\Users\TeamUiS\AppData\Local\Temp\VMBuilds\Rotation\arduino_due_x_dbg\Debug/core.a(UARTClass.cpp.o)
                0x000875e8                vtable for UARTClass
 .rodata._ZTV10USARTClass
                0x00087618       0x30 C:\Users\TeamUiS\AppData\Local\Temp\VMBuilds\Rotation\arduino_due_x_dbg\Debug/core.a(USARTClass.cpp.o)
                0x00087618                vtable for USARTClass
 .rodata.STRING_PRODUCT
                0x00087648        0xc C:\Users\TeamUiS\AppData\Local\Temp\VMBuilds\Rotation\arduino_due_x_dbg\Debug/core.a(USBCore.cpp.o)
                0x00087648                STRING_PRODUCT
 .rodata.USB_DeviceDescriptor
                0x00087654       0x12 C:\Users\TeamUiS\AppData\Local\Temp\VMBuilds\Rotation\arduino_due_x_dbg\Debug/core.a(USBCore.cpp.o)
                0x00087654                USB_DeviceDescriptor
 .rodata.STRING_LANGUAGE
                0x00087666        0x4 C:\Users\TeamUiS\AppData\Local\Temp\VMBuilds\Rotation\arduino_due_x_dbg\Debug/core.a(USBCore.cpp.o)
                0x00087666                STRING_LANGUAGE
 .rodata._ZL18test_packet_buffer
                0x0008766a       0x35 C:\Users\TeamUiS\AppData\Local\Temp\VMBuilds\Rotation\arduino_due_x_dbg\Debug/core.a(USBCore.cpp.o)
 .rodata.STRING_MANUFACTURER
                0x0008769f        0xc C:\Users\TeamUiS\AppData\Local\Temp\VMBuilds\Rotation\arduino_due_x_dbg\Debug/core.a(USBCore.cpp.o)
                0x0008769f                STRING_MANUFACTURER
 .rodata.USB_DeviceDescriptorA
                0x000876ab       0x12 C:\Users\TeamUiS\AppData\Local\Temp\VMBuilds\Rotation\arduino_due_x_dbg\Debug/core.a(USBCore.cpp.o)
                0x000876ab                USB_DeviceDescriptorA
 .rodata._ZL19USB_DeviceQualifier
                0x000876bd        0x9 C:\Users\TeamUiS\AppData\Local\Temp\VMBuilds\Rotation\arduino_due_x_dbg\Debug/core.a(USBCore.cpp.o)
 *fill*         0x000876c6        0x2 
 .rodata._ZTV7Serial_
                0x000876c8       0x28 C:\Users\TeamUiS\AppData\Local\Temp\VMBuilds\Rotation\arduino_due_x_dbg\Debug/core.a(CDC.cpp.o)
                0x000876c8                vtable for Serial_
 .rodata._ZL18_cdcOtherInterface
                0x000876f0       0x42 C:\Users\TeamUiS\AppData\Local\Temp\VMBuilds\Rotation\arduino_due_x_dbg\Debug/core.a(CDC.cpp.o)
 .rodata._ZL13_cdcInterface
                0x00087732       0x42 C:\Users\TeamUiS\AppData\Local\Temp\VMBuilds\Rotation\arduino_due_x_dbg\Debug/core.a(CDC.cpp.o)
 .rodata        0x00087774       0x2c C:\Users\TeamUiS\AppData\Local\arduino15\packages\arduino\hardware\sam\1.6.11\variants\arduino_due_x/libsam_sam3x8e_gcc_rel.a(pwmc.o)
 .rodata.__func__.6830
                0x000877a0       0x15 C:\Users\TeamUiS\AppData\Local\arduino15\packages\arduino\hardware\sam\1.6.11\variants\arduino_due_x/libsam_sam3x8e_gcc_rel.a(pwmc.o)
 .rodata.__func__.6841
                0x000877b5       0x12 C:\Users\TeamUiS\AppData\Local\arduino15\packages\arduino\hardware\sam\1.6.11\variants\arduino_due_x/libsam_sam3x8e_gcc_rel.a(pwmc.o)
 .rodata.str1.1
                0x000877c7      0x1cc C:\Users\TeamUiS\AppData\Local\arduino15\packages\arduino\hardware\sam\1.6.11\variants\arduino_due_x/libsam_sam3x8e_gcc_rel.a(pwmc.o)
 .rodata.__func__.6804
                0x00087993       0x16 C:\Users\TeamUiS\AppData\Local\arduino15\packages\arduino\hardware\sam\1.6.11\variants\arduino_due_x/libsam_sam3x8e_gcc_rel.a(pwmc.o)
 .rodata.__func__.6793
                0x000879a9       0x17 C:\Users\TeamUiS\AppData\Local\arduino15\packages\arduino\hardware\sam\1.6.11\variants\arduino_due_x/libsam_sam3x8e_gcc_rel.a(pwmc.o)
 .rodata.__func__.6792
                0x000879c0        0xd C:\Users\TeamUiS\AppData\Local\arduino15\packages\arduino\hardware\sam\1.6.11\variants\arduino_due_x/libsam_sam3x8e_gcc_rel.a(tc.o)
 .rodata.str1.1
                0x000879cd       0x54 C:\Users\TeamUiS\AppData\Local\arduino15\packages\arduino\hardware\sam\1.6.11\variants\arduino_due_x/libsam_sam3x8e_gcc_rel.a(tc.o)
 .rodata.__func__.6798
                0x00087a21        0x9 C:\Users\TeamUiS\AppData\Local\arduino15\packages\arduino\hardware\sam\1.6.11\variants\arduino_due_x/libsam_sam3x8e_gcc_rel.a(tc.o)
 *fill*         0x00087a2a        0x2 
 .rodata.str1.4
                0x00087a2c       0x3f c:/users/teamuis/appdata/local/arduino15/packages/arduino/tools/arm-none-eabi-gcc/4.8.3-2014q1/bin/../lib/gcc/arm-none-eabi/4.8.3/../../../../arm-none-eabi/lib/armv7-m\libg.a(lib_a-assert.o)
                                 0x44 (size before relaxing)
 *fill*         0x00087a6b        0x1 
 .rodata.str1.4
                0x00087a6c        0x2 c:/users/teamuis/appdata/local/arduino15/packages/arduino/tools/arm-none-eabi-gcc/4.8.3-2014q1/bin/../lib/gcc/arm-none-eabi/4.8.3/../../../../arm-none-eabi/lib/armv7-m\libg.a(lib_a-impure.o)
                                  0x4 (size before relaxing)
 *fill*         0x00087a6e        0x2 
 .rodata._global_impure_ptr
                0x00087a70        0x4 c:/users/teamuis/appdata/local/arduino15/packages/arduino/tools/arm-none-eabi-gcc/4.8.3-2014q1/bin/../lib/gcc/arm-none-eabi/4.8.3/../../../../arm-none-eabi/lib/armv7-m\libg.a(lib_a-impure.o)
                0x00087a70                _global_impure_ptr
 .rodata.blanks.6717
                0x00087a74       0x10 c:/users/teamuis/appdata/local/arduino15/packages/arduino/tools/arm-none-eabi-gcc/4.8.3-2014q1/bin/../lib/gcc/arm-none-eabi/4.8.3/../../../../arm-none-eabi/lib/armv7-m\libg.a(lib_a-vfiprintf.o)
 .rodata.str1.4
                0x00087a84       0x30 c:/users/teamuis/appdata/local/arduino15/packages/arduino/tools/arm-none-eabi-gcc/4.8.3-2014q1/bin/../lib/gcc/arm-none-eabi/4.8.3/../../../../arm-none-eabi/lib/armv7-m\libg.a(lib_a-vfiprintf.o)
 .rodata.zeroes.6718
                0x00087ab4       0x10 c:/users/teamuis/appdata/local/arduino15/packages/arduino/tools/arm-none-eabi-gcc/4.8.3-2014q1/bin/../lib/gcc/arm-none-eabi/4.8.3/../../../../arm-none-eabi/lib/armv7-m\libg.a(lib_a-vfiprintf.o)
 *(.ARM.extab* .gnu.linkonce.armextab.*)
                0x00087ac4                . = ALIGN (0x4)
 *(.init)
 .init          0x00087ac4        0x4 c:/users/teamuis/appdata/local/arduino15/packages/arduino/tools/arm-none-eabi-gcc/4.8.3-2014q1/bin/../lib/gcc/arm-none-eabi/4.8.3/armv7-m/crti.o
                0x00087ac4                _init
 .init          0x00087ac8        0x8 c:/users/teamuis/appdata/local/arduino15/packages/arduino/tools/arm-none-eabi-gcc/4.8.3-2014q1/bin/../lib/gcc/arm-none-eabi/4.8.3/armv7-m/crtn.o
                0x00087ad0                . = ALIGN (0x4)
                0x00087ad0                __preinit_array_start = .
 *(.preinit_array)
                0x00087ad0                __preinit_array_end = .
                0x00087ad0                . = ALIGN (0x4)
                0x00087ad0                __init_array_start = .
 *(SORT(.init_array.*))
 .init_array.00000
                0x00087ad0        0x4 c:/users/teamuis/appdata/local/arduino15/packages/arduino/tools/arm-none-eabi-gcc/4.8.3-2014q1/bin/../lib/gcc/arm-none-eabi/4.8.3/../../../../arm-none-eabi/lib/armv7-m\libg.a(lib_a-__call_atexit.o)
 *(.init_array)
 .init_array    0x00087ad4        0x4 c:/users/teamuis/appdata/local/arduino15/packages/arduino/tools/arm-none-eabi-gcc/4.8.3-2014q1/bin/../lib/gcc/arm-none-eabi/4.8.3/armv7-m/crtbegin.o
 .init_array    0x00087ad8        0x4 C:\Users\TeamUiS\AppData\Local\Temp\VMBuilds\Rotation\arduino_due_x_dbg\Debug\VM_DBG\VM_DBG.cpp.o
 .init_array    0x00087adc        0x4 C:\Users\TeamUiS\AppData\Local\Temp\VMBuilds\Rotation\arduino_due_x_dbg\Debug\variant\variant.cpp.o
 .init_array    0x00087ae0        0x4 C:\Users\TeamUiS\AppData\Local\Temp\VMBuilds\Rotation\arduino_due_x_dbg\Debug/core.a(USBCore.cpp.o)
 .init_array    0x00087ae4        0x4 C:\Users\TeamUiS\AppData\Local\Temp\VMBuilds\Rotation\arduino_due_x_dbg\Debug/core.a(CDC.cpp.o)
                0x00087ae8                __init_array_end = .
                0x00087ae8                . = ALIGN (0x4)
 *crtbegin.o(.ctors)
 *(EXCLUDE_FILE(*crtend.o) .ctors)
 *(SORT(.ctors.*))
 *crtend.o(.ctors)
                0x00087ae8                . = ALIGN (0x4)
 *(.fini)
 .fini          0x00087ae8        0x4 c:/users/teamuis/appdata/local/arduino15/packages/arduino/tools/arm-none-eabi-gcc/4.8.3-2014q1/bin/../lib/gcc/arm-none-eabi/4.8.3/armv7-m/crti.o
                0x00087ae8                _fini
 .fini          0x00087aec        0x8 c:/users/teamuis/appdata/local/arduino15/packages/arduino/tools/arm-none-eabi-gcc/4.8.3-2014q1/bin/../lib/gcc/arm-none-eabi/4.8.3/armv7-m/crtn.o
                0x00087af4                . = ALIGN (0x4)
                0x00087af4                __fini_array_start = .
 *(.fini_array)
 .fini_array    0x00087af4        0x4 c:/users/teamuis/appdata/local/arduino15/packages/arduino/tools/arm-none-eabi-gcc/4.8.3-2014q1/bin/../lib/gcc/arm-none-eabi/4.8.3/armv7-m/crtbegin.o
 *(SORT(.fini_array.*))
                0x00087af8                __fini_array_end = .
 *crtbegin.o(.dtors)
 *(EXCLUDE_FILE(*crtend.o) .dtors)
 *(SORT(.dtors.*))
 *crtend.o(.dtors)
                0x00087af8                . = ALIGN (0x4)
                0x00087af8                _efixed = .
                0x00087af8                PROVIDE (__exidx_start, .)

.vfp11_veneer   0x00087af8        0x0
 .vfp11_veneer  0x00000000        0x0 linker stubs

.v4_bx          0x00087af8        0x0
 .v4_bx         0x00000000        0x0 linker stubs

.iplt           0x00087af8        0x0
 .iplt          0x00000000        0x0 c:/users/teamuis/appdata/local/arduino15/packages/arduino/tools/arm-none-eabi-gcc/4.8.3-2014q1/bin/../lib/gcc/arm-none-eabi/4.8.3/armv7-m/crtbegin.o

.ARM.exidx      0x00087af8        0x8
 *(.ARM.exidx* .gnu.linkonce.armexidx.*)
 .ARM.exidx     0x00087af8        0x8 c:/users/teamuis/appdata/local/arduino15/packages/arduino/tools/arm-none-eabi-gcc/4.8.3-2014q1/bin/../lib/gcc/arm-none-eabi/4.8.3/armv7-m\libgcc.a(_divdi3.o)
 .ARM.exidx     0x00087b00        0x0 c:/users/teamuis/appdata/local/arduino15/packages/arduino/tools/arm-none-eabi-gcc/4.8.3-2014q1/bin/../lib/gcc/arm-none-eabi/4.8.3/armv7-m\libgcc.a(_udivdi3.o)
                                  0x8 (size before relaxing)
                0x00087b00                PROVIDE (__exidx_end, .)

.eh_frame       0x00087b00        0x0
 .eh_frame      0x00087b00        0x0 c:/users/teamuis/appdata/local/arduino15/packages/arduino/tools/arm-none-eabi-gcc/4.8.3-2014q1/bin/../lib/gcc/arm-none-eabi/4.8.3/armv7-m/crtbegin.o

.rel.dyn        0x00087b00        0x0
 .rel.iplt      0x00000000        0x0 c:/users/teamuis/appdata/local/arduino15/packages/arduino/tools/arm-none-eabi-gcc/4.8.3-2014q1/bin/../lib/gcc/arm-none-eabi/4.8.3/armv7-m/crtbegin.o

.jcr            0x00087b00        0x0
 .jcr           0x00087b00        0x0 c:/users/teamuis/appdata/local/arduino15/packages/arduino/tools/arm-none-eabi-gcc/4.8.3-2014q1/bin/../lib/gcc/arm-none-eabi/4.8.3/armv7-m/crtbegin.o

.igot.plt       0x00087b00        0x0
 .igot.plt      0x00000000        0x0 c:/users/teamuis/appdata/local/arduino15/packages/arduino/tools/arm-none-eabi-gcc/4.8.3-2014q1/bin/../lib/gcc/arm-none-eabi/4.8.3/armv7-m/crtbegin.o
                0x00087b00                . = ALIGN (0x4)
                0x00087b00                _etext = .

.relocate       0x20070000      0x8dc load address 0x00087b00
                0x20070000                . = ALIGN (0x4)
                0x20070000                _srelocate = .
 *(.ramfunc .ramfunc.*)
 .ramfunc       0x20070000       0x2c C:\Users\TeamUiS\AppData\Local\Temp\VMBuilds\Rotation\arduino_due_x_dbg\Debug/core.a(Reset.cpp.o)
                0x20070000                banzai
 *(.data .data.*)
 .data.SystemCoreClock
                0x2007002c        0x4 C:\Users\TeamUiS\AppData\Local\arduino15\packages\arduino\hardware\sam\1.6.11\variants\arduino_due_x/libsam_sam3x8e_gcc_rel.a(system_sam3xa.o)
                0x2007002c                SystemCoreClock
 .data._writeResolution
                0x20070030        0x4 C:\Users\TeamUiS\AppData\Local\Temp\VMBuilds\Rotation\arduino_due_x_dbg\Debug/core.a(wiring_analog.c.o)
 .data.latestSelectedChannel.9384
                0x20070034        0x4 C:\Users\TeamUiS\AppData\Local\Temp\VMBuilds\Rotation\arduino_due_x_dbg\Debug/core.a(wiring_analog.c.o)
 .data._readResolution
                0x20070038        0x4 C:\Users\TeamUiS\AppData\Local\Temp\VMBuilds\Rotation\arduino_due_x_dbg\Debug/core.a(wiring_analog.c.o)
 .data._ZL5ticks
                0x2007003c        0x4 C:\Users\TeamUiS\AppData\Local\Temp\VMBuilds\Rotation\arduino_due_x_dbg\Debug/core.a(Reset.cpp.o)
 .data.EndPoints
                0x20070040       0x28 C:\Users\TeamUiS\AppData\Local\Temp\VMBuilds\Rotation\arduino_due_x_dbg\Debug/core.a(USBCore.cpp.o)
                0x20070040                EndPoints
 .data._ZL10breakValue
                0x20070068        0x4 C:\Users\TeamUiS\AppData\Local\Temp\VMBuilds\Rotation\arduino_due_x_dbg\Debug/core.a(CDC.cpp.o)
 .data._ZL12_usbLineInfo
                0x2007006c        0x8 C:\Users\TeamUiS\AppData\Local\Temp\VMBuilds\Rotation\arduino_due_x_dbg\Debug/core.a(CDC.cpp.o)
 .data.g_interrupt_enabled
                0x20070074        0x4 C:\Users\TeamUiS\AppData\Local\arduino15\packages\arduino\hardware\sam\1.6.11\variants\arduino_due_x/libsam_sam3x8e_gcc_rel.a(interrupt_sam_nvic.o)
                0x20070074                g_interrupt_enabled
 .data.impure_data
                0x20070078      0x428 c:/users/teamuis/appdata/local/arduino15/packages/arduino/tools/arm-none-eabi-gcc/4.8.3-2014q1/bin/../lib/gcc/arm-none-eabi/4.8.3/../../../../arm-none-eabi/lib/armv7-m\libg.a(lib_a-impure.o)
 .data._impure_ptr
                0x200704a0        0x4 c:/users/teamuis/appdata/local/arduino15/packages/arduino/tools/arm-none-eabi-gcc/4.8.3-2014q1/bin/../lib/gcc/arm-none-eabi/4.8.3/../../../../arm-none-eabi/lib/armv7-m\libg.a(lib_a-impure.o)
                0x200704a0                _impure_ptr
 .data.__malloc_av_