Archive member included because of file (symbol)

C:\Users\TeamUiS\AppData\Local\arduino15\packages\arduino\hardware\sam\1.6.11\variants\arduino_due_x/libsam_sam3x8e_gcc_rel.a(pio.o)
                              C:\Users\TeamUiS\AppData\Local\Temp\VMBuilds\Hoisting\arduino_due_x_dbg\Release\variant\variant.cpp.o (PIO_Configure)
C:\Users\TeamUiS\AppData\Local\arduino15\packages\arduino\hardware\sam\1.6.11\variants\arduino_due_x/libsam_sam3x8e_gcc_rel.a(pmc.o)
                              C:\Users\TeamUiS\AppData\Local\Temp\VMBuilds\Hoisting\arduino_due_x_dbg\Release\Hoisting.cpp.o (pmc_enable_periph_clk)
C:\Users\TeamUiS\AppData\Local\arduino15\packages\arduino\hardware\sam\1.6.11\variants\arduino_due_x/libsam_sam3x8e_gcc_rel.a(tc.o)
                              C:\Users\TeamUiS\AppData\Local\Temp\VMBuilds\Hoisting\arduino_due_x_dbg\Release\Hoisting.cpp.o (TC_Configure)
C:\Users\TeamUiS\AppData\Local\arduino15\packages\arduino\hardware\sam\1.6.11\variants\arduino_due_x/libsam_sam3x8e_gcc_rel.a(system_sam3xa.o)
                              C:\Users\TeamUiS\AppData\Local\Temp\VMBuilds\Hoisting\arduino_due_x_dbg\Release\variant\variant.cpp.o (SystemInit)
C:\Users\TeamUiS\AppData\Local\arduino15\packages\arduino\hardware\sam\1.6.11\variants\arduino_due_x/libsam_sam3x8e_gcc_rel.a(startup_sam3xa.o)
                              (Reset_Handler)
C:\Users\TeamUiS\AppData\Local\arduino15\packages\arduino\hardware\sam\1.6.11\variants\arduino_due_x/libsam_sam3x8e_gcc_rel.a(adc.o)
                              C:\Users\TeamUiS\AppData\Local\Temp\VMBuilds\Hoisting\arduino_due_x_dbg\Release\variant\variant.cpp.o (adc_init)
C:\Users\TeamUiS\AppData\Local\arduino15\packages\arduino\hardware\sam\1.6.11\variants\arduino_due_x/libsam_sam3x8e_gcc_rel.a(uotghs.o)
                              C:\Users\TeamUiS\AppData\Local\arduino15\packages\arduino\hardware\sam\1.6.11\variants\arduino_due_x/libsam_sam3x8e_gcc_rel.a(startup_sam3xa.o) (UOTGHS_Handler)
C:\Users\TeamUiS\AppData\Local\Temp\VMBuilds\Hoisting\arduino_due_x_dbg\Release/core.a(cortex_handlers.c.o)
                              C:\Users\TeamUiS\AppData\Local\arduino15\packages\arduino\hardware\sam\1.6.11\variants\arduino_due_x/libsam_sam3x8e_gcc_rel.a(startup_sam3xa.o) (NMI_Handler)
C:\Users\TeamUiS\AppData\Local\Temp\VMBuilds\Hoisting\arduino_due_x_dbg\Release/core.a(hooks.c.o)
                              C:\Users\TeamUiS\AppData\Local\Temp\VMBuilds\Hoisting\arduino_due_x_dbg\Release/core.a(cortex_handlers.c.o) (sysTickHook)
C:\Users\TeamUiS\AppData\Local\Temp\VMBuilds\Hoisting\arduino_due_x_dbg\Release/core.a(syscalls_sam3.c.o)
                              (_sbrk)
C:\Users\TeamUiS\AppData\Local\Temp\VMBuilds\Hoisting\arduino_due_x_dbg\Release/core.a(wiring.c.o)
                              C:\Users\TeamUiS\AppData\Local\Temp\VMBuilds\Hoisting\arduino_due_x_dbg\Release\Hoisting.cpp.o (millis)
C:\Users\TeamUiS\AppData\Local\Temp\VMBuilds\Hoisting\arduino_due_x_dbg\Release/core.a(wiring_analog.c.o)
                              C:\Users\TeamUiS\AppData\Local\Temp\VMBuilds\Hoisting\arduino_due_x_dbg\Release\Hoisting.cpp.o (analogReadResolution)
C:\Users\TeamUiS\AppData\Local\Temp\VMBuilds\Hoisting\arduino_due_x_dbg\Release/core.a(wiring_digital.c.o)
                              C:\Users\TeamUiS\AppData\Local\Temp\VMBuilds\Hoisting\arduino_due_x_dbg\Release\Hoisting.cpp.o (pinMode)
C:\Users\TeamUiS\AppData\Local\Temp\VMBuilds\Hoisting\arduino_due_x_dbg\Release/core.a(main.cpp.o)
                              c:/users/teamuis/appdata/local/arduino15/packages/arduino/tools/arm-none-eabi-gcc/4.8.3-2014q1/bin/../lib/gcc/arm-none-eabi/4.8.3/../../../../arm-none-eabi/lib/armv7-m/crt0.o (main)
C:\Users\TeamUiS\AppData\Local\Temp\VMBuilds\Hoisting\arduino_due_x_dbg\Release/core.a(Print.cpp.o)
                              C:\Users\TeamUiS\AppData\Local\Temp\VMBuilds\Hoisting\arduino_due_x_dbg\Release\Hoisting.cpp.o (Print::print(char const*))
C:\Users\TeamUiS\AppData\Local\Temp\VMBuilds\Hoisting\arduino_due_x_dbg\Release/core.a(Reset.cpp.o)
                              C:\Users\TeamUiS\AppData\Local\Temp\VMBuilds\Hoisting\arduino_due_x_dbg\Release/core.a(cortex_handlers.c.o) (tickReset)
C:\Users\TeamUiS\AppData\Local\Temp\VMBuilds\Hoisting\arduino_due_x_dbg\Release/core.a(RingBuffer.cpp.o)
                              C:\Users\TeamUiS\AppData\Local\Temp\VMBuilds\Hoisting\arduino_due_x_dbg\Release\variant\variant.cpp.o (RingBuffer::RingBuffer())
C:\Users\TeamUiS\AppData\Local\Temp\VMBuilds\Hoisting\arduino_due_x_dbg\Release/core.a(Stream.cpp.o)
                              C:\Users\TeamUiS\AppData\Local\Temp\VMBuilds\Hoisting\arduino_due_x_dbg\Release\Hoisting.cpp.o (Stream::readStringUntil(char))
C:\Users\TeamUiS\AppData\Local\Temp\VMBuilds\Hoisting\arduino_due_x_dbg\Release/core.a(UARTClass.cpp.o)
                              C:\Users\TeamUiS\AppData\Local\Temp\VMBuilds\Hoisting\arduino_due_x_dbg\Release\Hoisting.cpp.o (UARTClass::available())
[...]
Memory Configuration

Name             Origin             Length             Attributes
rom              0x00080000         0x00080000         xr
sram0            0x20000000         0x00010000         xrw
sram1            0x20080000         0x00008000         xrw
ram              0x20070000         0x00018000         xrw
*default*        0x00000000         0xffffffff

Linker script and memory map

LOAD c:/users/teamuis/appdata/local/arduino15/packages/arduino/tools/arm-none-eabi-gcc/4.8.3-2014q1/bin/../lib/gcc/arm-none-eabi/4.8.3/armv7-m/crti.o
LOAD c:/users/teamuis/appdata/local/arduino15/packages/arduino/tools/arm-none-eabi-gcc/4.8.3-2014q1/bin/../lib/gcc/arm-none-eabi/4.8.3/armv7-m/crtbegin.o
LOAD c:/users/teamuis/appdata/local/arduino15/packages/arduino/tools/arm-none-eabi-gcc/4.8.3-2014q1/bin/../lib/gcc/arm-none-eabi/4.8.3/../../../../arm-none-eabi/lib/armv7-m/crt0.o
START GROUP
LOAD C:\Users\TeamUiS\AppData\Local\Temp\VMBuilds\Hoisting\arduino_due_x_dbg\Release\Hoisting.cpp.o
LOAD C:\Users\TeamUiS\AppData\Local\Temp\VMBuilds\Hoisting\arduino_due_x_dbg\Release\PID\PID_v1.cpp.o
LOAD C:\Users\TeamUiS\AppData\Local\Temp\VMBuilds\Hoisting\arduino_due_x_dbg\Release\variant\variant.cpp.o
LOAD C:\Users\TeamUiS\AppData\Local\arduino15\packages\arduino\hardware\sam\1.6.11\variants\arduino_due_x/libsam_sam3x8e_gcc_rel.a
LOAD C:\Users\TeamUiS\AppData\Local\Temp\VMBuilds\Hoisting\arduino_due_x_dbg\Release/core.a
END GROUP
LOAD c:/users/teamuis/appdata/local/arduino15/packages/arduino/tools/arm-none-eabi-gcc/4.8.3-2014q1/bin/../lib/gcc/arm-none-eabi/4.8.3/../../../../arm-none-eabi/lib/armv7-m\libm.a
START GROUP
LOAD c:/users/teamuis/appdata/local/arduino15/packages/arduino/tools/arm-none-eabi-gcc/4.8.3-2014q1/bin/../lib/gcc/arm-none-eabi/4.8.3/armv7-m\libgcc.a
LOAD c:/users/teamuis/appdata/local/arduino15/packages/arduino/tools/arm-none-eabi-gcc/4.8.3-2014q1/bin/../lib/gcc/arm-none-eabi/4.8.3/../../../../arm-none-eabi/lib/armv7-m\libg.a
LOAD c:/users/teamuis/appdata/local/arduino15/packages/arduino/tools/arm-none-eabi-gcc/4.8.3-2014q1/bin/../lib/gcc/arm-none-eabi/4.8.3/../../../../arm-none-eabi/lib/armv7-m\libc.a
END GROUP
LOAD c:/users/teamuis/appdata/local/arduino15/packages/arduino/tools/arm-none-eabi-gcc/4.8.3-2014q1/bin/../lib/gcc/arm-none-eabi/4.8.3/armv7-m/crtend.o
LOAD c:/users/teamuis/appdata/local/arduino15/packages/arduino/tools/arm-none-eabi-gcc/4.8.3-2014q1/bin/../lib/gcc/arm-none-eabi/4.8.3/armv7-m/crtn.o

.text           0x00080000     0xb1c0
                0x00080000                . = ALIGN (0x4)
                0x00080000                _sfixed = .
 *(.vectors .vectors.*)
 .vectors       0x00080000       0xf4 C:\Users\TeamUiS\AppData\Local\arduino15\packages\arduino\hardware\sam\1.6.11\variants\arduino_due_x/libsam_sam3x8e_gcc_rel.a(startup_sam3xa.o)
                0x00080000                exception_table
 *(.text .text.* .gnu.linkonce.t.*)
 .text          0x000800f4       0x54 c:/users/teamuis/appdata/local/arduino15/packages/arduino/tools/arm-none-eabi-gcc/4.8.3-2014q1/bin/../lib/gcc/arm-none-eabi/4.8.3/armv7-m/crtbegin.o
 .text._ZN5Print5writeEPKc
                0x00080148       0x1e C:\Users\TeamUiS\AppData\Local\Temp\VMBuilds\Hoisting\arduino_due_x_dbg\Release\Hoisting.cpp.o
                0x00080148                Print::write(char const*)
 .text._ZN8Actuator5setupEv
                0x00080166       0x42 C:\Users\TeamUiS\AppData\Local\Temp\VMBuilds\Hoisting\arduino_due_x_dbg\Release\Hoisting.cpp.o
                0x00080166                Actuator::setup()
 .text._ZN8Actuator12moveDistanceE24HoistingDirectionCommandi
                0x000801a8       0x2a C:\Users\TeamUiS\AppData\Local\Temp\VMBuilds\Hoisting\arduino_due_x_dbg\Release\Hoisting.cpp.o
                0x000801a8                Actuator::moveDistance(HoistingDirectionCommand, int)
 *fill*         0x000801d2        0x2 
 .text._ZN8Actuator13resetSteppersEv
                0x000801d4       0x24 C:\Users\TeamUiS\AppData\Local\Temp\VMBuilds\Hoisting\arduino_due_x_dbg\Release\Hoisting.cpp.o
                0x000801d4                Actuator::resetSteppers()
 .text._ZN8LoadCell6detectEv
                0x000801f8       0x42 C:\Users\TeamUiS\AppData\Local\Temp\VMBuilds\Hoisting\arduino_due_x_dbg\Release\Hoisting.cpp.o
                0x000801f8                LoadCell::detect()
 *fill*         0x0008023a        0x6 
 .text.TC3_Handler
                0x00080240      0x170 C:\Users\TeamUiS\AppData\Local\Temp\VMBuilds\Hoisting\arduino_due_x_dbg\Release\Hoisting.cpp.o
                0x00080240                TC3_Handler
 .text._Z10startTimerP2Tcm4IRQnm
                0x000803b0       0x74 C:\Users\TeamUiS\AppData\Local\Temp\VMBuilds\Hoisting\arduino_due_x_dbg\Release\Hoisting.cpp.o
                0x000803b0                startTimer(Tc*, unsigned long, IRQn, unsigned long)
 .text._Z4sortPii
                0x00080424       0x32 C:\Users\TeamUiS\AppData\Local\Temp\VMBuilds\Hoisting\arduino_due_x_dbg\Release\Hoisting.cpp.o
                0x00080424                sort(int*, int)
 .text._ZN8LoadCell6filterEv
                0x00080456       0x4e C:\Users\TeamUiS\AppData\Local\Temp\VMBuilds\Hoisting\arduino_due_x_dbg\Release\Hoisting.cpp.o
                0x00080456                LoadCell::filter()
 .text._Z10OpenBrakesv
                0x000804a4       0x30 C:\Users\TeamUiS\AppData\Local\Temp\VMBuilds\Hoisting\arduino_due_x_dbg\Release\Hoisting.cpp.o
                0x000804a4                OpenBrakes()
 .text._Z11CloseBrakesv
                0x000804d4       0x30 C:\Users\TeamUiS\AppData\Local\Temp\VMBuilds\Hoisting\arduino_due_x_dbg\Release\Hoisting.cpp.o
                0x000804d4                CloseBrakes()
 *fill*         0x00080504        0x4 
 .text._Z12moveDistancefiii
                0x00080508      0x140 C:\Users\TeamUiS\AppData\Local\Temp\VMBuilds\Hoisting\arduino_due_x_dbg\Release\Hoisting.cpp.o
                0x00080508                moveDistance(float, int, int, int)
 .text.startup._GLOBAL__sub_I_testError
                0x00080648      0x1c0 C:\Users\TeamUiS\AppData\Local\Temp\VMBuilds\Hoisting\arduino_due_x_dbg\Release\Hoisting.cpp.o
 .text._Z8sendDatav
                0x00080808      0x194 C:\Users\TeamUiS\AppData\Local\Temp\VMBuilds\Hoisting\arduino_due_x_dbg\Release\Hoisting.cpp.o
                0x00080808                sendData()
 .text.setup    0x0008099c      0x10c C:\Users\TeamUiS\AppData\Local\Temp\VMBuilds\Hoisting\arduino_due_x_dbg\Release\Hoisting.cpp.o
                0x0008099c                setup
 .text._Z9tagBottomv
                0x00080aa8      0x1e8 C:\Users\TeamUiS\AppData\Local\Temp\VMBuilds\Hoisting\arduino_due_x_dbg\Release\Hoisting.cpp.o
                0x00080aa8                tagBottom()
 .text._Z11ReceiveDatav
                0x00080c90      0x7d0 C:\Users\TeamUiS\AppData\Local\Temp\VMBuilds\Hoisting\arduino_due_x_dbg\Release\Hoisting.cpp.o
                0x00080c90                ReceiveData()
 .text.loop     0x00081460      0x480 C:\Users\TeamUiS\AppData\Local\Temp\VMBuilds\Hoisting\arduino_due_x_dbg\Release\Hoisting.cpp.o
                0x00081460                loop
 .text._ZN3PID7ComputeEv
                0x000818e0      0x154 C:\Users\TeamUiS\AppData\Local\Temp\VMBuilds\Hoisting\arduino_due_x_dbg\Release\PID\PID_v1.cpp.o
                0x000818e0                PID::Compute()
 .text._ZN3PID10SetTuningsEdddi
                0x00081a34       0xe8 C:\Users\TeamUiS\AppData\Local\Temp\VMBuilds\Hoisting\arduino_due_x_dbg\Release\PID\PID_v1.cpp.o
                0x00081a34                PID::SetTunings(double, double, double, int)
 .text._ZN3PID10SetTuningsEddd
                0x00081b1c       0x20 C:\Users\TeamUiS\AppData\Local\Temp\VMBuilds\Hoisting\arduino_due_x_dbg\Release\PID\PID_v1.cpp.o
                0x00081b1c                PID::SetTunings(double, double, double)
 .text._ZN3PID13SetSampleTimeEi
                0x00081b3c       0x4c C:\Users\TeamUiS\AppData\Local\Temp\VMBuilds\Hoisting\arduino_due_x_dbg\Release\PID\PID_v1.cpp.o
                0x00081b3c                PID::SetSampleTime(int)
 .text._ZN3PID15SetOutputLimitsEdd
                0x00081b88       0x8c C:\Users\TeamUiS\AppData\Local\Temp\VMBuilds\Hoisting\arduino_due_x_dbg\Release\PID\PID_v1.cpp.o
                0x00081b88                PID::SetOutputLimits(double, double)
 .text._ZN3PID10InitializeEv
                0x00081c14       0x46 C:\Users\TeamUiS\AppData\Local\Temp\VMBuilds\Hoisting\arduino_due_x_dbg\Release\PID\PID_v1.cpp.o
                0x00081c14                PID::Initialize()
 .text._ZN3PID7SetModeEi
                0x00081c5a       0x1c C:\Users\TeamUiS\AppData\Local\Temp\VMBuilds\Hoisting\arduino_due_x_dbg\Release\PID\PID_v1.cpp.o
                0x00081c5a                PID::SetMode(int)
 .text._ZN3PID22SetControllerDirectionEi
                0x00081c76       0x46 C:\Users\TeamUiS\AppData\Local\Temp\VMBuilds\Hoisting\arduino_due_x_dbg\Release\PID\PID_v1.cpp.o
                0x00081c76                PID::SetControllerDirection(int)
 *fill*         0x00081cbc        0x4 
 .text._ZN3PIDC2EPdS0_S0_dddii
                0x00081cc0       0x68 C:\Users\TeamUiS\AppData\Local\Temp\VMBuilds\Hoisting\arduino_due_x_dbg\Release\PID\PID_v1.cpp.o
                0x00081cc0                PID::PID(double*, double*, double*, double, double, double, int, int)
                0x00081cc0                PID::PID(double*, double*, double*, double, double, double, int, int)
 .text._ZN3PIDC2EPdS0_S0_dddi
                0x00081d28       0x30 C:\Users\TeamUiS\AppData\Local\Temp\VMBuilds\Hoisting\arduino_due_x_dbg\Release\PID\PID_v1.cpp.o
                0x00081d28                PID::PID(double*, double*, double*, double, double, double, int)
                0x00081d28                PID::PID(double*, double*, double*, double, double, double, int)
 .text._ZN3PID5GetKpEv
                0x00081d58        0x4 C:\Users\TeamUiS\AppData\Local\Temp\VMBuilds\Hoisting\arduino_due_x_dbg\Release\PID\PID_v1.cpp.o
                0x00081d58                PID::GetKp()
 .text._ZN3PID5GetKiEv
                0x00081d5c        0xa C:\Users\TeamUiS\AppData\Local\Temp\VMBuilds\Hoisting\arduino_due_x_dbg\Release\PID\PID_v1.cpp.o
                0x00081d5c                PID::GetKi()
 .text._ZN3PID5GetKdEv
                0x00081d66        0xa C:\Users\TeamUiS\AppData\Local\Temp\VMBuilds\Hoisting\arduino_due_x_dbg\Release\PID\PID_v1.cpp.o
                0x00081d66                PID::GetKd()
 .text._Z11serialEventv
                0x00081d70        0x2 C:\Users\TeamUiS\AppData\Local\Temp\VMBuilds\Hoisting\arduino_due_x_dbg\Release\variant\variant.cpp.o
                0x00081d70                serialEvent()
 *fill*         0x00081d72        0x2 
 .text.UART_Handler
                0x00081d74        0xc C:\Users\TeamUiS\AppData\Local\Temp\VMBuilds\Hoisting\arduino_due_x_dbg\Release\variant\variant.cpp.o
                0x00081d74                UART_Handler
 .text._Z12serialEvent1v
                0x00081d80        0x2 C:\Users\TeamUiS\AppData\Local\Temp\VMBuilds\Hoisting\arduino_due_x_dbg\Release\variant\variant.cpp.o
                0x00081d80                serialEvent1()
 .text._Z12serialEvent2v
                0x00081d82        0x2 C:\Users\TeamUiS\AppData\Local\Temp\VMBuilds\Hoisting\arduino_due_x_dbg\Release\variant\variant.cpp.o
                0x00081d82                serialEvent2()
 .text._Z12serialEvent3v
                0x00081d84        0x2 C:\Users\TeamUiS\AppData\Local\Temp\VMBuilds\Hoisting\arduino_due_x_dbg\Release\variant\variant.cpp.o
                0x00081d84                serialEvent3()
 *fill*         0x00081d86        0x2 
 .text.USART0_Handler
                0x00081d88        0xc C:\Users\TeamUiS\AppData\Local\Temp\VMBuilds\Hoisting\arduino_due_x_dbg\Release\variant\variant.cpp.o
                0x00081d88                USART0_Handler
 .text.USART1_Handler
                0x00081d94        0xc C:\Users\TeamUiS\AppData\Local\Temp\VMBuilds\Hoisting\arduino_due_x_dbg\Release\variant\variant.cpp.o
                0x00081d94                USART1_Handler
 .text.USART3_Handler
                0x00081da0        0xc C:\Users\TeamUiS\AppData\Local\Temp\VMBuilds\Hoisting\arduino_due_x_dbg\Release\variant\variant.cpp.o
                0x00081da0                USART3_Handler
 .text.init     0x00081dac      0x128 C:\Users\TeamUiS\AppData\Local\Temp\VMBuilds\Hoisting\arduino_due_x_dbg\Release\variant\variant.cpp.o
                0x00081dac                init
 .text.startup._GLOBAL__sub_I_g_APinDescription
                0x00081ed4       0xd4 C:\Users\TeamUiS\AppData\Local\Temp\VMBuilds\Hoisting\arduino_due_x_dbg\Release\variant\variant.cpp.o
 .text._Z14serialEventRunv
                0x00081fa8       0x44 C:\Users\TeamUiS\AppData\Local\Temp\VMBuilds\Hoisting\arduino_due_x_dbg\Release\variant\variant.cpp.o
                0x00081fa8                serialEventRun()
 .text.PIO_PullUp
                0x00081fec        0xa C:\Users\TeamUiS\AppData\Local\arduino15\packages\arduino\hardware\sam\1.6.11\variants\arduino_due_x/libsam_sam3x8e_gcc_rel.a(pio.o)
                0x00081fec                PIO_PullUp
 .text.PIO_Get  0x00081ff6       0x14 C:\Users\TeamUiS\AppData\Local\arduino15\packages\arduino\hardware\sam\1.6.11\variants\arduino_due_x/libsam_sam3x8e_gcc_rel.a(pio.o)
                0x00081ff6                PIO_Get
 .text.PIO_SetPeripheral
                0x0008200a       0x26 C:\Users\TeamUiS\AppData\Local\arduino15\packages\arduino\hardware\sam\1.6.11\variants\arduino_due_x/libsam_sam3x8e_gcc_rel.a(pio.o)
                0x0008200a                PIO_SetPeripheral
 .text.PIO_SetInput
                0x00082030       0x26 C:\Users\TeamUiS\AppData\Local\arduino15\packages\arduino\hardware\sam\1.6.11\variants\arduino_due_x/libsam_sam3x8e_gcc_rel.a(pio.o)
                0x00082030                PIO_SetInput
 .text.PIO_SetOutput
                0x00082056       0x24 C:\Users\TeamUiS\AppData\Local\arduino15\packages\arduino\hardware\sam\1.6.11\variants\arduino_due_x/libsam_sam3x8e_gcc_rel.a(pio.o)
                0x00082056                PIO_SetOutput
 *fill*         0x0008207a        0x2 
 .text.PIO_Configure
                0x0008207c       0x64 C:\Users\TeamUiS\AppData\Local\arduino15\packages\arduino\hardware\sam\1.6.11\variants\arduino_due_x/libsam_sam3x8e_gcc_rel.a(pio.o)
                0x0008207c                PIO_Configure
 .text.PIO_GetOutputDataStatus
                0x000820e0       0x14 C:\Users\TeamUiS\AppData\Local\arduino15\packages\arduino\hardware\sam\1.6.11\variants\arduino_due_x/libsam_sam3x8e_gcc_rel.a(pio.o)
                0x000820e0                PIO_GetOutputDataStatus
 .text.pmc_enable_upll_clock
                0x000820f4       0x14 C:\Users\TeamUiS\AppData\Local\arduino15\packages\arduino\hardware\sam\1.6.11\variants\arduino_due_x/libsam_sam3x8e_gcc_rel.a(pmc.o)
                0x000820f4                pmc_enable_upll_clock
 .text.pmc_enable_periph_clk
                0x00082108       0x44 C:\Users\TeamUiS\AppData\Local\arduino15\packages\arduino\hardware\sam\1.6.11\variants\arduino_due_x/libsam_sam3x8e_gcc_rel.a(pmc.o)
                0x00082108                pmc_enable_periph_clk
 .text.pmc_disable_periph_clk
                0x0008214c       0x40 C:\Users\TeamUiS\AppData\Local\arduino15\packages\arduino\hardware\sam\1.6.11\variants\arduino_due_x/libsam_sam3x8e_gcc_rel.a(pmc.o)
                0x0008214c                pmc_disable_periph_clk
 .text.pmc_switch_udpck_to_upllck
                0x0008218c       0x14 C:\Users\TeamUiS\AppData\Local\arduino15\packages\arduino\hardware\sam\1.6.11\variants\arduino_due_x/libsam_sam3x8e_gcc_rel.a(pmc.o)
                0x0008218c                pmc_switch_udpck_to_upllck
 .text.pmc_enable_udpck
                0x000821a0        0xc C:\Users\TeamUiS\AppData\Local\arduino15\packages\arduino\hardware\sam\1.6.11\variants\arduino_due_x/libsam_sam3x8e_gcc_rel.a(pmc.o)
                0x000821a0                pmc_enable_udpck
 .text.pmc_set_writeprotect
                0x000821ac       0x1c C:\Users\TeamUiS\AppData\Local\arduino15\packages\arduino\hardware\sam\1.6.11\variants\arduino_due_x/libsam_sam3x8e_gcc_rel.a(pmc.o)
                0x000821ac                pmc_set_writeprotect
 .text.TC_Configure
                0x000821c8       0x38 C:\Users\TeamUiS\AppData\Local\arduino15\packages\arduino\hardware\sam\1.6.11\variants\arduino_due_x/libsam_sam3x8e_gcc_rel.a(tc.o)
                0x000821c8                TC_Configure
 .text.TC_Start
                0x00082200       0x2c C:\Users\TeamUiS\AppData\Local\arduino15\packages\arduino\hardware\sam\1.6.11\variants\arduino_due_x/libsam_sam3x8e_gcc_rel.a(tc.o)
                0x00082200                TC_Start
 .text.TC_GetStatus
                0x0008222c        0x8 C:\Users\TeamUiS\AppData\Local\arduino15\packages\arduino\hardware\sam\1.6.11\variants\arduino_due_x/libsam_sam3x8e_gcc_rel.a(tc.o)
                0x0008222c                TC_GetStatus
 .text.TC_SetRA
                0x00082234        0x8 C:\Users\TeamUiS\AppData\Local\arduino15\packages\arduino\hardware\sam\1.6.11\variants\arduino_due_x/libsam_sam3x8e_gcc_rel.a(tc.o)
                0x00082234                TC_SetRA
 .text.TC_SetRC
                0x0008223c        0x8 C:\Users\TeamUiS\AppData\Local\arduino15\packages\arduino\hardware\sam\1.6.11\variants\arduino_due_x/libsam_sam3x8e_gcc_rel.a(tc.o)
                0x0008223c                TC_SetRC
 .text.SystemInit
                0x00082244       0x88 C:\Users\TeamUiS\AppData\Local\arduino15\packages\arduino\hardware\sam\1.6.11\variants\arduino_due_x/libsam_sam3x8e_gcc_rel.a(system_sam3xa.o)
                0x00082244                SystemInit
 .text.Reset_Handler
                0x000822cc       0x78 C:\Users\TeamUiS\AppData\Local\arduino15\packages\arduino\hardware\sam\1.6.11\variants\arduino_due_x/libsam_sam3x8e_gcc_rel.a(startup_sam3xa.o)
                0x000822cc                Reset_Handler
 .text.adc_init
                0x00082344       0x98 C:\Users\TeamUiS\AppData\Local\arduino15\packages\arduino\hardware\sam\1.6.11\variants\arduino_due_x/libsam_sam3x8e_gcc_rel.a(adc.o)
                0x00082344                adc_init
 .text.adc_configure_trigger
                0x000823dc        0xe C:\Users\TeamUiS\AppData\Local\arduino15\packages\arduino\hardware\sam\1.6.11\variants\arduino_due_x/libsam_sam3x8e_gcc_rel.a(adc.o)
                0x000823dc                adc_configure_trigger
 .text.adc_configure_timing
                0x000823ea       0x1a C:\Users\TeamUiS\AppData\Local\arduino15\packages\arduino\hardware\sam\1.6.11\variants\arduino_due_x/libsam_sam3x8e_gcc_rel.a(adc.o)
                0x000823ea                adc_configure_timing
 .text.adc_start
                0x00082404        0x6 C:\Users\TeamUiS\AppData\Local\arduino15\packages\arduino\hardware\sam\1.6.11\variants\arduino_due_x/libsam_sam3x8e_gcc_rel.a(adc.o)
                0x00082404                adc_start
 .text.adc_enable_channel
                0x0008240a        0xa C:\Users\TeamUiS\AppData\Local\arduino15\packages\arduino\hardware\sam\1.6.11\variants\arduino_due_x/libsam_sam3x8e_gcc_rel.a(adc.o)
                0x0008240a                adc_enable_channel
 .text.adc_disable_channel
                0x00082414        0xa C:\Users\TeamUiS\AppData\Local\arduino15\packages\arduino\hardware\sam\1.6.11\variants\arduino_due_x/libsam_sam3x8e_gcc_rel.a(adc.o)
                0x00082414                adc_disable_channel
 .text.adc_disable_all_channel
                0x0008241e        0x8 C:\Users\TeamUiS\AppData\Local\arduino15\packages\arduino\hardware\sam\1.6.11\variants\arduino_due_x/libsam_sam3x8e_gcc_rel.a(adc.o)
                0x0008241e                adc_disable_all_channel
 .text.adc_get_channel_status
                0x00082426        0xa C:\Users\TeamUiS\AppData\Local\arduino15\packages\arduino\hardware\sam\1.6.11\variants\arduino_due_x/libsam_sam3x8e_gcc_rel.a(adc.o)
                0x00082426                adc_get_channel_status
 .text.adc_get_latest_value
                0x00082430        0x4 C:\Users\TeamUiS\AppData\Local\arduino15\packages\arduino\hardware\sam\1.6.11\variants\arduino_due_x/libsam_sam3x8e_gcc_rel.a(adc.o)
                0x00082430                adc_get_latest_value
 .text.adc_disable_interrupt
                0x00082434        0x4 C:\Users\TeamUiS\AppData\Local\arduino15\packages\arduino\hardware\sam\1.6.11\variants\arduino_due_x/libsam_sam3x8e_gcc_rel.a(adc.o)
                0x00082434                adc_disable_interrupt
 .text.adc_get_status
                0x00082438        0x4 C:\Users\TeamUiS\AppData\Local\arduino15\packages\arduino\hardware\sam\1.6.11\variants\arduino_due_x/libsam_sam3x8e_gcc_rel.a(adc.o)
                0x00082438                adc_get_status
 .text.UOTGHS_Handler
                0x0008243c       0x10 C:\Users\TeamUiS\AppData\Local\arduino15\packages\arduino\hardware\sam\1.6.11\variants\arduino_due_x/libsam_sam3x8e_gcc_rel.a(uotghs.o)
                0x0008243c                UOTGHS_Handler
 .text.__halt   0x0008244c        0x2 C:\Users\TeamUiS\AppData\Local\Temp\VMBuilds\Hoisting\arduino_due_x_dbg\Release/core.a(cortex_handlers.c.o)
                0x0008244c                DACC_Handler
                0x0008244c                DebugMon_Handler
                0x0008244c                DMAC_Handler
                0x0008244c                TRNG_Handler
                0x0008244c                HardFault_Handler
                0x0008244c                TC2_Handler
                0x0008244c                TWI1_Handler
                0x0008244c                NMI_Handler
                0x0008244c                TC7_Handler
                0x0008244c                ADC_Handler
                0x0008244c                SMC_Handler
                0x0008244c                RTT_Handler
                0x0008244c                EFC1_Handler
                0x0008244c                PIOB_Handler
                0x0008244c                RTC_Handler
                0x0008244c                UsageFault_Handler
                0x0008244c                TC6_Handler
                0x0008244c                WDT_Handler
                0x0008244c                CAN0_Handler
                0x0008244c                TC4_Handler
                0x0008244c                TC1_Handler
                0x0008244c                HSMCI_Handler
                0x0008244c                TWI0_Handler
                0x0008244c                PIOA_Handler
                0x0008244c                SSC_Handler
                0x0008244c                EFC0_Handler
                0x0008244c                PMC_Handler
                0x0008244c                PWM_Handler
                0x0008244c                CAN1_Handler
                0x0008244c                MemManage_Handler
                0x0008244c                SUPC_Handler
                0x0008244c                TC8_Handler
                0x0008244c                USART2_Handler
                0x0008244c                PIOD_Handler
                0x0008244c                EMAC_Handler
                0x0008244c                PIOC_Handler
                0x0008244c                BusFault_Handler
                0x0008244c                RSTC_Handler
                0x0008244c                TC0_Handler
                0x0008244c                TC5_Handler
                0x0008244c                SPI0_Handler
 .text.SVC_Handler
                0x0008244e        0x4 C:\Users\TeamUiS\AppData\Local\Temp\VMBuilds\Hoisting\arduino_due_x_dbg\Release/core.a(cortex_handlers.c.o)
                0x0008244e                SVC_Handler
 .text.PendSV_Handler
                0x00082452        0x4 C:\Users\TeamUiS\AppData\Local\Temp\VMBuilds\Hoisting\arduino_due_x_dbg\Release/core.a(cortex_handlers.c.o)
                0x00082452                PendSV_Handler
 .text.SysTick_Handler
                0x00082456       0x16 C:\Users\TeamUiS\AppData\Local\Temp\VMBuilds\Hoisting\arduino_due_x_dbg\Release/core.a(cortex_handlers.c.o)
                0x00082456                SysTick_Handler
 .text.__empty  0x0008246c        0x2 C:\Users\TeamUiS\AppData\Local\Temp\VMBuilds\Hoisting\arduino_due_x_dbg\Release/core.a(hooks.c.o)
                0x0008246c                yield
 .text.__false  0x0008246e        0x4 C:\Users\TeamUiS\AppData\Local\Temp\VMBuilds\Hoisting\arduino_due_x_dbg\Release/core.a(hooks.c.o)
                0x0008246e                sysTickHook
 .text.__halt   0x00082472        0x2 C:\Users\TeamUiS\AppData\Local\Temp\VMBuilds\Hoisting\arduino_due_x_dbg\Release/core.a(hooks.c.o)
                0x00082472                svcHook
                0x00082472                pendSVHook
 .text._sbrk    0x00082474       0x1c C:\Users\TeamUiS\AppData\Local\Temp\VMBuilds\Hoisting\arduino_due_x_dbg\Release/core.a(syscalls_sam3.c.o)
                0x00082474                _sbrk
 .text.link     0x00082490        0x6 C:\Users\TeamUiS\AppData\Local\Temp\VMBuilds\Hoisting\arduino_due_x_dbg\Release/core.a(syscalls_sam3.c.o)
                0x00082490                link
 .text._close   0x00082496        0x6 C:\Users\TeamUiS\AppData\Local\Temp\VMBuilds\Hoisting\arduino_due_x_dbg\Release/core.a(syscalls_sam3.c.o)
                0x00082496                _close
 .text._fstat   0x0008249c        0xa C:\Users\TeamUiS\AppData\Local\Temp\VMBuilds\Hoisting\arduino_due_x_dbg\Release/core.a(syscalls_sam3.c.o)
                0x0008249c                _fstat
 .text._isatty  0x000824a6        0x4 C:\Users\TeamUiS\AppData\Local\Temp\VMBuilds\Hoisting\arduino_due_x_dbg\Release/core.a(syscalls_sam3.c.o)
                0x000824a6                _isatty
 .text._lseek   0x000824aa        0x4 C:\Users\TeamUiS\AppData\Local\Temp\VMBuilds\Hoisting\arduino_due_x_dbg\Release/core.a(syscalls_sam3.c.o)
                0x000824aa                _lseek
 .text._read    0x000824ae        0x4 C:\Users\TeamUiS\AppData\Local\Temp\VMBuilds\Hoisting\arduino_due_x_dbg\Release/core.a(syscalls_sam3.c.o)
                0x000824ae                _read
 *fill*         0x000824b2        0x2 
 .text._write   0x000824b4       0x24 C:\Users\TeamUiS\AppData\Local\Temp\VMBuilds\Hoisting\arduino_due_x_dbg\Release/core.a(syscalls_sam3.c.o)
                0x000824b4                _write
 .text._exit    0x000824d8       0x10 C:\Users\TeamUiS\AppData\Local\Temp\VMBuilds\Hoisting\arduino_due_x_dbg\Release/core.a(syscalls_sam3.c.o)
                0x000824d8                _exit
 .text._kill    0x000824e8        0x2 C:\Users\TeamUiS\AppData\Local\Temp\VMBuilds\Hoisting\arduino_due_x_dbg\Release/core.a(syscalls_sam3.c.o)
                0x000824e8                _kill
 .text._getpid  0x000824ea        0x6 C:\Users\TeamUiS\AppData\Local\Temp\VMBuilds\Hoisting\arduino_due_x_dbg\Release/core.a(syscalls_sam3.c.o)
                0x000824ea                _getpid
 .text.millis   0x000824f0        0x4 C:\Users\TeamUiS\AppData\Local\Temp\VMBuilds\Hoisting\arduino_due_x_dbg\Release/core.a(wiring.c.o)
                0x000824f0                millis
 .text.micros   0x000824f4       0x74 C:\Users\TeamUiS\AppData\Local\Temp\VMBuilds\Hoisting\arduino_due_x_dbg\Release/core.a(wiring.c.o)
                0x000824f4                micros
 .text.delay    0x00082568       0x1c C:\Users\TeamUiS\AppData\Local\Temp\VMBuilds\Hoisting\arduino_due_x_dbg\Release/core.a(wiring.c.o)
                0x00082568                delay
 .text.mapResolution
                0x00082584       0x12 C:\Users\TeamUiS\AppData\Local\Temp\VMBuilds\Hoisting\arduino_due_x_dbg\Release/core.a(wiring_analog.c.o)
 *fill*         0x00082596        0x2 
 .text.analogReadResolution
                0x00082598        0xc C:\Users\TeamUiS\AppData\Local\Temp\VMBuilds\Hoisting\arduino_due_x_dbg\Release/core.a(wiring_analog.c.o)
                0x00082598                analogReadResolution
 .text.analogRead
                0x000825a4       0x9c C:\Users\TeamUiS\AppData\Local\Temp\VMBuilds\Hoisting\arduino_due_x_dbg\Release/core.a(wiring_analog.c.o)
                0x000825a4                analogRead
 .text.analogOutputInit
                0x00082640        0x2 C:\Users\TeamUiS\AppData\Local\Temp\VMBuilds\Hoisting\arduino_due_x_dbg\Release/core.a(wiring_analog.c.o)
                0x00082640                analogOutputInit
 *fill*         0x00082642        0x2 
 .text.pinMode  0x00082644      0x108 C:\Users\TeamUiS\AppData\Local\Temp\VMBuilds\Hoisting\arduino_due_x_dbg\Release/core.a(wiring_digital.c.o)
                0x00082644                pinMode
 .text.digitalWrite
                0x0008274c       0x70 C:\Users\TeamUiS\AppData\Local\Temp\VMBuilds\Hoisting\arduino_due_x_dbg\Release/core.a(wiring_digital.c.o)
                0x0008274c                digitalWrite
 .text.digitalRead
                0x000827bc       0x44 C:\Users\TeamUiS\AppData\Local\Temp\VMBuilds\Hoisting\arduino_due_x_dbg\Release/core.a(wiring_digital.c.o)
                0x000827bc                digitalRead
 .text.initVariant
                0x00082800        0x2 C:\Users\TeamUiS\AppData\Local\Temp\VMBuilds\Hoisting\arduino_due_x_dbg\Release/core.a(main.cpp.o)
                0x00082800                initVariant
 *fill*         0x00082802        0x2 
 .text.startup.main
                0x00082804       0x38 C:\Users\TeamUiS\AppData\Local\Temp\VMBuilds\Hoisting\arduino_due_x_dbg\Release/core.a(main.cpp.o)
                0x00082804                main
 .text._ZN5Print5writeEPKhj
                0x0008283c       0x22 C:\Users\TeamUiS\AppData\Local\Temp\VMBuilds\Hoisting\arduino_due_x_dbg\Release/core.a(Print.cpp.o)
                0x0008283c                Print::write(unsigned char const*, unsigned int)
 .text._ZN5Print5printEPKc
                0x0008285e        0x8 C:\Users\TeamUiS\AppData\Local\Temp\VMBuilds\Hoisting\arduino_due_x_dbg\Release/core.a(Print.cpp.o)
                0x0008285e                Print::print(char const*)
 .text._ZN5Print5printEc
                0x00082866        0xa C:\Users\TeamUiS\AppData\Local\Temp\VMBuilds\Hoisting\arduino_due_x_dbg\Release/core.a(Print.cpp.o)
                0x00082866                Print::print(char)
 .text._ZN5Print7printlnEv
                0x00082870       0x10 C:\Users\TeamUiS\AppData\Local\Temp\VMBuilds\Hoisting\arduino_due_x_dbg\Release/core.a(Print.cpp.o)
                0x00082870                Print::println()
 .text._ZN5Print7printlnEPKc
                0x00082880       0x14 C:\Users\TeamUiS\AppData\Local\Temp\VMBuilds\Hoisting\arduino_due_x_dbg\Release/core.a(Print.cpp.o)
                0x00082880                Print::println(char const*)
 .text._ZN5Print11printNumberEmh
                0x00082894       0x3e C:\Users\TeamUiS\AppData\Local\Temp\VMBuilds\Hoisting\arduino_due_x_dbg\Release/core.a(Print.cpp.o)
                0x00082894                Print::printNumber(unsigned long, unsigned char)
 .text._ZN5Print5printEli
                0x000828d2       0x3c C:\Users\TeamUiS\AppData\Local\Temp\VMBuilds\Hoisting\arduino_due_x_dbg\Release/core.a(Print.cpp.o)
                0x000828d2                Print::print(long, int)
 .text._ZN5Print5printEii
                0x0008290e        0x4 C:\Users\TeamUiS\AppData\Local\Temp\VMBuilds\Hoisting\arduino_due_x_dbg\Release/core.a(Print.cpp.o)
                0x0008290e                Print::print(int, int)
 .text._ZN5Print7printlnEii
                0x00082912       0x14 C:\Users\TeamUiS\AppData\Local\Temp\VMBuilds\Hoisting\arduino_due_x_dbg\Release/core.a(Print.cpp.o)
                0x00082912                Print::println(int, int)
 *fill*         0x00082926        0x2 
 .text._ZN5Print10printFloatEdh
                0x00082928      0x148 C:\Users\TeamUiS\AppData\Local\Temp\VMBuilds\Hoisting\arduino_due_x_dbg\Release/core.a(Print.cpp.o)
                0x00082928                Print::printFloat(double, unsigned char)
 .text._ZN5Print5printEdi
                0x00082a70        0xa C:\Users\TeamUiS\AppData\Local\Temp\VMBuilds\Hoisting\arduino_due_x_dbg\Release/core.a(Print.cpp.o)
                0x00082a70                Print::print(double, int)
 .text._ZN5Print7printlnEdi
                0x00082a7a       0x1c C:\Users\TeamUiS\AppData\Local\Temp\VMBuilds\Hoisting\arduino_due_x_dbg\Release/core.a(Print.cpp.o)
                0x00082a7a                Print::println(double, int)
 *fill*         0x00082a96        0x2 
 .text.initiateReset
                0x00082a98        0xc C:\Users\TeamUiS\AppData\Local\Temp\VMBuilds\Hoisting\arduino_due_x_dbg\Release/core.a(Reset.cpp.o)
                0x00082a98                initiateReset
 .text.cancelReset
                0x00082aa4       0x10 C:\Users\TeamUiS\AppData\Local\Temp\VMBuilds\Hoisting\arduino_due_x_dbg\Release/core.a(Reset.cpp.o)
                0x00082aa4                cancelReset
 .text.tickReset
                0x00082ab4       0x20 C:\Users\TeamUiS\AppData\Local\Temp\VMBuilds\Hoisting\arduino_due_x_dbg\Release/core.a(Reset.cpp.o)
                0x00082ab4                tickReset
 .text._ZN10RingBufferC2Ev
                0x00082ad4       0x1a C:\Users\TeamUiS\AppData\Local\Temp\VMBuilds\Hoisting\arduino_due_x_dbg\Release/core.a(RingBuffer.cpp.o)
                0x00082ad4                RingBuffer::RingBuffer()
                0x00082ad4                RingBuffer::RingBuffer()
 .text._ZN10RingBuffer10store_charEh
                0x00082aee       0x1e C:\Users\TeamUiS\AppData\Local\Temp\VMBuilds\Hoisting\arduino_due_x_dbg\Release/core.a(RingBuffer.cpp.o)
                0x00082aee                RingBuffer::store_char(unsigned char)
 .text._ZN6Stream9timedReadEv
                0x00082b0c       0x2a C:\Users\TeamUiS\AppData\Local\Temp\VMBuilds\Hoisting\arduino_due_x_dbg\Release/core.a(Stream.cpp.o)
                0x00082b0c                Stream::timedRead()
 *fill*         0x00082b36        0x2 
 .text._ZN6Stream15readStringUntilEc
                0x00082b38       0x30 C:\Users\TeamUiS\AppData\Local\Temp\VMBuilds\Hoisting\arduino_due_x_dbg\Release/core.a(Stream.cpp.o)
                0x00082b38                Stream::readStringUntil(char)
 .text._ZN9UARTClasscvbEv
                0x00082b68        0x4 C:\Users\TeamUiS\AppData\Local\Temp\VMBuilds\Hoisting\arduino_due_x_dbg\Release/core.a(UARTClass.cpp.o)
                0x00082b68                UARTClass::operator bool()
 .text._ZN9UARTClass9availableEv
                0x00082b6c       0x12 C:\Users\TeamUiS\AppData\Local\Temp\VMBuilds\Hoisting\arduino_due_x_dbg\Release/core.a(UARTClass.cpp.o)
                0x00082b6c                UARTClass::available()
 .text._ZN9UARTClass4peekEv
                0x00082b7e       0x1c C:\Users\TeamUiS\AppData\Local\Temp\VMBuilds\Hoisting\arduino_due_x_dbg\Release/core.a(UARTClass.cpp.o)
                0x00082b7e                UARTClass::peek()
 .text._ZN9UARTClass4readEv
                0x00082b9a       0x2a C:\Users\TeamUiS\AppData\Local\Temp\VMBuilds\Hoisting\arduino_due_x_dbg\Release/core.a(UARTClass.cpp.o)
                0x00082b9a                UARTClass::read()
 .text._ZN9UARTClass5flushEv
                0x00082bc4       0x18 C:\Users\TeamUiS\AppData\Local\Temp\VMBuilds\Hoisting\arduino_due_x_dbg\Release/core.a(UARTClass.cpp.o)
                0x00082bc4                UARTClass::flush()
 .text._ZN9UARTClass5writeEh
                0x00082bdc       0x54 C:\Users\TeamUiS\AppData\Local\Temp\VMBuilds\Hoisting\arduino_due_x_dbg\Release/core.a(UARTClass.cpp.o)
                0x00082bdc                UARTClass::write(unsigned char)
 .text._ZN9UARTClass3endEv
                0x00082c30       0x3c C:\Users\TeamUiS\AppData\Local\Temp\VMBuilds\Hoisting\arduino_due_x_dbg\Release/core.a(UARTClass.cpp.o)
                0x00082c30                UARTClass::end()
 .text._ZN9UARTClassC2EP4Uart4IRQnmP10RingBufferS4_
                0x00082c6c       0x24 C:\Users\TeamUiS\AppData\Local\Temp\VMBuilds\Hoisting\arduino_due_x_dbg\Release/core.a(UARTClass.cpp.o)
                0x00082c6c                UARTClass::UARTClass(Uart*, IRQn, unsigned long, RingBuffer*, RingBuffer*)
                0x00082c6c                UARTClass::UARTClass(Uart*, IRQn, unsigned long, RingBuffer*, RingBuffer*)
 .text._ZN9UARTClass4initEmm
                0x00082c90       0x70 C:\Users\TeamUiS\AppData\Local\Temp\VMBuilds\Hoisting\arduino_due_x_dbg\Release/core.a(UARTClass.cpp.o)
                0x00082c90                UARTClass::init(unsigned long, unsigned long)
 .text._ZN9UARTClass5beginEm
                0x00082d00        0x8 C:\Users\TeamUiS\AppData\Local\Temp\VMBuilds\Hoisting\arduino_due_x_dbg\Release/core.a(UARTClass.cpp.o)
                0x00082d00                UARTClass::begin(unsigned long)
 .text._ZN9UARTClass10IrqHandlerEv
                0x00082d08       0x5a C:\Users\TeamUiS\AppData\Local\Temp\VMBuilds\Hoisting\arduino_due_x_dbg\Release/core.a(UARTClass.cpp.o)
                0x00082d08                UARTClass::IrqHandler()
 .text._ZN10USARTClass5beginEm
                0x00082d62        0x8 C:\Users\TeamUiS\AppData\Local\Temp\VMBuilds\Hoisting\arduino_due_x_dbg\Release/core.a(USARTClass.cpp.o)
                0x00082d62                USARTClass::begin(unsigned long)
 *fill*         0x00082d6a        0x2 
 .text._ZN10USARTClassC2EP5Usart4IRQnmP10RingBufferS4_
                0x00082d6c       0x24 C:\Users\TeamUiS\AppData\Local\Temp\VMBuilds\Hoisting\arduino_due_x_dbg\Release/core.a(USARTClass.cpp.o)
                0x00082d6c                USARTClass::USARTClass(Usart*, IRQn, unsigned long, RingBuffer*, RingBuffer*)
                0x00082d6c                USARTClass::USARTClass(Usart*, IRQn, unsigned long, RingBuffer*, RingBuffer*)
 .text._watchdogDefaultSetup
                0x00082d90        0xc C:\Users\TeamUiS\AppData\Local\Temp\VMBuilds\Hoisting\arduino_due_x_dbg\Release/core.a(watchdog.cpp.o)
                0x00082d90                _watchdogDefaultSetup
                0x00082d90                watchdogSetup()
 .text._ZN6StringD2Ev
                0x00082d9c        0xe C:\Users\TeamUiS\AppData\Local\Temp\VMBuilds\Hoisting\arduino_due_x_dbg\Release/core.a(WString.cpp.o)
                0x00082d9c                String::~String()
                0x00082d9c                String::~String()
 .text._ZN6String10invalidateEv
                0x00082daa       0x16 C:\Users\TeamUiS\AppData\Local\Temp\VMBuilds\Hoisting\arduino_due_x_dbg\Release/core.a(WString.cpp.o)
                0x00082daa                String::invalidate()
 .text._ZN6String12changeBufferEj
                0x00082dc0       0x18 C:\Users\TeamUiS\AppData\Local\Temp\VMBuilds\Hoisting\arduino_due_x_dbg\Release/core.a(WString.cpp.o)
                0x00082dc0                String::changeBuffer(unsigned int)
 .text._ZN6String7reserveEj
                0x00082dd8       0x22 C:\Users\TeamUiS\AppData\Local\Temp\VMBuilds\Hoisting\arduino_due_x_dbg\Release/core.a(WString.cpp.o)
                0x00082dd8                String::reserve(unsigned int)
 .text._ZN6String4copyEPKcj
                0x00082dfa       0x26 C:\Users\TeamUiS\AppData\Local\Temp\VMBuilds\Hoisting\arduino_due_x_dbg\Release/core.a(WString.cpp.o)
                0x00082dfa                String::copy(char const*, unsigned int)
 .text._ZN6StringC2EPKc
                0x00082e20       0x24 C:\Users\TeamUiS\AppData\Local\Temp\VMBuilds\Hoisting\arduino_due_x_dbg\Release/core.a(WString.cpp.o)
                0x00082e20                String::String(char const*)
                0x00082e20                String::String(char const*)
 .text._ZN6StringaSERKS_
                0x00082e44       0x1e C:\Users\TeamUiS\AppData\Local\Temp\VMBuilds\Hoisting\arduino_due_x_dbg\Release/core.a(WString.cpp.o)
                0x00082e44                String::operator=(String const&)
 .text._ZN6StringC2ERKS_
                0x00082e62       0x14 C:\Users\TeamUiS\AppData\Local\Temp\VMBuilds\Hoisting\arduino_due_x_dbg\Release/core.a(WString.cpp.o)
                0x00082e62                String::String(String const&)
                0x00082e62                String::String(String const&)
 .text._ZN6StringaSEPKc
                0x00082e76       0x22 C:\Users\TeamUiS\AppData\Local\Temp\VMBuilds\Hoisting\arduino_due_x_dbg\Release/core.a(WString.cpp.o)
                0x00082e76                String::operator=(char const*)
 .text._ZN6String6concatEPKcj
                0x00082e98       0x2e C:\Users\TeamUiS\AppData\Local\Temp\VMBuilds\Hoisting\arduino_due_x_dbg\Release/core.a(WString.cpp.o)
                0x00082e98                String::concat(char const*, unsigned int)
 .text._ZN6String6concatEc
                0x00082ec6       0x1a C:\Users\TeamUiS\AppData\Local\Temp\VMBuilds\Hoisting\arduino_due_x_dbg\Release/core.a(WString.cpp.o)
                0x00082ec6                String::concat(char)
 .text._ZNK6String7indexOfEcj
                0x00082ee0       0x1c C:\Users\TeamUiS\AppData\Local\Temp\VMBuilds\Hoisting\arduino_due_x_dbg\Release/core.a(WString.cpp.o)
                0x00082ee0                String::indexOf(char, unsigned int) const
 .text._ZNK6String7indexOfEc
                0x00082efc        0x6 C:\Users\TeamUiS\AppData\Local\Temp\VMBuilds\Hoisting\arduino_due_x_dbg\Release/core.a(WString.cpp.o)
                0x00082efc                String::indexOf(char) const
 *fill*         0x00082f02        0x2 
 .text._ZNK6String9substringEjj
                0x00082f04       0x4c C:\Users\TeamUiS\AppData\Local\Temp\VMBuilds\Hoisting\arduino_due_x_dbg\Release/core.a(WString.cpp.o)
                0x00082f04                String::substring(unsigned int, unsigned int) const
 .text._ZNK6String5toIntEv
                0x00082f50        0xa C:\Users\TeamUiS\AppData\Local\Temp\VMBuilds\Hoisting\arduino_due_x_dbg\Release/core.a(WString.cpp.o)
                0x00082f50                String::toInt() const
 .text._ZNK6String8toDoubleEv
                0x00082f5a        0xe C:\Users\TeamUiS\AppData\Local\Temp\VMBuilds\Hoisting\arduino_due_x_dbg\Release/core.a(WString.cpp.o)
                0x00082f5a                String::toDouble() const
 .text._ZNK6String7toFloatEv
                0x00082f68        0xc C:\Users\TeamUiS\AppData\Local\Temp\VMBuilds\Hoisting\arduino_due_x_dbg\Release/core.a(WString.cpp.o)
                0x00082f68                String::toFloat() const
 .text.unlikely._ZL11USB_SendZlpv
                0x00082f74       0x20 C:\Users\TeamUiS\AppData\Local\Temp\VMBuilds\Hoisting\arduino_due_x_dbg\Release/core.a(USBCore.cpp.o)
 .text._Z14USBD_Availablem
                0x00082f94       0x2c C:\Users\TeamUiS\AppData\Local\Temp\VMBuilds\Hoisting\arduino_due_x_dbg\Release/core.a(USBCore.cpp.o)
                0x00082f94                USBD_Available(unsigned long)
 .text._Z9USBD_RecvmPvm
                0x00082fc0       0x7c C:\Users\TeamUiS\AppData\Local\Temp\VMBuilds\Hoisting\arduino_due_x_dbg\Release/core.a(USBCore.cpp.o)
                0x00082fc0                USBD_Recv(unsigned long, void*, unsigned long)
 .text._Z9USBD_Recvm
                0x0008303c       0x22 C:\Users\TeamUiS\AppData\Local\Temp\VMBuilds\Hoisting\arduino_due_x_dbg\Release/core.a(USBCore.cpp.o)
                0x0008303c                USBD_Recv(unsigned long)
 *fill*         0x0008305e        0x2 
 .text._Z9USBD_SendmPKvm
                0x00083060       0x4c C:\Users\TeamUiS\AppData\Local\Temp\VMBuilds\Hoisting\arduino_due_x_dbg\Release/core.a(USBCore.cpp.o)
                0x00083060                USBD_Send(unsigned long, void const*, unsigned long)
 .text._Z16USBD_SendControlhPKvm
                0x000830ac       0x40 C:\Users\TeamUiS\AppData\Local\Temp\VMBuilds\Hoisting\arduino_due_x_dbg\Release/core.a(USBCore.cpp.o)
                0x000830ac                USBD_SendControl(unsigned char, void const*, unsigned long)
 .text.unlikely._ZL24USB_SendStringDescriptorPKhi
                0x000830ec       0x64 C:\Users\TeamUiS\AppData\Local\Temp\VMBuilds\Hoisting\arduino_due_x_dbg\Release/core.a(USBCore.cpp.o)
 .text._Z16USBD_RecvControlPvm
                0x00083150       0x1c C:\Users\TeamUiS\AppData\Local\Temp\VMBuilds\Hoisting\arduino_due_x_dbg\Release/core.a(USBCore.cpp.o)
                0x00083150                USBD_RecvControl(void*, unsigned long)
 .text._Z26USBD_ClassInterfaceRequestR8USBSetup
                0x0008316c       0x1e C:\Users\TeamUiS\AppData\Local\Temp\VMBuilds\Hoisting\arduino_due_x_dbg\Release/core.a(USBCore.cpp.o)
                0x0008316c                USBD_ClassInterfaceRequest(USBSetup&)
 .text._Z19USBD_SendInterfacesv
                0x0008318a       0x22 C:\Users\TeamUiS\AppData\Local\Temp\VMBuilds\Hoisting\arduino_due_x_dbg\Release/core.a(USBCore.cpp.o)
                0x0008318a                USBD_SendInterfaces()
 .text._Z24USBD_SendOtherInterfacesv
                0x000831ac       0x22 C:\Users\TeamUiS\AppData\Local\Temp\VMBuilds\Hoisting\arduino_due_x_dbg\Release/core.a(USBCore.cpp.o)
                0x000831ac                USBD_SendOtherInterfaces()
 .text._Z10USBD_Flushm
                0x000831ce       0x16 C:\Users\TeamUiS\AppData\Local\Temp\VMBuilds\Hoisting\arduino_due_x_dbg\Release/core.a(USBCore.cpp.o)
                0x000831ce                USBD_Flush(unsigned long)
 .text._ZN10USBDevice_C2Ev
                0x000831e4       0x24 C:\Users\TeamUiS\AppData\Local\Temp\VMBuilds\Hoisting\arduino_due_x_dbg\Release/core.a(USBCore.cpp.o)
                0x000831e4                USBDevice_::USBDevice_()
                0x000831e4                USBDevice_::USBDevice_()
 .text._ZN10USBDevice_6attachEv
                0x00083208       0x20 C:\Users\TeamUiS\AppData\Local\Temp\VMBuilds\Hoisting\arduino_due_x_dbg\Release/core.a(USBCore.cpp.o)
                0x00083208                USBDevice_::attach()
 .text.startup._GLOBAL__sub_I_EndPoints
                0x00083228        0xc C:\Users\TeamUiS\AppData\Local\Temp\VMBuilds\Hoisting\arduino_due_x_dbg\Release/core.a(USBCore.cpp.o)
 .text._ZL7USB_ISRv
                0x00083234      0x454 C:\Users\TeamUiS\AppData\Local\Temp\VMBuilds\Hoisting\arduino_due_x_dbg\Release/core.a(USBCore.cpp.o)
 .text._ZN7Serial_9availableEv
                0x00083688       0x18 C:\Users\TeamUiS\AppData\Local\Temp\VMBuilds\Hoisting\arduino_due_x_dbg\Release/core.a(CDC.cpp.o)
                0x00083688                Serial_::available()
 .text._ZN7Serial_17availableForWriteEv
                0x000836a0        0x6 C:\Users\TeamUiS\AppData\Local\Temp\VMBuilds\Hoisting\arduino_due_x_dbg\Release/core.a(CDC.cpp.o)
                0x000836a0                Serial_::availableForWrite()
 *fill*         0x000836a6        0x2 
 .text._ZN7Serial_4peekEv
                0x000836a8       0x20 C:\Users\TeamUiS\AppData\Local\Temp\VMBuilds\Hoisting\arduino_due_x_dbg\Release/core.a(CDC.cpp.o)
                0x000836a8                Serial_::peek()
 .text._ZN7Serial_5writeEh
                0x000836c8       0x16 C:\Users\TeamUiS\AppData\Local\Temp\VMBuilds\Hoisting\arduino_due_x_dbg\Release/core.a(CDC.cpp.o)
                0x000836c8                Serial_::write(unsigned char)
 *fill*         0x000836de        0x2 
 .text._ZN7Serial_4readEv
                0x000836e0       0x44 C:\Users\TeamUiS\AppData\Local\Temp\VMBuilds\Hoisting\arduino_due_x_dbg\Release/core.a(CDC.cpp.o)
                0x000836e0                Serial_::read()
 .text._ZN7Serial_5flushEv
                0x00083724        0x6 C:\Users\TeamUiS\AppData\Local\Temp\VMBuilds\Hoisting\arduino_due_x_dbg\Release/core.a(CDC.cpp.o)
                0x00083724                Serial_::flush()
 *fill*         0x0008372a        0x2 
 .text._ZN7Serial_6acceptEv
                0x0008372c       0x70 C:\Users\TeamUiS\AppData\Local\Temp\VMBuilds\Hoisting\arduino_due_x_dbg\Release/core.a(CDC.cpp.o)
                0x0008372c                Serial_::accept()
 .text._ZN7Serial_5writeEPKhj
                0x0008379c       0x2c C:\Users\TeamUiS\AppData\Local\Temp\VMBuilds\Hoisting\arduino_due_x_dbg\Release/core.a(CDC.cpp.o)
                0x0008379c                Serial_::write(unsigned char const*, unsigned int)
 .text._Z16CDC_GetInterfacePh
                0x000837c8       0x14 C:\Users\TeamUiS\AppData\Local\Temp\VMBuilds\Hoisting\arduino_due_x_dbg\Release/core.a(CDC.cpp.o)
                0x000837c8                CDC_GetInterface(unsigned char*)
 .text._Z21CDC_GetOtherInterfacePh
                0x000837dc       0x14 C:\Users\TeamUiS\AppData\Local\Temp\VMBuilds\Hoisting\arduino_due_x_dbg\Release/core.a(CDC.cpp.o)
                0x000837dc                CDC_GetOtherInterface(unsigned char*)
 .text._Z9CDC_SetupR8USBSetup
                0x000837f0       0x78 C:\Users\TeamUiS\AppData\Local\Temp\VMBuilds\Hoisting\arduino_due_x_dbg\Release/core.a(CDC.cpp.o)
                0x000837f0                CDC_Setup(USBSetup&)
 .text.startup._GLOBAL__sub_I_cdc_rx_buffer
                0x00083868       0x1c C:\Users\TeamUiS\AppData\Local\Temp\VMBuilds\Hoisting\arduino_due_x_dbg\Release/core.a(CDC.cpp.o)
 .text._ZN13PluggableUSB_12getInterfaceEPh
                0x00083884       0x28 C:\Users\TeamUiS\AppData\Local\Temp\VMBuilds\Hoisting\arduino_due_x_dbg\Release/core.a(PluggableUSB.cpp.o)
                0x00083884                PluggableUSB_::getInterface(unsigned char*)
 .text._ZN13PluggableUSB_13getDescriptorER8USBSetup
                0x000838ac       0x1c C:\Users\TeamUiS\AppData\Local\Temp\VMBuilds\Hoisting\arduino_due_x_dbg\Release/core.a(PluggableUSB.cpp.o)
                0x000838ac                PluggableUSB_::getDescriptor(USBSetup&)
 .text._ZN13PluggableUSB_12getShortNameEPc
                0x000838c8       0x1c C:\Users\TeamUiS\AppData\Local\Temp\VMBuilds\Hoisting\arduino_due_x_dbg\Release/core.a(PluggableUSB.cpp.o)
                0x000838c8                PluggableUSB_::getShortName(char*)
 .text._ZN13PluggableUSB_5setupER8USBSetup
                0x000838e4       0x20 C:\Users\TeamUiS\AppData\Local\Temp\VMBuilds\Hoisting\arduino_due_x_dbg\Release/core.a(PluggableUSB.cpp.o)
                0x000838e4                PluggableUSB_::setup(USBSetup&)
 .text._Z12PluggableUSBv
                0x00083904       0x28 C:\Users\TeamUiS\AppData\Local\Temp\VMBuilds\Hoisting\arduino_due_x_dbg\Release/core.a(PluggableUSB.cpp.o)
                0x00083904                PluggableUSB()
 .text.TimeTick_Increment
                0x0008392c       0x10 C:\Users\TeamUiS\AppData\Local\arduino15\packages\arduino\hardware\sam\1.6.11\variants\arduino_due_x/libsam_sam3x8e_gcc_rel.a(timetick.o)
                0x0008392c                TimeTick_Increment
 .text.GetTickCount
                0x0008393c        0xc C:\Users\TeamUiS\AppData\Local\arduino15\packages\arduino\hardware\sam\1.6.11\variants\arduino_due_x/libsam_sam3x8e_gcc_rel.a(timetick.o)
                0x0008393c                GetTickCount
 .text.WDT_Disable
                0x00083948        0x8 C:\Users\TeamUiS\AppData\Local\arduino15\packages\arduino\hardware\sam\1.6.11\variants\arduino_due_x/libsam_sam3x8e_gcc_rel.a(wdt.o)
                0x00083948                WDT_Disable
 .text.UDD_SetStack
                0x00083950        0xc C:\Users\TeamUiS\AppData\Local\arduino15\packages\arduino\hardware\sam\1.6.11\variants\arduino_due_x/libsam_sam3x8e_gcc_rel.a(uotghs_device.o)
                0x00083950                UDD_SetStack
 .text.UDD_Init
                0x0008395c       0xd0 C:\Users\TeamUiS\AppData\Local\arduino15\packages\arduino\hardware\sam\1.6.11\variants\arduino_due_x/libsam_sam3x8e_gcc_rel.a(uotghs_device.o)
                0x0008395c                UDD_Init
 .text.UDD_Attach
                0x00083a2c       0x50 C:\Users\TeamUiS\AppData\Local\arduino15\packages\arduino\hardware\sam\1.6.11\variants\arduino_due_x/libsam_sam3x8e_gcc_rel.a(uotghs_device.o)
                0x00083a2c                UDD_Attach
 .text.UDD_InitEP
                0x00083a7c       0x2c C:\Users\TeamUiS\AppData\Local\arduino15\packages\arduino\hardware\sam\1.6.11\variants\arduino_due_x/libsam_sam3x8e_gcc_rel.a(uotghs_device.o)
                0x00083a7c                UDD_InitEP
 .text.UDD_InitEndpoints
                0x00083aa8       0x3c C:\Users\TeamUiS\AppData\Local\arduino15\packages\arduino\hardware\sam\1.6.11\variants\arduino_due_x/libsam_sam3x8e_gcc_rel.a(uotghs_device.o)
                0x00083aa8                UDD_InitEndpoints
 .text.UDD_WaitIN
                0x00083ae4       0x10 C:\Users\TeamUiS\AppData\Local\arduino15\packages\arduino\hardware\sam\1.6.11\variants\arduino_due_x/libsam_sam3x8e_gcc_rel.a(uotghs_device.o)
                0x00083ae4                UDD_WaitIN
 .text.UDD_WaitOUT
                0x00083af4       0x10 C:\Users\TeamUiS\AppData\Local\arduino15\packages\arduino\hardware\sam\1.6.11\variants\arduino_due_x/libsam_sam3x8e_gcc_rel.a(uotghs_device.o)
                0x00083af4                UDD_WaitOUT
 .text.UDD_ClearIN
                0x00083b04       0x18 C:\Users\TeamUiS\AppData\Local\arduino15\packages\arduino\hardware\sam\1.6.11\variants\arduino_due_x/libsam_sam3x8e_gcc_rel.a(uotghs_device.o)
                0x00083b04                UDD_ClearIN
 .text.UDD_ClearOUT
                0x00083b1c       0x18 C:\Users\TeamUiS\AppData\Local\arduino15\packages\arduino\hardware\sam\1.6.11\variants\arduino_due_x/libsam_sam3x8e_gcc_rel.a(uotghs_device.o)
                0x00083b1c                UDD_ClearOUT
 .text.UDD_ReceivedSetupInt
                0x00083b34       0x10 C:\Users\TeamUiS\AppData\Local\arduino15\packages\arduino\hardware\sam\1.6.11\variants\arduino_due_x/libsam_sam3x8e_gcc_rel.a(uotghs_device.o)
                0x00083b34                UDD_ReceivedSetupInt
 .text.UDD_ClearSetupInt
                0x00083b44       0x10 C:\Users\TeamUiS\AppData\Local\arduino15\packages\arduino\hardware\sam\1.6.11\variants\arduino_due_x/libsam_sam3x8e_gcc_rel.a(uotghs_device.o)
                0x00083b44                UDD_ClearSetupInt
 .text.UDD_Send
                0x00083b54       0x88 C:\Users\TeamUiS\AppData\Local\arduino15\packages\arduino\hardware\sam\1.6.11\variants\arduino_due_x/libsam_sam3x8e_gcc_rel.a(uotghs_device.o)
                0x00083b54                UDD_Send
 .text.UDD_Send8
                0x00083bdc       0x24 C:\Users\TeamUiS\AppData\Local\arduino15\packages\arduino\hardware\sam\1.6.11\variants\arduino_due_x/libsam_sam3x8e_gcc_rel.a(uotghs_device.o)
                0x00083bdc                UDD_Send8
 .text.UDD_Recv8
                0x00083c00       0x28 C:\Users\TeamUiS\AppData\Local\arduino15\packages\arduino\hardware\sam\1.6.11\variants\arduino_due_x/libsam_sam3x8e_gcc_rel.a(uotghs_device.o)
                0x00083c00                UDD_Recv8
 .text.UDD_Recv
                0x00083c28       0x34 C:\Users\TeamUiS\AppData\Local\arduino15\packages\arduino\hardware\sam\1.6.11\variants\arduino_due_x/libsam_sam3x8e_gcc_rel.a(uotghs_device.o)
                0x00083c28                UDD_Recv
 .text.UDD_Stall
                0x00083c5c       0x14 C:\Users\TeamUiS\AppData\Local\arduino15\packages\arduino\hardware\sam\1.6.11\variants\arduino_due_x/libsam_sam3x8e_gcc_rel.a(uotghs_device.o)
                0x00083c5c                UDD_Stall
 .text.UDD_FifoByteCount
                0x00083c70       0x14 C:\Users\TeamUiS\AppData\Local\arduino15\packages\arduino\hardware\sam\1.6.11\variants\arduino_due_x/libsam_sam3x8e_gcc_rel.a(uotghs_device.o)
                0x00083c70                UDD_FifoByteCount
 .text.UDD_ReleaseRX
                0x00083c84       0x28 C:\Users\TeamUiS\AppData\Local\arduino15\packages\arduino\hardware\sam\1.6.11\variants\arduino_due_x/libsam_sam3x8e_gcc_rel.a(uotghs_device.o)
                0x00083c84                UDD_ReleaseRX
 .text.UDD_ReleaseTX
                0x00083cac       0x28 C:\Users\TeamUiS\AppData\Local\arduino15\packages\arduino\hardware\sam\1.6.11\variants\arduino_due_x/libsam_sam3x8e_gcc_rel.a(uotghs_device.o)
                0x00083cac                UDD_ReleaseTX
 .text.UDD_SetAddress
                0x00083cd4       0x20 C:\Users\TeamUiS\AppData\Local\arduino15\packages\arduino\hardware\sam\1.6.11\variants\arduino_due_x/libsam_sam3x8e_gcc_rel.a(uotghs_device.o)
                0x00083cd4                UDD_SetAddress
 .text.__fpclassifyd
                0x00083cf4       0x50 c:/users/teamuis/appdata/local/arduino15/packages/arduino/tools/arm-none-eabi-gcc/4.8.3-2014q1/bin/../lib/gcc/arm-none-eabi/4.8.3/../../../../arm-none-eabi/lib/armv7-m\libm.a(lib_a-s_fpclassify.o)
                0x00083cf4                __fpclassifyd
 .text          0x00083d44      0x370 c:/users/teamuis/appdata/local/arduino15/packages/arduino/tools/arm-none-eabi-gcc/4.8.3-2014q1/bin/../lib/gcc/arm-none-eabi/4.8.3/armv7-m\libgcc.a(_arm_addsubdf3.o)
                0x00083d44                __aeabi_drsub
                0x00083d4c                __aeabi_dsub
                0x00083d4c                __subdf3
                0x00083d50                __aeabi_dadd
                0x00083d50                __adddf3
                0x00083fc8                __floatunsidf
                0x00083fc8                __aeabi_ui2d
                0x00083fe8                __floatsidf
                0x00083fe8                __aeabi_i2d
                0x0008400c                __aeabi_f2d
                0x0008400c                __extendsfdf2
                0x00084048                __floatundidf
                0x00084048                __aeabi_ul2d
                0x00084058                __floatdidf
                0x00084058                __aeabi_l2d
 .text          0x000840b4      0x424 c:/users/teamuis/appdata/local/arduino15/packages/arduino/tools/arm-none-eabi-gcc/4.8.3-2014q1/bin/../lib/gcc/arm-none-eabi/4.8.3/armv7-m\libgcc.a(_arm_muldivdf3.o)
                0x000840b4                __aeabi_dmul
                0x000840b4                __muldf3
                0x00084308                __divdf3
                0x00084308                __aeabi_ddiv
 .text          0x000844d8      0x110 c:/users/teamuis/appdata/local/arduino15/packages/arduino/tools/arm-none-eabi-gcc/4.8.3-2014q1/bin/../lib/gcc/arm-none-eabi/4.8.3/armv7-m\libgcc.a(_arm_cmpdf2.o)
                0x000844d8                __gtdf2
                0x000844d8                __gedf2
                0x000844e0                __ltdf2
                0x000844e0                __ledf2
                0x000844e8                __nedf2
                0x000844e8                __eqdf2
                0x000844e8                __cmpdf2
                0x00084564                __aeabi_cdrcmple
                0x00084574                __aeabi_cdcmpeq
                0x00084574                __aeabi_cdcmple
                0x00084584                __aeabi_dcmpeq
                0x00084598                __aeabi_dcmplt
                0x000845ac                __aeabi_dcmple
                0x000845c0                __aeabi_dcmpge
                0x000845d4                __aeabi_dcmpgt
 .text          0x000845e8       0x50 c:/users/teamuis/appdata/local/arduino15/packages/arduino/tools/arm-none-eabi-gcc/4.8.3-2014q1/bin/../lib/gcc/arm-none-eabi/4.8.3/armv7-m\libgcc.a(_arm_fixdfsi.o)
                0x000845e8                __aeabi_d2iz
                0x000845e8                __fixdfsi
 .text          0x00084638       0x40 c:/users/teamuis/appdata/local/arduino15/packages/arduino/tools/arm-none-eabi-gcc/4.8.3-2014q1/bin/../lib/gcc/arm-none-eabi/4.8.3/armv7-m\libgcc.a(_arm_fixunsdfsi.o)
                0x00084638                __aeabi_d2uiz
                0x00084638                __fixunsdfsi
 .text          0x00084678       0xa0 c:/users/teamuis/appdata/local/arduino15/packages/arduino/tools/arm-none-eabi-gcc/4.8.3-2014q1/bin/../lib/gcc/arm-none-eabi/4.8.3/armv7-m\libgcc.a(_arm_truncdfsf2.o)
                0x00084678                __truncdfsf2
                0x00084678                __aeabi_d2f
 .text          0x00084718      0x21c c:/users/teamuis/appdata/local/arduino15/packages/arduino/tools/arm-none-eabi-gcc/4.8.3-2014q1/bin/../lib/gcc/arm-none-eabi/4.8.3/armv7-m\libgcc.a(_arm_addsubsf3.o)
                0x00084718                __aeabi_frsub
                0x00084720                __subsf3
                0x00084720                __aeabi_fsub
                0x00084724                __aeabi_fadd
                0x00084724                __addsf3
                0x00084884                __aeabi_ui2f
                0x00084884                __floatunsisf
                0x0008488c                __aeabi_i2f
                0x0008488c                __floatsisf
                0x000848a8                __aeabi_ul2f
                0x000848a8                __floatundisf
                0x000848b8                __aeabi_l2f
                0x000848b8                __floatdisf
 .text          0x00084934      0x2a0 c:/users/teamuis/appdata/local/arduino15/packages/arduino/tools/arm-none-eabi-gcc/4.8.3-2014q1/bin/../lib/gcc/arm-none-eabi/4.8.3/armv7-m\libgcc.a(_arm_muldivsf3.o)
                0x00084934                __mulsf3
                0x00084934                __aeabi_fmul
                0x00084a9c                __aeabi_fdiv
                0x00084a9c                __divsf3
 .text          0x00084bd4       0x4c c:/users/teamuis/appdata/local/arduino15/packages/arduino/tools/arm-none-eabi-gcc/4.8.3-2014q1/bin/../lib/gcc/arm-none-eabi/4.8.3/armv7-m\libgcc.a(_arm_fixsfsi.o)
                0x00084bd4                __aeabi_f2iz
                0x00084bd4                __fixsfsi
 .text.__assert_func
                0x00084c20       0x3c c:/users/teamuis/appdata/local/arduino15/packages/arduino/tools/arm-none-eabi-gcc/4.8.3-2014q1/bin/../lib/gcc/arm-none-eabi/4.8.3/../../../../arm-none-eabi/lib/armv7-m\libg.a(lib_a-assert.o)
                0x00084c20                __assert_func
 .text.atof     0x00084c5c        0x8 c:/users/teamuis/appdata/local/arduino15/packages/arduino/tools/arm-none-eabi-gcc/4.8.3-2014q1/bin/../lib/gcc/arm-none-eabi/4.8.3/../../../../arm-none-eabi/lib/armv7-m\libg.a(lib_a-atof.o)
                0x00084c5c                atof
 .text.atol     0x00084c64        0x8 c:/users/teamuis/appdata/local/arduino15/packages/arduino/tools/arm-none-eabi-gcc/4.8.3-2014q1/bin/../lib/gcc/arm-none-eabi/4.8.3/../../../../arm-none-eabi/lib/armv7-m\libg.a(lib_a-atol.o)
                0x00084c64                atol
 .text.fiprintf
                0x00084c6c       0x28 c:/users/teamuis/appdata/local/arduino15/packages/arduino/tools/arm-none-eabi-gcc/4.8.3-2014q1/bin/../lib/gcc/arm-none-eabi/4.8.3/../../../../arm-none-eabi/lib/armv7-m\libg.a(lib_a-fiprintf.o)
                0x00084c6c                fiprintf
 .text.__libc_init_array
                0x00084c94       0x50 c:/users/teamuis/appdata/local/arduino15/packages/arduino/tools/arm-none-eabi-gcc/4.8.3-2014q1/bin/../lib/gcc/arm-none-eabi/4.8.3/../../../../arm-none-eabi/lib/armv7-m\libg.a(lib_a-init.o)
                0x00084c94                __libc_init_array
 .text.iprintf  0x00084ce4       0x28 c:/users/teamuis/appdata/local/arduino15/packages/arduino/tools/arm-none-eabi-gcc/4.8.3-2014q1/bin/../lib/gcc/arm-none-eabi/4.8.3/../../../../arm-none-eabi/lib/armv7-m\libg.a(lib_a-iprintf.o)
                0x00084ce4                iprintf
 .text.malloc   0x00084d0c       0x10 c:/users/teamuis/appdata/local/arduino15/packages/arduino/tools/arm-none-eabi-gcc/4.8.3-2014q1/bin/../lib/gcc/arm-none-eabi/4.8.3/../../../../arm-none-eabi/lib/armv7-m\libg.a(lib_a-malloc.o)
                0x00084d0c                malloc
 .text.free     0x00084d1c       0x10 c:/users/teamuis/appdata/local/arduino15/packages/arduino/tools/arm-none-eabi-gcc/4.8.3-2014q1/bin/../lib/gcc/arm-none-eabi/4.8.3/../../../../arm-none-eabi/lib/armv7-m\libg.a(lib_a-malloc.o)
                0x00084d1c                free
 .text._malloc_r
                0x00084d2c      0x538 c:/users/teamuis/appdata/local/arduino15/packages/arduino/tools/arm-none-eabi-gcc/4.8.3-2014q1/bin/../lib/gcc/arm-none-eabi/4.8.3/../../../../arm-none-eabi/lib/armv7-m\libg.a(lib_a-mallocr.o)
                0x00084d2c                _malloc_r
 .text          0x00085264       0xec c:/users/teamuis/appdata/local/arduino15/packages/arduino/tools/arm-none-eabi-gcc/4.8.3-2014q1/bin/../lib/gcc/arm-none-eabi/4.8.3/../../../../arm-none-eabi/lib/armv7-m\libg.a(lib_a-memcpy.o)
                0x00085264                memcpy
 .text.memmove  0x00085350       0xcc c:/users/teamuis/appdata/local/arduino15/packages/arduino/tools/arm-none-eabi-gcc/4.8.3-2014q1/bin/../lib/gcc/arm-none-eabi/4.8.3/../../../../arm-none-eabi/lib/armv7-m\libg.a(lib_a-memmove.o)
                0x00085350                memmove
 .text.memset   0x0008541c       0x94 c:/users/teamuis/appdata/local/arduino15/packages/arduino/tools/arm-none-eabi-gcc/4.8.3-2014q1/bin/../lib/gcc/arm-none-eabi/4.8.3/../../../../arm-none-eabi/lib/armv7-m\libg.a(lib_a-memset.o)
                0x0008541c                memset
 .text.__malloc_lock
                0x000854b0        0x4 c:/users/teamuis/appdata/local/arduino15/packages/arduino/tools/arm-none-eabi-gcc/4.8.3-2014q1/bin/../lib/gcc/arm-none-eabi/4.8.3/../../../../arm-none-eabi/lib/armv7-m\libg.a(lib_a-mlock.o)
                0x000854b0                __malloc_lock
 .text.__malloc_unlock
                0x000854b4        0x4 c:/users/teamuis/appdata/local/arduino15/packages/arduino/tools/arm-none-eabi-gcc/4.8.3-2014q1/bin/../lib/gcc/arm-none-eabi/4.8.3/../../../../arm-none-eabi/lib/armv7-m\libg.a(lib_a-mlock.o)
                0x000854b4                __malloc_unlock
 .text.realloc  0x000854b8       0x10 c:/users/teamuis/appdata/local/arduino15/packages/arduino/tools/arm-none-eabi-gcc/4.8.3-2014q1/bin/../lib/gcc/arm-none-eabi/4.8.3/../../../../arm-none-eabi/lib/armv7-m\libg.a(lib_a-realloc.o)
                0x000854b8                realloc
 .text._realloc_r
                0x000854c8      0x3c0 c:/users/teamuis/appdata/local/arduino15/packages/arduino/tools/arm-none-eabi-gcc/4.8.3-2014q1/bin/../lib/gcc/arm-none-eabi/4.8.3/../../../../arm-none-eabi/lib/armv7-m\libg.a(lib_a-reallocr.o)
                0x000854c8                _realloc_r
 .text._sbrk_r  0x00085888       0x24 c:/users/teamuis/appdata/local/arduino15/packages/arduino/tools/arm-none-eabi-gcc/4.8.3-2014q1/bin/../lib/gcc/arm-none-eabi/4.8.3/../../../../arm-none-eabi/lib/armv7-m\libg.a(lib_a-sbrkr.o)
                0x00085888                _sbrk_r
 .text.strchr   0x000858ac       0xf4 c:/users/teamuis/appdata/local/arduino15/packages/arduino/tools/arm-none-eabi-gcc/4.8.3-2014q1/bin/../lib/gcc/arm-none-eabi/4.8.3/../../../../arm-none-eabi/lib/armv7-m\libg.a(lib_a-strchr.o)
                0x000858ac                strchr
 .text.strcpy   0x000859a0       0xbc c:/users/teamuis/appdata/local/arduino15/packages/arduino/tools/arm-none-eabi-gcc/4.8.3-2014q1/bin/../lib/gcc/arm-none-eabi/4.8.3/../../../../arm-none-eabi/lib/armv7-m\libg.a(lib_a-strcpy.o)
                0x000859a0                strcpy
 .text.strlen   0x00085a5c       0x60 c:/users/teamuis/appdata/local/arduino15/packages/arduino/tools/arm-none-eabi-gcc/4.8.3-2014q1/bin/../lib/gcc/arm-none-eabi/4.8.3/../../../../arm-none-eabi/lib/armv7-m\libg.a(lib_a-strlen.o)
                0x00085a5c                strlen
 .text.strncmp  0x00085abc       0xb4 c:/users/teamuis/appdata/local/arduino15/packages/arduino/tools/arm-none-eabi-gcc/4.8.3-2014q1/bin/../lib/gcc/arm-none-eabi/4.8.3/../../../../arm-none-eabi/lib/armv7-m\libg.a(lib_a-strncmp.o)
                0x00085abc                strncmp
 .text.sulp     0x00085b70       0x40 c:/users/teamuis/appdata/local/arduino15/packages/arduino/tools/arm-none-eabi-gcc/4.8.3-2014q1/bin/../lib/gcc/arm-none-eabi/4.8.3/../../../../arm-none-eabi/lib/armv7-m\libg.a(lib_a-strtod.o)
 .text._strtod_r
                0x00085bb0      0xf38 c:/users/teamuis/appdata/local/arduino15/packages/arduino/tools/arm-none-eabi-gcc/4.8.3-2014q1/bin/../lib/gcc/arm-none-eabi/4.8.3/../../../../arm-none-eabi/lib/armv7-m\libg.a(lib_a-strtod.o)
                0x00085bb0                _strtod_r
 .text.strtod   0x00086ae8       0x10 c:/users/teamuis/appdata/local/arduino15/packages/arduino/tools/arm-none-eabi-gcc/4.8.3-2014q1/bin/../lib/gcc/arm-none-eabi/4.8.3/../../../../arm-none-eabi/lib/armv7-m\libg.a(lib_a-strtod.o)
                0x00086ae8                strtod
 .text._strtol_r
                0x00086af8      0x114 c:/users/teamuis/appdata/local/arduino15/packages/arduino/tools/arm-none-eabi-gcc/4.8.3-2014q1/bin/../lib/gcc/arm-none-eabi/4.8.3/../../../../arm-none-eabi/lib/armv7-m\libg.a(lib_a-strtol.o)
                0x00086af8                _strtol_r
 .text.strtol   0x00086c0c       0x18 c:/users/teamuis/appdata/local/arduino15/packages/arduino/tools/arm-none-eabi-gcc/4.8.3-2014q1/bin/../lib/gcc/arm-none-eabi/4.8.3/../../../../arm-none-eabi/lib/armv7-m\libg.a(lib_a-strtol.o)
                0x00086c0c                strtol
 .text.kill     0x00086c24       0x10 c:/users/teamuis/appdata/local/arduino15/packages/arduino/tools/arm-none-eabi-gcc/4.8.3-2014q1/bin/../lib/gcc/arm-none-eabi/4.8.3/../../../../arm-none-eabi/lib/armv7-m\libg.a(lib_a-syskill.o)
                0x00086c24                kill
 .text.__sprint_r.part.0
                0x00086c34       0x78 c:/users/teamuis/appdata/local/arduino15/packages/arduino/tools/arm-none-eabi-gcc/4.8.3-2014q1/bin/../lib/gcc/arm-none-eabi/4.8.3/../../../../arm-none-eabi/lib/armv7-m\libg.a(lib_a-vfiprintf.o)
 .text._vfiprintf_r
                0x00086cac      0xc54 c:/users/teamuis/appdata/local/arduino15/packages/arduino/tools/arm-none-eabi-gcc/4.8.3-2014q1/bin/../lib/gcc/arm-none-eabi/4.8.3/../../../../arm-none-eabi/lib/armv7-m\libg.a(lib_a-vfiprintf.o)
                0x00086cac                _vfiprintf_r
 .text.__sbprintf
                0x00087900       0x7c c:/users/teamuis/appdata/local/arduino15/packages/arduino/tools/arm-none-eabi-gcc/4.8.3-2014q1/bin/../lib/gcc/arm-none-eabi/4.8.3/../../../../arm-none-eabi/lib/armv7-m\libg.a(lib_a-vfiprintf.o)
 .text.__swsetup_r
                0x0008797c       0xc4 c:/users/teamuis/appdata/local/arduino15/packages/arduino/tools/arm-none-eabi-gcc/4.8.3-2014q1/bin/../lib/gcc/arm-none-eabi/4.8.3/../../../../arm-none-eabi/lib/armv7-m\libg.a(lib_a-wsetup.o)
                0x0008797c                __swsetup_r
 .text.startup.register_fini
                0x00087a40       0x14 c:/users/teamuis/appdata/local/arduino15/packages/arduino/tools/arm-none-eabi-gcc/4.8.3-2014q1/bin/../lib/gcc/arm-none-eabi/4.8.3/../../../../arm-none-eabi/lib/armv7-m\libg.a(lib_a-__call_atexit.o)
 .text.abort    0x00087a54       0x10 c:/users/teamuis/appdata/local/arduino15/packages/arduino/tools/arm-none-eabi-gcc/4.8.3-2014q1/bin/../lib/gcc/arm-none-eabi/4.8.3/../../../../arm-none-eabi/lib/armv7-m\libg.a(lib_a-abort.o)
                0x00087a54                abort
 .text.atexit   0x00087a64        0xc c:/users/teamuis/appdata/local/arduino15/packages/arduino/tools/arm-none-eabi-gcc/4.8.3-2014q1/bin/../lib/gcc/arm-none-eabi/4.8.3/../../../../arm-none-eabi/lib/armv7-m\libg.a(lib_a-atexit.o)
                0x00087a64                atexit
 .text.__sflush_r
                0x00087a70      0x148 c:/users/teamuis/appdata/local/arduino15/packages/arduino/tools/arm-none-eabi-gcc/4.8.3-2014q1/bin/../lib/gcc/arm-none-eabi/4.8.3/../../../../arm-none-eabi/lib/armv7-m\libg.a(lib_a-fflush.o)
                0x00087a70                __sflush_r
 .text._fflush_r
                0x00087bb8       0x2c c:/users/teamuis/appdata/local/arduino15/packages/arduino/tools/arm-none-eabi-gcc/4.8.3-2014q1/bin/../lib/gcc/arm-none-eabi/4.8.3/../../../../arm-none-eabi/lib/armv7-m\libg.a(lib_a-fflush.o)
                0x00087bb8                _fflush_r
 .text._cleanup_r
                0x00087be4        0xc c:/users/teamuis/appdata/local/arduino15/packages/arduino/tools/arm-none-eabi-gcc/4.8.3-2014q1/bin/../lib/gcc/arm-none-eabi/4.8.3/../../../../arm-none-eabi/lib/armv7-m\libg.a(lib_a-findfp.o)
                0x00087be4                _cleanup_r
 .text.__sinit  0x00087bf0       0xf4 c:/users/teamuis/appdata/local/arduino15/packages/arduino/tools/arm-none-eabi-gcc/4.8.3-2014q1/bin/../lib/gcc/arm-none-eabi/4.8.3/../../../../arm-none-eabi/lib/armv7-m\libg.a(lib_a-findfp.o)
                0x00087bf0                __sinit
 .text.__sfp_lock_acquire
                0x00087ce4        0x4 c:/users/teamuis/appdata/local/arduino15/packages/arduino/tools/arm-none-eabi-gcc/4.8.3-2014q1/bin/../lib/gcc/arm-none-eabi/4.8.3/../../../../arm-none-eabi/lib/armv7-m\libg.a(lib_a-findfp.o)
                0x00087ce4                __sfp_lock_acquire
 .text.__sfp_lock_release
                0x00087ce8        0x4 c:/users/teamuis/appdata/local/arduino15/packages/arduino/tools/arm-none-eabi-gcc/4.8.3-2014q1/bin/../lib/gcc/arm-none-eabi/4.8.3/../../../../arm-none-eabi/lib/armv7-m\libg.a(lib_a-findfp.o)
                0x00087ce8                __sfp_lock_release
 .text.__libc_fini_array
                0x00087cec       0x30 c:/users/teamuis/appdata/local/arduino15/packages/arduino/tools/arm-none-eabi-gcc/4.8.3-2014q1/bin/../lib/gcc/arm-none-eabi/4.8.3/../../../../arm-none-eabi/lib/armv7-m\libg.a(lib_a-fini.o)
                0x00087cec                __libc_fini_array
 .text._fputwc_r
                0x00087d1c       0xc0 c:/users/teamuis/appdata/local/arduino15/packages/arduino/tools/arm-none-eabi-gcc/4.8.3-2014q1/bin/../lib/gcc/arm-none-eabi/4.8.3/../../../../arm-none-eabi/lib/armv7-m\libg.a(lib_a-fputwc.o)
                0x00087d1c                _fputwc_r
 .text._malloc_trim_r
                0x00087ddc       0x9c c:/users/teamuis/appdata/local/arduino15/packages/arduino/tools/arm-none-eabi-gcc/4.8.3-2014q1/bin/../lib/gcc/arm-none-eabi/4.8.3/../../../../arm-none-eabi/lib/armv7-m\libg.a(lib_a-freer.o)
                0x00087ddc                _malloc_trim_r
 .text._free_r  0x00087e78      0x198 c:/users/teamuis/appdata/local/arduino15/packages/arduino/tools/arm-none-eabi-gcc/4.8.3-2014q1/bin/../lib/gcc/arm-none-eabi/4.8.3/../../../../arm-none-eabi/lib/armv7-m\libg.a(lib_a-freer.o)
                0x00087e78                _free_r
 .text.__sfvwrite_r
                0x00088010      0x314 c:/users/teamuis/appdata/local/arduino15/packages/arduino/tools/arm-none-eabi-gcc/4.8.3-2014q1/bin/../lib/gcc/arm-none-eabi/4.8.3/../../../../arm-none-eabi/lib/armv7-m\libg.a(lib_a-fvwrite.o)
                0x00088010                __sfvwrite_r
 .text._fwalk   0x00088324       0x48 c:/users/teamuis/appdata/local/arduino15/packages/arduino/tools/arm-none-eabi-gcc/4.8.3-2014q1/bin/../lib/gcc/arm-none-eabi/4.8.3/../../../../arm-none-eabi/lib/armv7-m\libg.a(lib_a-fwalk.o)
                0x00088324                _fwalk
 .text.rshift   0x0008836c       0xa0 c:/users/teamuis/appdata/local/arduino15/packages/arduino/tools/arm-none-eabi-gcc/4.8.3-2014q1/bin/../lib/gcc/arm-none-eabi/4.8.3/../../../../arm-none-eabi/lib/armv7-m\libg.a(lib_a-gdtoa-gethex.o)
 .text.__gethex
                0x0008840c      0x52c c:/users/teamuis/appdata/local/arduino15/packages/arduino/tools/arm-none-eabi-gcc/4.8.3-2014q1/bin/../lib/gcc/arm-none-eabi/4.8.3/../../../../arm-none-eabi/lib/armv7-m\libg.a(lib_a-gdtoa-gethex.o)
                0x0008840c                __gethex
 .text.__hexnan
                0x00088938      0x194 c:/users/teamuis/appdata/local/arduino15/packages/arduino/tools/arm-none-eabi-gcc/4.8.3-2014q1/bin/../lib/gcc/arm-none-eabi/4.8.3/../../../../arm-none-eabi/lib/armv7-m\libg.a(lib_a-gdtoa-hexnan.o)
                0x00088938                __hexnan
 .text.__locale_charset
                0x00088acc        0x8 c:/users/teamuis/appdata/local/arduino15/packages/arduino/tools/arm-none-eabi-gcc/4.8.3-2014q1/bin/../lib/gcc/arm-none-eabi/4.8.3/../../../../arm-none-eabi/lib/armv7-m\libg.a(lib_a-locale.o)
                0x00088acc                __locale_charset
 .text.__locale_mb_cur_max
                0x00088ad4        0xc c:/users/teamuis/appdata/local/arduino15/packages/arduino/tools/arm-none-eabi-gcc/4.8.3-2014q1/bin/../lib/gcc/arm-none-eabi/4.8.3/../../../../arm-none-eabi/lib/armv7-m\libg.a(lib_a-locale.o)
                0x00088ad4                __locale_mb_cur_max
 .text._localeconv_r
                0x00088ae0        0x8 c:/users/teamuis/appdata/local/arduino15/packages/arduino/tools/arm-none-eabi-gcc/4.8.3-2014q1/bin/../lib/gcc/arm-none-eabi/4.8.3/../../../../arm-none-eabi/lib/armv7-m\libg.a(lib_a-locale.o)
                0x00088ae0                _localeconv_r
 .text.__smakebuf_r
                0x00088ae8       0xe0 c:/users/teamuis/appdata/local/arduino15/packages/arduino/tools/arm-none-eabi-gcc/4.8.3-2014q1/bin/../lib/gcc/arm-none-eabi/4.8.3/../../../../arm-none-eabi/lib/armv7-m\libg.a(lib_a-makebuf.o)
                0x00088ae8                __smakebuf_r
 .text.memchr   0x00088bc8       0x94 c:/users/teamuis/appdata/local/arduino15/packages/arduino/tools/arm-none-eabi-gcc/4.8.3-2014q1/bin/../lib/gcc/arm-none-eabi/4.8.3/../../../../arm-none-eabi/lib/armv7-m\libg.a(lib_a-memchr-stub.o)
                0x00088bc8                memchr
 .text._Balloc  0x00088c5c       0x4c c:/users/teamuis/appdata/local/arduino15/packages/arduino/tools/arm-none-eabi-gcc/4.8.3-2014q1/bin/../lib/gcc/arm-none-eabi/4.8.3/../../../../arm-none-eabi/lib/armv7-m\libg.a(lib_a-mprec.o)
                0x00088c5c                _Balloc
 .text._Bfree   0x00088ca8       0x14 c:/users/teamuis/appdata/local/arduino15/packages/arduino/tools/arm-none-eabi-gcc/4.8.3-2014q1/bin/../lib/gcc/arm-none-eabi/4.8.3/../../../../arm-none-eabi/lib/armv7-m\libg.a(lib_a-mprec.o)
                0x00088ca8                _Bfree
 .text.__multadd
                0x00088cbc       0x94 c:/users/teamuis/appdata/local/arduino15/packages/arduino/tools/arm-none-eabi-gcc/4.8.3-2014q1/bin/../lib/gcc/arm-none-eabi/4.8.3/../../../../arm-none-eabi/lib/armv7-m\libg.a(lib_a-mprec.o)
                0x00088cbc                __multadd
 .text.__s2b    0x00088d50       0x98 c:/users/teamuis/appdata/local/arduino15/packages/arduino/tools/arm-none-eabi-gcc/4.8.3-2014q1/bin/../lib/gcc/arm-none-eabi/4.8.3/../../../../arm-none-eabi/lib/armv7-m\libg.a(lib_a-mprec.o)
                0x00088d50                __s2b
 .text.__hi0bits
                0x00088de8       0x40 c:/users/teamuis/appdata/local/arduino15/packages/arduino/tools/arm-none-eabi-gcc/4.8.3-2014q1/bin/../lib/gcc/arm-none-eabi/4.8.3/../../../../arm-none-eabi/lib/armv7-m\libg.a(lib_a-mprec.o)
                0x00088de8                __hi0bits
 .text.__lo0bits
                0x00088e28       0x5c c:/users/teamuis/appdata/local/arduino15/packages/arduino/tools/arm-none-eabi-gcc/4.8.3-2014q1/bin/../lib/gcc/arm-none-eabi/4.8.3/../../../../arm-none-eabi/lib/armv7-m\libg.a(lib_a-mprec.o)
                0x00088e28                __lo0bits
 .text.__i2b    0x00088e84       0x14 c:/users/teamuis/appdata/local/arduino15/packages/arduino/tools/arm-none-eabi-gcc/4.8.3-2014q1/bin/../lib/gcc/arm-none-eabi/4.8.3/../../../../arm-none-eabi/lib/armv7-m\libg.a(lib_a-mprec.o)
                0x00088e84                __i2b
 .text.__multiply
                0x00088e98      0x13c c:/users/teamuis/appdata/local/arduino15/packages/arduino/tools/arm-none-eabi-gcc/4.8.3-2014q1/bin/../lib/gcc/arm-none-eabi/4.8.3/../../../../arm-none-eabi/lib/armv7-m\libg.a(lib_a-mprec.o)
                0x00088e98                __multiply
 .text.__pow5mult
                0x00088fd4       0x9c c:/users/teamuis/appdata/local/arduino15/packages/arduino/tools/arm-none-eabi-gcc/4.8.3-2014q1/bin/../lib/gcc/arm-none-eabi/4.8.3/../../../../arm-none-eabi/lib/armv7-m\libg.a(lib_a-mprec.o)
                0x00088fd4                __pow5mult
 .text.__lshift
                0x00089070       0xbc c:/users/teamuis/appdata/local/arduino15/packages/arduino/tools/arm-none-eabi-gcc/4.8.3-2014q1/bin/../lib/gcc/arm-none-eabi/4.8.3/../../../../arm-none-eabi/lib/armv7-m\libg.a(lib_a-mprec.o)
                0x00089070                __lshift
 .text.__mcmp   0x0008912c       0x48 c:/users/teamuis/appdata/local/arduino15/packages/arduino/tools/arm-none-eabi-gcc/4.8.3-2014q1/bin/../lib/gcc/arm-none-eabi/4.8.3/../../../../arm-none-eabi/lib/armv7-m\libg.a(lib_a-mprec.o)
                0x0008912c                __mcmp
 .text.__mdiff  0x00089174       0xd8 c:/users/teamuis/appdata/local/arduino15/packages/arduino/tools/arm-none-eabi-gcc/4.8.3-2014q1/bin/../lib/gcc/arm-none-eabi/4.8.3/../../../../arm-none-eabi/lib/armv7-m\libg.a(lib_a-mprec.o)
                0x00089174                __mdiff
 .text.__ulp    0x0008924c       0x40 c:/users/teamuis/appdata/local/arduino15/packages/arduino/tools/arm-none-eabi-gcc/4.8.3-2014q1/bin/../lib/gcc/arm-none-eabi/4.8.3/../../../../arm-none-eabi/lib/armv7-m\libg.a(lib_a-mprec.o)
                0x0008924c                __ulp
 .text.__b2d    0x0008928c       0xb8 c:/users/teamuis/appdata/local/arduino15/packages/arduino/tools/arm-none-eabi-gcc/4.8.3-2014q1/bin/../lib/gcc/arm-none-eabi/4.8.3/../../../../arm-none-eabi/lib/armv7-m\libg.a(lib_a-mprec.o)
                0x0008928c                __b2d
 .text.__d2b    0x00089344       0xbc c:/users/teamuis/appdata/local/arduino15/packages/arduino/tools/arm-none-eabi-gcc/4.8.3-2014q1/bin/../lib/gcc/arm-none-eabi/4.8.3/../../../../arm-none-eabi/lib/armv7-m\libg.a(lib_a-mprec.o)
                0x00089344                __d2b
 .text.__ratio  0x00089400       0x50 c:/users/teamuis/appdata/local/arduino15/packages/arduino/tools/arm-none-eabi-gcc/4.8.3-2014q1/bin/../lib/gcc/arm-none-eabi/4.8.3/../../../../arm-none-eabi/lib/armv7-m\libg.a(lib_a-mprec.o)
                0x00089400                __ratio
 .text.__copybits
                0x00089450       0x48 c:/users/teamuis/appdata/local/arduino15/packages/arduino/tools/arm-none-eabi-gcc/4.8.3-2014q1/bin/../lib/gcc/arm-none-eabi/4.8.3/../../../../arm-none-eabi/lib/armv7-m\libg.a(lib_a-mprec.o)
                0x00089450                __copybits
 .text.__any_on
                0x00089498       0x60 c:/users/teamuis/appdata/local/arduino15/packages/arduino/tools/arm-none-eabi-gcc/4.8.3-2014q1/bin/../lib/gcc/arm-none-eabi/4.8.3/../../../../arm-none-eabi/lib/armv7-m\libg.a(lib_a-mprec.o)
                0x00089498                __any_on
 .text._raise_r
                0x000894f8       0x58 c:/users/teamuis/appdata/local/arduino15/packages/arduino/tools/arm-none-eabi-gcc/4.8.3-2014q1/bin/../lib/gcc/arm-none-eabi/4.8.3/../../../../arm-none-eabi/lib/armv7-m\libg.a(lib_a-signal.o)
                0x000894f8                _raise_r
 .text.raise    0x00089550       0x10 c:/users/teamuis/appdata/local/arduino15/packages/arduino/tools/arm-none-eabi-gcc/4.8.3-2014q1/bin/../lib/gcc/arm-none-eabi/4.8.3/../../../../arm-none-eabi/lib/armv7-m\libg.a(lib_a-signal.o)
                0x00089550                raise
 .text._kill_r  0x00089560       0x28 c:/users/teamuis/appdata/local/arduino15/packages/arduino/tools/arm-none-eabi-gcc/4.8.3-2014q1/bin/../lib/gcc/arm-none-eabi/4.8.3/../../../../arm-none-eabi/lib/armv7-m\libg.a(lib_a-signalr.o)
                0x00089560                _kill_r
 .text._getpid_r
                0x00089588        0x4 c:/users/teamuis/appdata/local/arduino15/packages/arduino/tools/arm-none-eabi-gcc/4.8.3-2014q1/bin/../lib/gcc/arm-none-eabi/4.8.3/../../../../arm-none-eabi/lib/armv7-m\libg.a(lib_a-signalr.o)
                0x00089588                _getpid_r
 .text.__sread  0x0008958c       0x24 c:/users/teamuis/appdata/local/arduino15/packages/arduino/tools/arm-none-eabi-gcc/4.8.3-2014q1/bin/../lib/gcc/arm-none-eabi/4.8.3/../../../../arm-none-eabi/lib/armv7-m\libg.a(lib_a-stdio.o)
                0x0008958c                __sread
 .text.__swrite
                0x000895b0       0x38 c:/users/teamuis/appdata/local/arduino15/packages/arduino/tools/arm-none-eabi-gcc/4.8.3-2014q1/bin/../lib/gcc/arm-none-eabi/4.8.3/../../../../arm-none-eabi/lib/armv7-m\libg.a(lib_a-stdio.o)
                0x000895b0                __swrite
 .text.__sseek  0x000895e8       0x20 c:/users/teamuis/appdata/local/arduino15/packages/arduino/tools/arm-none-eabi-gcc/4.8.3-2014q1/bin/../lib/gcc/arm-none-eabi/4.8.3/../../../../arm-none-eabi/lib/armv7-m\libg.a(lib_a-stdio.o)
                0x000895e8                __sseek
 .text.__sclose
                0x00089608        0x8 c:/users/teamuis/appdata/local/arduino15/packages/arduino/tools/arm-none-eabi-gcc/4.8.3-2014q1/bin/../lib/gcc/arm-none-eabi/4.8.3/../../../../arm-none-eabi/lib/armv7-m\libg.a(lib_a-stdio.o)
                0x00089608                __sclose
 .text.__swbuf_r
                0x00089610       0xa8 c:/users/teamuis/appdata/local/arduino15/packages/arduino/tools/arm-none-eabi-gcc/4.8.3-2014q1/bin/../lib/gcc/arm-none-eabi/4.8.3/../../../../arm-none-eabi/lib/armv7-m\libg.a(lib_a-wbuf.o)
                0x00089610                __swbuf_r
 .text._wcrtomb_r
                0x000896b8       0x50 c:/users/teamuis/appdata/local/arduino15/packages/arduino/tools/arm-none-eabi-gcc/4.8.3-2014q1/bin/../lib/gcc/arm-none-eabi/4.8.3/../../../../arm-none-eabi/lib/armv7-m\libg.a(lib_a-wcrtomb.o)
                0x000896b8                _wcrtomb_r
 .text.__ascii_wctomb
                0x00089708       0x1c c:/users/teamuis/appdata/local/arduino15/packages/arduino/tools/arm-none-eabi-gcc/4.8.3-2014q1/bin/../lib/gcc/arm-none-eabi/4.8.3/../../../../arm-none-eabi/lib/armv7-m\libg.a(lib_a-wctomb_r.o)
                0x00089708                __ascii_wctomb
 .text._write_r
                0x00089724       0x28 c:/users/teamuis/appdata/local/arduino15/packages/arduino/tools/arm-none-eabi-gcc/4.8.3-2014q1/bin/../lib/gcc/arm-none-eabi/4.8.3/../../../../arm-none-eabi/lib/armv7-m\libg.a(lib_a-writer.o)
                0x00089724                _write_r
 .text.__register_exitproc
                0x0008974c       0xa8 c:/users/teamuis/appdata/local/arduino15/packages/arduino/tools/arm-none-eabi-gcc/4.8.3-2014q1/bin/../lib/gcc/arm-none-eabi/4.8.3/../../../../arm-none-eabi/lib/armv7-m\libg.a(lib_a-__atexit.o)
                0x0008974c                __register_exitproc
 .text._calloc_r
                0x000897f4       0x60 c:/users/teamuis/appdata/local/arduino15/packages/arduino/tools/arm-none-eabi-gcc/4.8.3-2014q1/bin/../lib/gcc/arm-none-eabi/4.8.3/../../../../arm-none-eabi/lib/armv7-m\libg.a(lib_a-callocr.o)
                0x000897f4                _calloc_r
 .text._close_r
                0x00089854       0x24 c:/users/teamuis/appdata/local/arduino15/packages/arduino/tools/arm-none-eabi-gcc/4.8.3-2014q1/bin/../lib/gcc/arm-none-eabi/4.8.3/../../../../arm-none-eabi/lib/armv7-m\libg.a(lib_a-closer.o)
                0x00089854                _close_r
 .text._fclose_r
                0x00089878       0x80 c:/users/teamuis/appdata/local/arduino15/packages/arduino/tools/arm-none-eabi-gcc/4.8.3-2014q1/bin/../lib/gcc/arm-none-eabi/4.8.3/../../../../arm-none-eabi/lib/armv7-m\libg.a(lib_a-fclose.o)
                0x00089878                _fclose_r
 .text.fclose   0x000898f8       0x10 c:/users/teamuis/appdata/local/arduino15/packages/arduino/tools/arm-none-eabi-gcc/4.8.3-2014q1/bin/../lib/gcc/arm-none-eabi/4.8.3/../../../../arm-none-eabi/lib/armv7-m\libg.a(lib_a-fclose.o)
                0x000898f8                fclose
 .text._fstat_r
                0x00089908       0x28 c:/users/teamuis/appdata/local/arduino15/packages/arduino/tools/arm-none-eabi-gcc/4.8.3-2014q1/bin/../lib/gcc/arm-none-eabi/4.8.3/../../../../arm-none-eabi/lib/armv7-m\libg.a(lib_a-fstatr.o)
                0x00089908                _fstat_r
 .text._isatty_r
                0x00089930       0x24 c:/users/teamuis/appdata/local/arduino15/packages/arduino/tools/arm-none-eabi-gcc/4.8.3-2014q1/bin/../lib/gcc/arm-none-eabi/4.8.3/../../../../arm-none-eabi/lib/armv7-m\libg.a(lib_a-isattyr.o)
                0x00089930                _isatty_r
 .text._lseek_r
                0x00089954       0x28 c:/users/teamuis/appdata/local/arduino15/packages/arduino/tools/arm-none-eabi-gcc/4.8.3-2014q1/bin/../lib/gcc/arm-none-eabi/4.8.3/../../../../arm-none-eabi/lib/armv7-m\libg.a(lib_a-lseekr.o)
                0x00089954                _lseek_r
 .text._read_r  0x0008997c       0x28 c:/users/teamuis/appdata/local/arduino15/packages/arduino/tools/arm-none-eabi-gcc/4.8.3-2014q1/bin/../lib/gcc/arm-none-eabi/4.8.3/../../../../arm-none-eabi/lib/armv7-m\libg.a(lib_a-readr.o)
                0x0008997c                _read_r
 .text          0x000899a4       0x2c c:/users/teamuis/appdata/local/arduino15/packages/arduino/tools/arm-none-eabi-gcc/4.8.3-2014q1/bin/../lib/gcc/arm-none-eabi/4.8.3/armv7-m\libgcc.a(_aeabi_uldivmod.o)
                0x000899a4                __aeabi_uldivmod
 .text          0x000899d0       0x60 c:/users/teamuis/appdata/local/arduino15/packages/arduino/tools/arm-none-eabi-gcc/4.8.3-2014q1/bin/../lib/gcc/arm-none-eabi/4.8.3/armv7-m\libgcc.a(bpabi.o)
                0x000899d0                __gnu_ldivmod_helper
                0x00089a00                __gnu_uldivmod_helper
 .text          0x00089a30        0x4 c:/users/teamuis/appdata/local/arduino15/packages/arduino/tools/arm-none-eabi-gcc/4.8.3-2014q1/bin/../lib/gcc/arm-none-eabi/4.8.3/armv7-m\libgcc.a(_dvmd_tls.o)
                0x00089a30                __aeabi_idiv0
                0x00089a30                __aeabi_ldiv0
 .text          0x00089a34      0x2a0 c:/users/teamuis/appdata/local/arduino15/packages/arduino/tools/arm-none-eabi-gcc/4.8.3-2014q1/bin/../lib/gcc/arm-none-eabi/4.8.3/armv7-m\libgcc.a(_divdi3.o)
                0x00089a34                __divdi3
 .text          0x00089cd4      0x290 c:/users/teamuis/appdata/local/arduino15/packages/arduino/tools/arm-none-eabi-gcc/4.8.3-2014q1/bin/../lib/gcc/arm-none-eabi/4.8.3/armv7-m\libgcc.a(_udivdi3.o)
                0x00089cd4                __udivdi3
 *(.glue_7t)
 .glue_7t       0x00000000        0x0 linker stubs
 *(.glue_7)
 .glue_7        0x00000000        0x0 linker stubs
 *(.rodata .rodata* .gnu.linkonce.r.*)
 .rodata        0x00089f64       0x84 C:\Users\TeamUiS\AppData\Local\Temp\VMBuilds\Hoisting\arduino_due_x_dbg\Release\Hoisting.cpp.o
 .rodata.str1.1
                0x00089fe8      0x10f C:\Users\TeamUiS\AppData\Local\Temp\VMBuilds\Hoisting\arduino_due_x_dbg\Release\Hoisting.cpp.o
 *fill*         0x0008a0f7        0x1 
 .rodata.g_APinDescription
                0x0008a0f8      0xa2c C:\Users\TeamUiS\AppData\Local\Temp\VMBuilds\Hoisting\arduino_due_x_dbg\Release\variant\variant.cpp.o
                0x0008a0f8                g_APinDescription
 .rodata.__func__.6792
                0x0008ab24        0xd C:\Users\TeamUiS\AppData\Local\arduino15\packages\arduino\hardware\sam\1.6.11\variants\arduino_due_x/libsam_sam3x8e_gcc_rel.a(tc.o)
 .rodata.str1.1
                0x0008ab31       0x54 C:\Users\TeamUiS\AppData\Local\arduino15\packages\arduino\hardware\sam\1.6.11\variants\arduino_due_x/libsam_sam3x8e_gcc_rel.a(tc.o)
 .rodata.__func__.6798
                0x0008ab85        0x9 C:\Users\TeamUiS\AppData\Local\arduino15\packages\arduino\hardware\sam\1.6.11\variants\arduino_due_x/libsam_sam3x8e_gcc_rel.a(tc.o)
 *fill*         0x0008ab8e        0x2 
 .rodata        0x0008ab90       0x40 C:\Users\TeamUiS\AppData\Local\arduino15\packages\arduino\hardware\sam\1.6.11\variants\arduino_due_x/libsam_sam3x8e_gcc_rel.a(adc.o)
 .rodata.str1.1
                0x0008abd0       0x19 C:\Users\TeamUiS\AppData\Local\Temp\VMBuilds\Hoisting\arduino_due_x_dbg\Release/core.a(syscalls_sam3.c.o)
 .rodata.str1.1
                0x0008abe9        0xf C:\Users\TeamUiS\AppData\Local\Temp\VMBuilds\Hoisting\arduino_due_x_dbg\Release/core.a(Print.cpp.o)
 .rodata.str1.1
                0x00000000        0xf C:\Users\TeamUiS\AppData\Local\Temp\VMBuilds\Hoisting\arduino_due_x_dbg\Release/core.a(Stream.cpp.o)
                                  0x1 (size before relaxing)
 .rodata._ZTV9UARTClass
                0x0008abf8       0x30 C:\Users\TeamUiS\AppData\Local\Temp\VMBuilds\Hoisting\arduino_due_x_dbg\Release/core.a(UARTClass.cpp.o)
                0x0008abf8                vtable for UARTClass
 .rodata._ZTV10USARTClass
                0x0008ac28       0x30 C:\Users\TeamUiS\AppData\Local\Temp\VMBuilds\Hoisting\arduino_due_x_dbg\Release/core.a(USARTClass.cpp.o)
                0x0008ac28                vtable for USARTClass
 .rodata.str1.1
                0x00000000        0x1 C:\Users\TeamUiS\AppData\Local\Temp\VMBuilds\Hoisting\arduino_due_x_dbg\Release/core.a(WString.cpp.o)
 .rodata.STRING_PRODUCT
                0x0008ac58        0xc C:\Users\TeamUiS\AppData\Local\Temp\VMBuilds\Hoisting\arduino_due_x_dbg\Release/core.a(USBCore.cpp.o)
                0x0008ac58                STRING_PRODUCT
 .rodata.USB_DeviceDescriptor
                0x0008ac64       0x12 C:\Users\TeamUiS\AppData\Local\Temp\VMBuilds\Hoisting\arduino_due_x_dbg\Release/core.a(USBCore.cpp.o)
                0x0008ac64                USB_DeviceDescriptor
 .rodata.STRING_LANGUAGE
                0x0008ac76        0x4 C:\Users\TeamUiS\AppData\Local\Temp\VMBuilds\Hoisting\arduino_due_x_dbg\Release/core.a(USBCore.cpp.o)
                0x0008ac76                STRING_LANGUAGE
 .rodata._ZL18test_packet_buffer
                0x0008ac7a       0x35 C:\Users\TeamUiS\AppData\Local\Temp\VMBuilds\Hoisting\arduino_due_x_dbg\Release/core.a(USBCore.cpp.o)
 .rodata.STRING_MANUFACTURER
                0x0008acaf        0xc C:\Users\TeamUiS\AppData\Local\Temp\VMBuilds\Hoisting\arduino_due_x_dbg\Release/core.a(USBCore.cpp.o)
                0x0008acaf                STRING_MANUFACTURER
 .rodata.USB_DeviceDescriptorA
                0x0008acbb       0x12 C:\Users\TeamUiS\AppData\Local\Temp\VMBuilds\Hoisting\arduino_due_x_dbg\Release/core.a(USBCore.cpp.o)
                0x0008acbb                USB_DeviceDescriptorA
 .rodata._ZL19USB_DeviceQualifier
                0x0008accd        0x9 C:\Users\TeamUiS\AppData\Local\Temp\VMBuilds\Hoisting\arduino_due_x_dbg\Release/core.a(USBCore.cpp.o)
 *fill*         0x0008acd6        0x2 
 .rodata._ZTV7Serial_
                0x0008acd8       0x28 C:\Users\TeamUiS\AppData\Local\Temp\VMBuilds\Hoisting\arduino_due_x_dbg\Release/core.a(CDC.cpp.o)
                0x0008acd8                vtable for Serial_
 .rodata._ZL18_cdcOtherInterface
                0x0008ad00       0x42 C:\Users\TeamUiS\AppData\Local\Temp\VMBuilds\Hoisting\arduino_due_x_dbg\Release/core.a(CDC.cpp.o)
 .rodata._ZL13_cdcInterface
                0x0008ad42       0x42 C:\Users\TeamUiS\AppData\Local\Temp\VMBuilds\Hoisting\arduino_due_x_dbg\Release/core.a(CDC.cpp.o)
 .rodata.str1.4
                0x0008ad84       0x3f c:/users/teamuis/appdata/local/arduino15/packages/arduino/tools/arm-none-eabi-gcc/4.8.3-2014q1/bin/../lib/gcc/arm-none-eabi/4.8.3/../../../../arm-none-eabi/lib/armv7-m\libg.a(lib_a-assert.o)
                                 0x44 (size before relaxing)
 *fill*         0x0008adc3        0x1 
 .rodata.str1.4