Archive member included because of file (symbol)

C:\Users\TeamUiS\AppData\Local\arduino15\packages\arduino\hardware\sam\1.6.11\variants\arduino_due_x/libsam_sam3x8e_gcc_rel.a(pio.o)
                              C:\Users\TeamUiS\AppData\Local\Temp\VMBuilds\Hoisting\arduino_due_x_dbg\Debug\variant\variant.cpp.o (PIO_Configure)
C:\Users\TeamUiS\AppData\Local\arduino15\packages\arduino\hardware\sam\1.6.11\variants\arduino_due_x/libsam_sam3x8e_gcc_rel.a(pmc.o)
                              C:\Users\TeamUiS\AppData\Local\Temp\VMBuilds\Hoisting\arduino_due_x_dbg\Debug\Hoisting.cpp.o (pmc_enable_periph_clk)
C:\Users\TeamUiS\AppData\Local\arduino15\packages\arduino\hardware\sam\1.6.11\variants\arduino_due_x/libsam_sam3x8e_gcc_rel.a(tc.o)
                              C:\Users\TeamUiS\AppData\Local\Temp\VMBuilds\Hoisting\arduino_due_x_dbg\Debug\Hoisting.cpp.o (TC_Configure)
C:\Users\TeamUiS\AppData\Local\arduino15\packages\arduino\hardware\sam\1.6.11\variants\arduino_due_x/libsam_sam3x8e_gcc_rel.a(system_sam3xa.o)
                              C:\Users\TeamUiS\AppData\Local\Temp\VMBuilds\Hoisting\arduino_due_x_dbg\Debug\variant\variant.cpp.o (SystemInit)
C:\Users\TeamUiS\AppData\Local\arduino15\packages\arduino\hardware\sam\1.6.11\variants\arduino_due_x/libsam_sam3x8e_gcc_rel.a(startup_sam3xa.o)
                              (Reset_Handler)
C:\Users\TeamUiS\AppData\Local\arduino15\packages\arduino\hardware\sam\1.6.11\variants\arduino_due_x/libsam_sam3x8e_gcc_rel.a(adc.o)
                              C:\Users\TeamUiS\AppData\Local\Temp\VMBuilds\Hoisting\arduino_due_x_dbg\Debug\variant\variant.cpp.o (adc_init)
C:\Users\TeamUiS\AppData\Local\arduino15\packages\arduino\hardware\sam\1.6.11\variants\arduino_due_x/libsam_sam3x8e_gcc_rel.a(uotghs.o)
                              C:\Users\TeamUiS\AppData\Local\arduino15\packages\arduino\hardware\sam\1.6.11\variants\arduino_due_x/libsam_sam3x8e_gcc_rel.a(startup_sam3xa.o) (UOTGHS_Handler)
C:\Users\TeamUiS\AppData\Local\Temp\VMBuilds\Hoisting\arduino_due_x_dbg\Debug/core.a(cortex_handlers.c.o)
                              C:\Users\TeamUiS\AppData\Local\arduino15\packages\arduino\hardware\sam\1.6.11\variants\arduino_due_x/libsam_sam3x8e_gcc_rel.a(startup_sam3xa.o) (NMI_Handler)
C:\Users\TeamUiS\AppData\Local\Temp\VMBuilds\Hoisting\arduino_due_x_dbg\Debug/core.a(hooks.c.o)
                              C:\Users\TeamUiS\AppData\Local\Temp\VMBuilds\Hoisting\arduino_due_x_dbg\Debug/core.a(cortex_handlers.c.o) (sysTickHook)
C:\Users\TeamUiS\AppData\Local\Temp\VMBuilds\Hoisting\arduino_due_x_dbg\Debug/core.a(syscalls_sam3.c.o)
                              (_sbrk)
C:\Users\TeamUiS\AppData\Local\Temp\VMBuilds\Hoisting\arduino_due_x_dbg\Debug/core.a(wiring.c.o)
                              C:\Users\TeamUiS\AppData\Local\Temp\VMBuilds\Hoisting\arduino_due_x_dbg\Debug\Hoisting.cpp.o (millis)
C:\Users\TeamUiS\AppData\Local\Temp\VMBuilds\Hoisting\arduino_due_x_dbg\Debug/core.a(wiring_analog.c.o)
                              C:\Users\TeamUiS\AppData\Local\Temp\VMBuilds\Hoisting\arduino_due_x_dbg\Debug\Hoisting.cpp.o (analogReadResolution)
C:\Users\TeamUiS\AppData\Local\Temp\VMBuilds\Hoisting\arduino_due_x_dbg\Debug/core.a(wiring_digital.c.o)
                              C:\Users\TeamUiS\AppData\Local\Temp\VMBuilds\Hoisting\arduino_due_x_dbg\Debug\Hoisting.cpp.o (pinMode)
C:\Users\TeamUiS\AppData\Local\Temp\VMBuilds\Hoisting\arduino_due_x_dbg\Debug/core.a(main.cpp.o)
                              c:/users/teamuis/appdata/local/arduino15/packages/arduino/tools/arm-none-eabi-gcc/4.8.3-2014q1/bin/../lib/gcc/arm-none-eabi/4.8.3/../../../../arm-none-eabi/lib/armv7-m/crt0.o (main)
C:\Users\TeamUiS\AppData\Local\Temp\VMBuilds\Hoisting\arduino_due_x_dbg\Debug/core.a(Print.cpp.o)
                              C:\Users\TeamUiS\AppData\Local\Temp\VMBuilds\Hoisting\arduino_due_x_dbg\Debug\Hoisting.cpp.o (Print::print(char const*))
C:\Users\TeamUiS\AppData\Local\Temp\VMBuilds\Hoisting\arduino_due_x_dbg\Debug/core.a(Reset.cpp.o)
                              C:\Users\TeamUiS\AppData\Local\Temp\VMBuilds\Hoisting\arduino_due_x_dbg\Debug/core.a(cortex_handlers.c.o) (tickReset)
C:\Users\TeamUiS\AppData\Local\Temp\VMBuilds\Hoisting\arduino_due_x_dbg\Debug/core.a(RingBuffer.cpp.o)
                              C:\Users\TeamUiS\AppData\Local\Temp\VMBuilds\Hoisting\arduino_due_x_dbg\Debug\variant\variant.cpp.o (RingBuffer::RingBuffer())
C:\Users\TeamUiS\AppData\Local\Temp\VMBuilds\Hoisting\arduino_due_x_dbg\Debug/core.a(Stream.cpp.o)
                              C:\Users\TeamUiS\AppData\Local\Temp\VMBuilds\Hoisting\arduino_due_x_dbg\Debug\Hoisting.cpp.o (Stream::readStringUntil(char))
C:\Users\TeamUiS\AppData\Local\Temp\VMBuilds\Hoisting\arduino_due_x_dbg\Debug/core.a(UARTClass.cpp.o)
                              C:\Users\TeamUiS\AppData\Local\Temp\VMBuilds\Hoisting\arduino_due_x_dbg\Debug\Hoisting.cpp.o (UARTClass::available())
[...]
Memory Configuration

Name             Origin             Length             Attributes
rom              0x00080000         0x00080000         xr
sram0            0x20000000         0x00010000         xrw
sram1            0x20080000         0x00008000         xrw
ram              0x20070000         0x00018000         xrw
*default*        0x00000000         0xffffffff

Linker script and memory map

LOAD c:/users/teamuis/appdata/local/arduino15/packages/arduino/tools/arm-none-eabi-gcc/4.8.3-2014q1/bin/../lib/gcc/arm-none-eabi/4.8.3/armv7-m/crti.o
LOAD c:/users/teamuis/appdata/local/arduino15/packages/arduino/tools/arm-none-eabi-gcc/4.8.3-2014q1/bin/../lib/gcc/arm-none-eabi/4.8.3/armv7-m/crtbegin.o
LOAD c:/users/teamuis/appdata/local/arduino15/packages/arduino/tools/arm-none-eabi-gcc/4.8.3-2014q1/bin/../lib/gcc/arm-none-eabi/4.8.3/../../../../arm-none-eabi/lib/armv7-m/crt0.o
START GROUP
LOAD C:\Users\TeamUiS\AppData\Local\Temp\VMBuilds\Hoisting\arduino_due_x_dbg\Debug\Hoisting.cpp.o
LOAD C:\Users\TeamUiS\AppData\Local\Temp\VMBuilds\Hoisting\arduino_due_x_dbg\Debug\PID\PID_v1.cpp.o
LOAD C:\Users\TeamUiS\AppData\Local\Temp\VMBuilds\Hoisting\arduino_due_x_dbg\Debug\VM_DBG\VM_DBG.cpp.o
LOAD C:\Users\TeamUiS\AppData\Local\Temp\VMBuilds\Hoisting\arduino_due_x_dbg\Debug\VM_DBG\VM_mem_check_sam.cpp.o
LOAD C:\Users\TeamUiS\AppData\Local\Temp\VMBuilds\Hoisting\arduino_due_x_dbg\Debug\variant\variant.cpp.o
LOAD C:\Users\TeamUiS\AppData\Local\arduino15\packages\arduino\hardware\sam\1.6.11\variants\arduino_due_x/libsam_sam3x8e_gcc_rel.a
LOAD C:\Users\TeamUiS\AppData\Local\Temp\VMBuilds\Hoisting\arduino_due_x_dbg\Debug/core.a
END GROUP
LOAD c:/users/teamuis/appdata/local/arduino15/packages/arduino/tools/arm-none-eabi-gcc/4.8.3-2014q1/bin/../lib/gcc/arm-none-eabi/4.8.3/../../../../arm-none-eabi/lib/armv7-m\libm.a
START GROUP
LOAD c:/users/teamuis/appdata/local/arduino15/packages/arduino/tools/arm-none-eabi-gcc/4.8.3-2014q1/bin/../lib/gcc/arm-none-eabi/4.8.3/armv7-m\libgcc.a
LOAD c:/users/teamuis/appdata/local/arduino15/packages/arduino/tools/arm-none-eabi-gcc/4.8.3-2014q1/bin/../lib/gcc/arm-none-eabi/4.8.3/../../../../arm-none-eabi/lib/armv7-m\libg.a
LOAD c:/users/teamuis/appdata/local/arduino15/packages/arduino/tools/arm-none-eabi-gcc/4.8.3-2014q1/bin/../lib/gcc/arm-none-eabi/4.8.3/../../../../arm-none-eabi/lib/armv7-m\libc.a
END GROUP
LOAD c:/users/teamuis/appdata/local/arduino15/packages/arduino/tools/arm-none-eabi-gcc/4.8.3-2014q1/bin/../lib/gcc/arm-none-eabi/4.8.3/armv7-m/crtend.o
LOAD c:/users/teamuis/appdata/local/arduino15/packages/arduino/tools/arm-none-eabi-gcc/4.8.3-2014q1/bin/../lib/gcc/arm-none-eabi/4.8.3/armv7-m/crtn.o

.text           0x00080000     0xb60c
                0x00080000                . = ALIGN (0x4)
                0x00080000                _sfixed = .
 *(.vectors .vectors.*)
 .vectors       0x00080000       0xf4 C:\Users\TeamUiS\AppData\Local\arduino15\packages\arduino\hardware\sam\1.6.11\variants\arduino_due_x/libsam_sam3x8e_gcc_rel.a(startup_sam3xa.o)
                0x00080000                exception_table
 *(.text .text.* .gnu.linkonce.t.*)
 .text          0x000800f4       0x54 c:/users/teamuis/appdata/local/arduino15/packages/arduino/tools/arm-none-eabi-gcc/4.8.3-2014q1/bin/../lib/gcc/arm-none-eabi/4.8.3/armv7-m/crtbegin.o
 .text._ZN5Print5writeEPKc
                0x00080148       0x1e C:\Users\TeamUiS\AppData\Local\Temp\VMBuilds\Hoisting\arduino_due_x_dbg\Debug\Hoisting.cpp.o
                0x00080148                Print::write(char const*)
 *fill*         0x00080166        0x2 
 .text._ZN8Actuator5setupEv
                0x00080168       0x90 C:\Users\TeamUiS\AppData\Local\Temp\VMBuilds\Hoisting\arduino_due_x_dbg\Debug\Hoisting.cpp.o
                0x00080168                Actuator::setup()
 .text._ZN8Actuator12moveDistanceE24HoistingDirectionCommandi
                0x000801f8       0x2a C:\Users\TeamUiS\AppData\Local\Temp\VMBuilds\Hoisting\arduino_due_x_dbg\Debug\Hoisting.cpp.o
                0x000801f8                Actuator::moveDistance(HoistingDirectionCommand, int)
 .text._ZN8LoadCell6detectEv
                0x00080222       0x42 C:\Users\TeamUiS\AppData\Local\Temp\VMBuilds\Hoisting\arduino_due_x_dbg\Debug\Hoisting.cpp.o
                0x00080222                LoadCell::detect()
 .text._ZN8LoadCell5setupEv
                0x00080264       0x60 C:\Users\TeamUiS\AppData\Local\Temp\VMBuilds\Hoisting\arduino_due_x_dbg\Debug\Hoisting.cpp.o
                0x00080264                LoadCell::setup()
 *fill*         0x000802c4        0x4 
 .text.TC3_Handler
                0x000802c8      0x148 C:\Users\TeamUiS\AppData\Local\Temp\VMBuilds\Hoisting\arduino_due_x_dbg\Debug\Hoisting.cpp.o
                0x000802c8                TC3_Handler
 .text._Z10startTimerP2Tcm4IRQnm
                0x00080410       0x74 C:\Users\TeamUiS\AppData\Local\Temp\VMBuilds\Hoisting\arduino_due_x_dbg\Debug\Hoisting.cpp.o
                0x00080410                startTimer(Tc*, unsigned long, IRQn, unsigned long)
 .text._Z4sortPii
                0x00080484       0x32 C:\Users\TeamUiS\AppData\Local\Temp\VMBuilds\Hoisting\arduino_due_x_dbg\Debug\Hoisting.cpp.o
                0x00080484                sort(int*, int)
 .text._ZN8LoadCell6filterEv
                0x000804b6       0x4e C:\Users\TeamUiS\AppData\Local\Temp\VMBuilds\Hoisting\arduino_due_x_dbg\Debug\Hoisting.cpp.o
                0x000804b6                LoadCell::filter()
 .text._Z10OpenBrakesv
                0x00080504       0x30 C:\Users\TeamUiS\AppData\Local\Temp\VMBuilds\Hoisting\arduino_due_x_dbg\Debug\Hoisting.cpp.o
                0x00080504                OpenBrakes()
 .text._Z11CloseBrakesv
                0x00080534       0x30 C:\Users\TeamUiS\AppData\Local\Temp\VMBuilds\Hoisting\arduino_due_x_dbg\Debug\Hoisting.cpp.o
                0x00080534                CloseBrakes()
 *fill*         0x00080564        0x4 
 .text._Z12moveDistancefiii
                0x00080568      0x140 C:\Users\TeamUiS\AppData\Local\Temp\VMBuilds\Hoisting\arduino_due_x_dbg\Debug\Hoisting.cpp.o
                0x00080568                moveDistance(float, int, int, int)
 .text.startup._GLOBAL__sub_I_heightReading
                0x000806a8      0x1c8 C:\Users\TeamUiS\AppData\Local\Temp\VMBuilds\Hoisting\arduino_due_x_dbg\Debug\Hoisting.cpp.o
 .text._Z8sendDatav
                0x00080870      0x190 C:\Users\TeamUiS\AppData\Local\Temp\VMBuilds\Hoisting\arduino_due_x_dbg\Debug\Hoisting.cpp.o
                0x00080870                sendData()
 .text.setup    0x00080a00      0x1c8 C:\Users\TeamUiS\AppData\Local\Temp\VMBuilds\Hoisting\arduino_due_x_dbg\Debug\Hoisting.cpp.o
                0x00080a00                setup
 .text._Z17calibratePositionv
                0x00080bc8       0xb8 C:\Users\TeamUiS\AppData\Local\Temp\VMBuilds\Hoisting\arduino_due_x_dbg\Debug\Hoisting.cpp.o
                0x00080bc8                calibratePosition()
 .text._Z9tagBottomv
                0x00080c80      0x268 C:\Users\TeamUiS\AppData\Local\Temp\VMBuilds\Hoisting\arduino_due_x_dbg\Debug\Hoisting.cpp.o
                0x00080c80                tagBottom()
 .text._Z11ReceiveDatav
                0x00080ee8      0x748 C:\Users\TeamUiS\AppData\Local\Temp\VMBuilds\Hoisting\arduino_due_x_dbg\Debug\Hoisting.cpp.o
                0x00080ee8                ReceiveData()
 .text.loop     0x00081630      0x510 C:\Users\TeamUiS\AppData\Local\Temp\VMBuilds\Hoisting\arduino_due_x_dbg\Debug\Hoisting.cpp.o
                0x00081630                loop
 .text._ZN3PID7ComputeEv
                0x00081b40      0x154 C:\Users\TeamUiS\AppData\Local\Temp\VMBuilds\Hoisting\arduino_due_x_dbg\Debug\PID\PID_v1.cpp.o
                0x00081b40                PID::Compute()
 .text._ZN3PID10SetTuningsEdddi
                0x00081c94       0xe8 C:\Users\TeamUiS\AppData\Local\Temp\VMBuilds\Hoisting\arduino_due_x_dbg\Debug\PID\PID_v1.cpp.o
                0x00081c94                PID::SetTunings(double, double, double, int)
 .text._ZN3PID10SetTuningsEddd
                0x00081d7c       0x20 C:\Users\TeamUiS\AppData\Local\Temp\VMBuilds\Hoisting\arduino_due_x_dbg\Debug\PID\PID_v1.cpp.o
                0x00081d7c                PID::SetTunings(double, double, double)
 .text._ZN3PID13SetSampleTimeEi
                0x00081d9c       0x4c C:\Users\TeamUiS\AppData\Local\Temp\VMBuilds\Hoisting\arduino_due_x_dbg\Debug\PID\PID_v1.cpp.o
                0x00081d9c                PID::SetSampleTime(int)
 .text._ZN3PID15SetOutputLimitsEdd
                0x00081de8       0x8c C:\Users\TeamUiS\AppData\Local\Temp\VMBuilds\Hoisting\arduino_due_x_dbg\Debug\PID\PID_v1.cpp.o
                0x00081de8                PID::SetOutputLimits(double, double)
 .text._ZN3PID10InitializeEv
                0x00081e74       0x46 C:\Users\TeamUiS\AppData\Local\Temp\VMBuilds\Hoisting\arduino_due_x_dbg\Debug\PID\PID_v1.cpp.o
                0x00081e74                PID::Initialize()
 .text._ZN3PID7SetModeEi
                0x00081eba       0x1c C:\Users\TeamUiS\AppData\Local\Temp\VMBuilds\Hoisting\arduino_due_x_dbg\Debug\PID\PID_v1.cpp.o
                0x00081eba                PID::SetMode(int)
 .text._ZN3PID22SetControllerDirectionEi
                0x00081ed6       0x46 C:\Users\TeamUiS\AppData\Local\Temp\VMBuilds\Hoisting\arduino_due_x_dbg\Debug\PID\PID_v1.cpp.o
                0x00081ed6                PID::SetControllerDirection(int)
 *fill*         0x00081f1c        0x4 
 .text._ZN3PIDC2EPdS0_S0_dddii
                0x00081f20       0x68 C:\Users\TeamUiS\AppData\Local\Temp\VMBuilds\Hoisting\arduino_due_x_dbg\Debug\PID\PID_v1.cpp.o
                0x00081f20                PID::PID(double*, double*, double*, double, double, double, int, int)
                0x00081f20                PID::PID(double*, double*, double*, double, double, double, int, int)
 .text._ZN3PIDC2EPdS0_S0_dddi
                0x00081f88       0x30 C:\Users\TeamUiS\AppData\Local\Temp\VMBuilds\Hoisting\arduino_due_x_dbg\Debug\PID\PID_v1.cpp.o
                0x00081f88                PID::PID(double*, double*, double*, double, double, double, int)
                0x00081f88                PID::PID(double*, double*, double*, double, double, double, int)
 .text._ZN3PID5GetKpEv
                0x00081fb8        0x4 C:\Users\TeamUiS\AppData\Local\Temp\VMBuilds\Hoisting\arduino_due_x_dbg\Debug\PID\PID_v1.cpp.o
                0x00081fb8                PID::GetKp()
 .text._ZN3PID5GetKiEv
                0x00081fbc        0xa C:\Users\TeamUiS\AppData\Local\Temp\VMBuilds\Hoisting\arduino_due_x_dbg\Debug\PID\PID_v1.cpp.o
                0x00081fbc                PID::GetKi()
 .text._ZN3PID5GetKdEv
                0x00081fc6        0xa C:\Users\TeamUiS\AppData\Local\Temp\VMBuilds\Hoisting\arduino_due_x_dbg\Debug\PID\PID_v1.cpp.o
                0x00081fc6                PID::GetKd()
 .text._ZN16VisualMicroDebug16DBG_YieldAndWaitEmb
                0x00081fd0       0x1a C:\Users\TeamUiS\AppData\Local\Temp\VMBuilds\Hoisting\arduino_due_x_dbg\Debug\VM_DBG\VM_DBG.cpp.o
                0x00081fd0                VisualMicroDebug::DBG_YieldAndWait(unsigned long, bool)
 .text._ZN16VisualMicroDebug16DBG_YieldAndWaitEm
                0x00081fea        0x6 C:\Users\TeamUiS\AppData\Local\Temp\VMBuilds\Hoisting\arduino_due_x_dbg\Debug\VM_DBG\VM_DBG.cpp.o
                0x00081fea                VisualMicroDebug::DBG_YieldAndWait(unsigned long)
 .text._ZN16VisualMicroDebug14outPacketStartEb
                0x00081ff0       0x28 C:\Users\TeamUiS\AppData\Local\Temp\VMBuilds\Hoisting\arduino_due_x_dbg\Debug\VM_DBG\VM_DBG.cpp.o
                0x00081ff0                VisualMicroDebug::outPacketStart(bool)
 .text._ZN16VisualMicroDebug12outPacketEndEv
                0x00082018        0x2 C:\Users\TeamUiS\AppData\Local\Temp\VMBuilds\Hoisting\arduino_due_x_dbg\Debug\VM_DBG\VM_DBG.cpp.o
                0x00082018                VisualMicroDebug::outPacketEnd()
 .text._ZN16VisualMicroDebug4initEm
                0x0008201a        0xe C:\Users\TeamUiS\AppData\Local\Temp\VMBuilds\Hoisting\arduino_due_x_dbg\Debug\VM_DBG\VM_DBG.cpp.o
                0x0008201a                VisualMicroDebug::init(unsigned long)
 .text._ZN16VisualMicroDebug5beginEP9UARTClassm
                0x00082028       0x10 C:\Users\TeamUiS\AppData\Local\Temp\VMBuilds\Hoisting\arduino_due_x_dbg\Debug\VM_DBG\VM_DBG.cpp.o
                0x00082028                VisualMicroDebug::begin(UARTClass*, unsigned long)
 .text._ZN16VisualMicroDebug4readEv
                0x00082038        0xe C:\Users\TeamUiS\AppData\Local\Temp\VMBuilds\Hoisting\arduino_due_x_dbg\Debug\VM_DBG\VM_DBG.cpp.o
                0x00082038                VisualMicroDebug::read()
 .text._ZN16VisualMicroDebug9availableEv
                0x00082046        0xe C:\Users\TeamUiS\AppData\Local\Temp\VMBuilds\Hoisting\arduino_due_x_dbg\Debug\VM_DBG\VM_DBG.cpp.o
                0x00082046                VisualMicroDebug::available()
 .text._ZN16VisualMicroDebug16sendContinuedACKEh
                0x00082054       0x3c C:\Users\TeamUiS\AppData\Local\Temp\VMBuilds\Hoisting\arduino_due_x_dbg\Debug\VM_DBG\VM_DBG.cpp.o
                0x00082054                VisualMicroDebug::sendContinuedACK(unsigned char)
 .text._ZN16VisualMicroDebug9breakWaitEh
                0x00082090       0x54 C:\Users\TeamUiS\AppData\Local\Temp\VMBuilds\Hoisting\arduino_due_x_dbg\Debug\VM_DBG\VM_DBG.cpp.o
                0x00082090                VisualMicroDebug::breakWait(unsigned char)
 .text._ZN16VisualMicroDebug5startEbb
                0x000820e4       0x26 C:\Users\TeamUiS\AppData\Local\Temp\VMBuilds\Hoisting\arduino_due_x_dbg\Debug\VM_DBG\VM_DBG.cpp.o
                0x000820e4                VisualMicroDebug::start(bool, bool)
 *fill*         0x0008210a        0x2 
 .text.startup._GLOBAL__sub_I__ZN16VisualMicroDebug16DBG_YieldAndWaitEm
                0x0008210c       0x14 C:\Users\TeamUiS\AppData\Local\Temp\VMBuilds\Hoisting\arduino_due_x_dbg\Debug\VM_DBG\VM_DBG.cpp.o
 .text._Z11serialEventv
                0x00082120        0x2 C:\Users\TeamUiS\AppData\Local\Temp\VMBuilds\Hoisting\arduino_due_x_dbg\Debug\variant\variant.cpp.o
                0x00082120                serialEvent()
 *fill*         0x00082122        0x2 
 .text.UART_Handler
                0x00082124        0xc C:\Users\TeamUiS\AppData\Local\Temp\VMBuilds\Hoisting\arduino_due_x_dbg\Debug\variant\variant.cpp.o
                0x00082124                UART_Handler
 .text._Z12serialEvent1v
                0x00082130        0x2 C:\Users\TeamUiS\AppData\Local\Temp\VMBuilds\Hoisting\arduino_due_x_dbg\Debug\variant\variant.cpp.o
                0x00082130                serialEvent1()
 .text._Z12serialEvent2v
                0x00082132        0x2 C:\Users\TeamUiS\AppData\Local\Temp\VMBuilds\Hoisting\arduino_due_x_dbg\Debug\variant\variant.cpp.o
                0x00082132                serialEvent2()
 .text._Z12serialEvent3v
                0x00082134        0x2 C:\Users\TeamUiS\AppData\Local\Temp\VMBuilds\Hoisting\arduino_due_x_dbg\Debug\variant\variant.cpp.o
                0x00082134                serialEvent3()
 *fill*         0x00082136        0x2 
 .text.USART0_Handler
                0x00082138        0xc C:\Users\TeamUiS\AppData\Local\Temp\VMBuilds\Hoisting\arduino_due_x_dbg\Debug\variant\variant.cpp.o
                0x00082138                USART0_Handler
 .text.USART1_Handler
                0x00082144        0xc C:\Users\TeamUiS\AppData\Local\Temp\VMBuilds\Hoisting\arduino_due_x_dbg\Debug\variant\variant.cpp.o
                0x00082144                USART1_Handler
 .text.USART3_Handler
                0x00082150        0xc C:\Users\TeamUiS\AppData\Local\Temp\VMBuilds\Hoisting\arduino_due_x_dbg\Debug\variant\variant.cpp.o
                0x00082150                USART3_Handler
 .text.init     0x0008215c      0x128 C:\Users\TeamUiS\AppData\Local\Temp\VMBuilds\Hoisting\arduino_due_x_dbg\Debug\variant\variant.cpp.o
                0x0008215c                init
 .text.startup._GLOBAL__sub_I_g_APinDescription
                0x00082284       0xd4 C:\Users\TeamUiS\AppData\Local\Temp\VMBuilds\Hoisting\arduino_due_x_dbg\Debug\variant\variant.cpp.o
 .text._Z14serialEventRunv
                0x00082358       0x44 C:\Users\TeamUiS\AppData\Local\Temp\VMBuilds\Hoisting\arduino_due_x_dbg\Debug\variant\variant.cpp.o
                0x00082358                serialEventRun()
 .text.PIO_PullUp
                0x0008239c        0xa C:\Users\TeamUiS\AppData\Local\arduino15\packages\arduino\hardware\sam\1.6.11\variants\arduino_due_x/libsam_sam3x8e_gcc_rel.a(pio.o)
                0x0008239c                PIO_PullUp
 .text.PIO_Get  0x000823a6       0x14 C:\Users\TeamUiS\AppData\Local\arduino15\packages\arduino\hardware\sam\1.6.11\variants\arduino_due_x/libsam_sam3x8e_gcc_rel.a(pio.o)
                0x000823a6                PIO_Get
 .text.PIO_SetPeripheral
                0x000823ba       0x26 C:\Users\TeamUiS\AppData\Local\arduino15\packages\arduino\hardware\sam\1.6.11\variants\arduino_due_x/libsam_sam3x8e_gcc_rel.a(pio.o)
                0x000823ba                PIO_SetPeripheral
 .text.PIO_SetInput
                0x000823e0       0x26 C:\Users\TeamUiS\AppData\Local\arduino15\packages\arduino\hardware\sam\1.6.11\variants\arduino_due_x/libsam_sam3x8e_gcc_rel.a(pio.o)
                0x000823e0                PIO_SetInput
 .text.PIO_SetOutput
                0x00082406       0x24 C:\Users\TeamUiS\AppData\Local\arduino15\packages\arduino\hardware\sam\1.6.11\variants\arduino_due_x/libsam_sam3x8e_gcc_rel.a(pio.o)
                0x00082406                PIO_SetOutput
 *fill*         0x0008242a        0x2 
 .text.PIO_Configure
                0x0008242c       0x64 C:\Users\TeamUiS\AppData\Local\arduino15\packages\arduino\hardware\sam\1.6.11\variants\arduino_due_x/libsam_sam3x8e_gcc_rel.a(pio.o)
                0x0008242c                PIO_Configure
 .text.PIO_GetOutputDataStatus
                0x00082490       0x14 C:\Users\TeamUiS\AppData\Local\arduino15\packages\arduino\hardware\sam\1.6.11\variants\arduino_due_x/libsam_sam3x8e_gcc_rel.a(pio.o)
                0x00082490                PIO_GetOutputDataStatus
 .text.pmc_enable_upll_clock
                0x000824a4       0x14 C:\Users\TeamUiS\AppData\Local\arduino15\packages\arduino\hardware\sam\1.6.11\variants\arduino_due_x/libsam_sam3x8e_gcc_rel.a(pmc.o)
                0x000824a4                pmc_enable_upll_clock
 .text.pmc_enable_periph_clk
                0x000824b8       0x44 C:\Users\TeamUiS\AppData\Local\arduino15\packages\arduino\hardware\sam\1.6.11\variants\arduino_due_x/libsam_sam3x8e_gcc_rel.a(pmc.o)
                0x000824b8                pmc_enable_periph_clk
 .text.pmc_disable_periph_clk
                0x000824fc       0x40 C:\Users\TeamUiS\AppData\Local\arduino15\packages\arduino\hardware\sam\1.6.11\variants\arduino_due_x/libsam_sam3x8e_gcc_rel.a(pmc.o)
                0x000824fc                pmc_disable_periph_clk
 .text.pmc_switch_udpck_to_upllck
                0x0008253c       0x14 C:\Users\TeamUiS\AppData\Local\arduino15\packages\arduino\hardware\sam\1.6.11\variants\arduino_due_x/libsam_sam3x8e_gcc_rel.a(pmc.o)
                0x0008253c                pmc_switch_udpck_to_upllck
 .text.pmc_enable_udpck
                0x00082550        0xc C:\Users\TeamUiS\AppData\Local\arduino15\packages\arduino\hardware\sam\1.6.11\variants\arduino_due_x/libsam_sam3x8e_gcc_rel.a(pmc.o)
                0x00082550                pmc_enable_udpck
 .text.pmc_set_writeprotect
                0x0008255c       0x1c C:\Users\TeamUiS\AppData\Local\arduino15\packages\arduino\hardware\sam\1.6.11\variants\arduino_due_x/libsam_sam3x8e_gcc_rel.a(pmc.o)
                0x0008255c                pmc_set_writeprotect
 .text.TC_Configure
                0x00082578       0x38 C:\Users\TeamUiS\AppData\Local\arduino15\packages\arduino\hardware\sam\1.6.11\variants\arduino_due_x/libsam_sam3x8e_gcc_rel.a(tc.o)
                0x00082578                TC_Configure
 .text.TC_Start
                0x000825b0       0x2c C:\Users\TeamUiS\AppData\Local\arduino15\packages\arduino\hardware\sam\1.6.11\variants\arduino_due_x/libsam_sam3x8e_gcc_rel.a(tc.o)
                0x000825b0                TC_Start
 .text.TC_GetStatus
                0x000825dc        0x8 C:\Users\TeamUiS\AppData\Local\arduino15\packages\arduino\hardware\sam\1.6.11\variants\arduino_due_x/libsam_sam3x8e_gcc_rel.a(tc.o)
                0x000825dc                TC_GetStatus
 .text.TC_SetRA
                0x000825e4        0x8 C:\Users\TeamUiS\AppData\Local\arduino15\packages\arduino\hardware\sam\1.6.11\variants\arduino_due_x/libsam_sam3x8e_gcc_rel.a(tc.o)
                0x000825e4                TC_SetRA
 .text.TC_SetRC
                0x000825ec        0x8 C:\Users\TeamUiS\AppData\Local\arduino15\packages\arduino\hardware\sam\1.6.11\variants\arduino_due_x/libsam_sam3x8e_gcc_rel.a(tc.o)
                0x000825ec                TC_SetRC
 .text.SystemInit
                0x000825f4       0x88 C:\Users\TeamUiS\AppData\Local\arduino15\packages\arduino\hardware\sam\1.6.11\variants\arduino_due_x/libsam_sam3x8e_gcc_rel.a(system_sam3xa.o)
                0x000825f4                SystemInit
 .text.Reset_Handler
                0x0008267c       0x78 C:\Users\TeamUiS\AppData\Local\arduino15\packages\arduino\hardware\sam\1.6.11\variants\arduino_due_x/libsam_sam3x8e_gcc_rel.a(startup_sam3xa.o)
                0x0008267c                Reset_Handler
 .text.adc_init
                0x000826f4       0x98 C:\Users\TeamUiS\AppData\Local\arduino15\packages\arduino\hardware\sam\1.6.11\variants\arduino_due_x/libsam_sam3x8e_gcc_rel.a(adc.o)
                0x000826f4                adc_init
 .text.adc_configure_trigger
                0x0008278c        0xe C:\Users\TeamUiS\AppData\Local\arduino15\packages\arduino\hardware\sam\1.6.11\variants\arduino_due_x/libsam_sam3x8e_gcc_rel.a(adc.o)
                0x0008278c                adc_configure_trigger
 .text.adc_configure_timing
                0x0008279a       0x1a C:\Users\TeamUiS\AppData\Local\arduino15\packages\arduino\hardware\sam\1.6.11\variants\arduino_due_x/libsam_sam3x8e_gcc_rel.a(adc.o)
                0x0008279a                adc_configure_timing
 .text.adc_start
                0x000827b4        0x6 C:\Users\TeamUiS\AppData\Local\arduino15\packages\arduino\hardware\sam\1.6.11\variants\arduino_due_x/libsam_sam3x8e_gcc_rel.a(adc.o)
                0x000827b4                adc_start
 .text.adc_enable_channel
                0x000827ba        0xa C:\Users\TeamUiS\AppData\Local\arduino15\packages\arduino\hardware\sam\1.6.11\variants\arduino_due_x/libsam_sam3x8e_gcc_rel.a(adc.o)
                0x000827ba                adc_enable_channel
 .text.adc_disable_channel
                0x000827c4        0xa C:\Users\TeamUiS\AppData\Local\arduino15\packages\arduino\hardware\sam\1.6.11\variants\arduino_due_x/libsam_sam3x8e_gcc_rel.a(adc.o)
                0x000827c4                adc_disable_channel
 .text.adc_disable_all_channel
                0x000827ce        0x8 C:\Users\TeamUiS\AppData\Local\arduino15\packages\arduino\hardware\sam\1.6.11\variants\arduino_due_x/libsam_sam3x8e_gcc_rel.a(adc.o)
                0x000827ce                adc_disable_all_channel
 .text.adc_get_channel_status
                0x000827d6        0xa C:\Users\TeamUiS\AppData\Local\arduino15\packages\arduino\hardware\sam\1.6.11\variants\arduino_due_x/libsam_sam3x8e_gcc_rel.a(adc.o)
                0x000827d6                adc_get_channel_status
 .text.adc_get_latest_value
                0x000827e0        0x4 C:\Users\TeamUiS\AppData\Local\arduino15\packages\arduino\hardware\sam\1.6.11\variants\arduino_due_x/libsam_sam3x8e_gcc_rel.a(adc.o)
                0x000827e0                adc_get_latest_value
 .text.adc_disable_interrupt
                0x000827e4        0x4 C:\Users\TeamUiS\AppData\Local\arduino15\packages\arduino\hardware\sam\1.6.11\variants\arduino_due_x/libsam_sam3x8e_gcc_rel.a(adc.o)
                0x000827e4                adc_disable_interrupt
 .text.adc_get_status
                0x000827e8        0x4 C:\Users\TeamUiS\AppData\Local\arduino15\packages\arduino\hardware\sam\1.6.11\variants\arduino_due_x/libsam_sam3x8e_gcc_rel.a(adc.o)
                0x000827e8                adc_get_status
 .text.UOTGHS_Handler
                0x000827ec       0x10 C:\Users\TeamUiS\AppData\Local\arduino15\packages\arduino\hardware\sam\1.6.11\variants\arduino_due_x/libsam_sam3x8e_gcc_rel.a(uotghs.o)
                0x000827ec                UOTGHS_Handler
 .text.__halt   0x000827fc        0x2 C:\Users\TeamUiS\AppData\Local\Temp\VMBuilds\Hoisting\arduino_due_x_dbg\Debug/core.a(cortex_handlers.c.o)
                0x000827fc                DACC_Handler
                0x000827fc                DebugMon_Handler
                0x000827fc                DMAC_Handler
                0x000827fc                TRNG_Handler
                0x000827fc                HardFault_Handler
                0x000827fc                TC2_Handler
                0x000827fc                TWI1_Handler
                0x000827fc                NMI_Handler
                0x000827fc                TC7_Handler
                0x000827fc                ADC_Handler
                0x000827fc                SMC_Handler
                0x000827fc                RTT_Handler
                0x000827fc                EFC1_Handler
                0x000827fc                PIOB_Handler
                0x000827fc                RTC_Handler
                0x000827fc                UsageFault_Handler
                0x000827fc                TC6_Handler
                0x000827fc                WDT_Handler
                0x000827fc                CAN0_Handler
                0x000827fc                TC4_Handler
                0x000827fc                TC1_Handler
                0x000827fc                HSMCI_Handler
                0x000827fc                TWI0_Handler
                0x000827fc                PIOA_Handler
                0x000827fc                SSC_Handler
                0x000827fc                EFC0_Handler
                0x000827fc                PMC_Handler
                0x000827fc                PWM_Handler
                0x000827fc                CAN1_Handler
                0x000827fc                MemManage_Handler
                0x000827fc                SUPC_Handler
                0x000827fc                TC8_Handler
                0x000827fc                USART2_Handler
                0x000827fc                PIOD_Handler
                0x000827fc                EMAC_Handler
                0x000827fc                PIOC_Handler
                0x000827fc                BusFault_Handler
                0x000827fc                RSTC_Handler
                0x000827fc                TC0_Handler
                0x000827fc                TC5_Handler
                0x000827fc                SPI0_Handler
 .text.SVC_Handler
                0x000827fe        0x4 C:\Users\TeamUiS\AppData\Local\Temp\VMBuilds\Hoisting\arduino_due_x_dbg\Debug/core.a(cortex_handlers.c.o)
                0x000827fe                SVC_Handler
 .text.PendSV_Handler
                0x00082802        0x4 C:\Users\TeamUiS\AppData\Local\Temp\VMBuilds\Hoisting\arduino_due_x_dbg\Debug/core.a(cortex_handlers.c.o)
                0x00082802                PendSV_Handler
 .text.SysTick_Handler
                0x00082806       0x16 C:\Users\TeamUiS\AppData\Local\Temp\VMBuilds\Hoisting\arduino_due_x_dbg\Debug/core.a(cortex_handlers.c.o)
                0x00082806                SysTick_Handler
 .text.__empty  0x0008281c        0x2 C:\Users\TeamUiS\AppData\Local\Temp\VMBuilds\Hoisting\arduino_due_x_dbg\Debug/core.a(hooks.c.o)
                0x0008281c                yield
 .text.__false  0x0008281e        0x4 C:\Users\TeamUiS\AppData\Local\Temp\VMBuilds\Hoisting\arduino_due_x_dbg\Debug/core.a(hooks.c.o)
                0x0008281e                sysTickHook
 .text.__halt   0x00082822        0x2 C:\Users\TeamUiS\AppData\Local\Temp\VMBuilds\Hoisting\arduino_due_x_dbg\Debug/core.a(hooks.c.o)
                0x00082822                svcHook
                0x00082822                pendSVHook
 .text._sbrk    0x00082824       0x1c C:\Users\TeamUiS\AppData\Local\Temp\VMBuilds\Hoisting\arduino_due_x_dbg\Debug/core.a(syscalls_sam3.c.o)
                0x00082824                _sbrk
 .text.link     0x00082840        0x6 C:\Users\TeamUiS\AppData\Local\Temp\VMBuilds\Hoisting\arduino_due_x_dbg\Debug/core.a(syscalls_sam3.c.o)
                0x00082840                link
 .text._close   0x00082846        0x6 C:\Users\TeamUiS\AppData\Local\Temp\VMBuilds\Hoisting\arduino_due_x_dbg\Debug/core.a(syscalls_sam3.c.o)
                0x00082846                _close
 .text._fstat   0x0008284c        0xa C:\Users\TeamUiS\AppData\Local\Temp\VMBuilds\Hoisting\arduino_due_x_dbg\Debug/core.a(syscalls_sam3.c.o)
                0x0008284c                _fstat
 .text._isatty  0x00082856        0x4 C:\Users\TeamUiS\AppData\Local\Temp\VMBuilds\Hoisting\arduino_due_x_dbg\Debug/core.a(syscalls_sam3.c.o)
                0x00082856                _isatty
 .text._lseek   0x0008285a        0x4 C:\Users\TeamUiS\AppData\Local\Temp\VMBuilds\Hoisting\arduino_due_x_dbg\Debug/core.a(syscalls_sam3.c.o)
                0x0008285a                _lseek
 .text._read    0x0008285e        0x4 C:\Users\TeamUiS\AppData\Local\Temp\VMBuilds\Hoisting\arduino_due_x_dbg\Debug/core.a(syscalls_sam3.c.o)
                0x0008285e                _read
 *fill*         0x00082862        0x2 
 .text._write   0x00082864       0x24 C:\Users\TeamUiS\AppData\Local\Temp\VMBuilds\Hoisting\arduino_due_x_dbg\Debug/core.a(syscalls_sam3.c.o)
                0x00082864                _write
 .text._exit    0x00082888       0x10 C:\Users\TeamUiS\AppData\Local\Temp\VMBuilds\Hoisting\arduino_due_x_dbg\Debug/core.a(syscalls_sam3.c.o)
                0x00082888                _exit
 .text._kill    0x00082898        0x2 C:\Users\TeamUiS\AppData\Local\Temp\VMBuilds\Hoisting\arduino_due_x_dbg\Debug/core.a(syscalls_sam3.c.o)
                0x00082898                _kill
 .text._getpid  0x0008289a        0x6 C:\Users\TeamUiS\AppData\Local\Temp\VMBuilds\Hoisting\arduino_due_x_dbg\Debug/core.a(syscalls_sam3.c.o)
                0x0008289a                _getpid
 .text.millis   0x000828a0        0x4 C:\Users\TeamUiS\AppData\Local\Temp\VMBuilds\Hoisting\arduino_due_x_dbg\Debug/core.a(wiring.c.o)
                0x000828a0                millis
 .text.micros   0x000828a4       0x74 C:\Users\TeamUiS\AppData\Local\Temp\VMBuilds\Hoisting\arduino_due_x_dbg\Debug/core.a(wiring.c.o)
                0x000828a4                micros
 .text.delay    0x00082918       0x1c C:\Users\TeamUiS\AppData\Local\Temp\VMBuilds\Hoisting\arduino_due_x_dbg\Debug/core.a(wiring.c.o)
                0x00082918                delay
 .text.mapResolution
                0x00082934       0x12 C:\Users\TeamUiS\AppData\Local\Temp\VMBuilds\Hoisting\arduino_due_x_dbg\Debug/core.a(wiring_analog.c.o)
 *fill*         0x00082946        0x2 
 .text.analogReadResolution
                0x00082948        0xc C:\Users\TeamUiS\AppData\Local\Temp\VMBuilds\Hoisting\arduino_due_x_dbg\Debug/core.a(wiring_analog.c.o)
                0x00082948                analogReadResolution
 .text.analogRead
                0x00082954       0x9c C:\Users\TeamUiS\AppData\Local\Temp\VMBuilds\Hoisting\arduino_due_x_dbg\Debug/core.a(wiring_analog.c.o)
                0x00082954                analogRead
 .text.analogOutputInit
                0x000829f0        0x2 C:\Users\TeamUiS\AppData\Local\Temp\VMBuilds\Hoisting\arduino_due_x_dbg\Debug/core.a(wiring_analog.c.o)
                0x000829f0                analogOutputInit
 *fill*         0x000829f2        0x2 
 .text.pinMode  0x000829f4      0x108 C:\Users\TeamUiS\AppData\Local\Temp\VMBuilds\Hoisting\arduino_due_x_dbg\Debug/core.a(wiring_digital.c.o)
                0x000829f4                pinMode
 .text.digitalWrite
                0x00082afc       0x70 C:\Users\TeamUiS\AppData\Local\Temp\VMBuilds\Hoisting\arduino_due_x_dbg\Debug/core.a(wiring_digital.c.o)
                0x00082afc                digitalWrite
 .text.digitalRead
                0x00082b6c       0x44 C:\Users\TeamUiS\AppData\Local\Temp\VMBuilds\Hoisting\arduino_due_x_dbg\Debug/core.a(wiring_digital.c.o)
                0x00082b6c                digitalRead
 .text.initVariant
                0x00082bb0        0x2 C:\Users\TeamUiS\AppData\Local\Temp\VMBuilds\Hoisting\arduino_due_x_dbg\Debug/core.a(main.cpp.o)
                0x00082bb0                initVariant
 *fill*         0x00082bb2        0x2 
 .text.startup.main
                0x00082bb4       0x38 C:\Users\TeamUiS\AppData\Local\Temp\VMBuilds\Hoisting\arduino_due_x_dbg\Debug/core.a(main.cpp.o)
                0x00082bb4                main
 .text._ZN5Print5writeEPKhj
                0x00082bec       0x22 C:\Users\TeamUiS\AppData\Local\Temp\VMBuilds\Hoisting\arduino_due_x_dbg\Debug/core.a(Print.cpp.o)
                0x00082bec                Print::write(unsigned char const*, unsigned int)
 .text._ZN5Print5printEmi.part.3
                0x00082c0e        0xc C:\Users\TeamUiS\AppData\Local\Temp\VMBuilds\Hoisting\arduino_due_x_dbg\Debug/core.a(Print.cpp.o)
 .text._ZN5Print5printEPKc
                0x00082c1a        0x8 C:\Users\TeamUiS\AppData\Local\Temp\VMBuilds\Hoisting\arduino_due_x_dbg\Debug/core.a(Print.cpp.o)
                0x00082c1a                Print::print(char const*)
 .text._ZN5Print5printEc
                0x00082c22        0xa C:\Users\TeamUiS\AppData\Local\Temp\VMBuilds\Hoisting\arduino_due_x_dbg\Debug/core.a(Print.cpp.o)
                0x00082c22                Print::print(char)
 .text._ZN5Print7printlnEv
                0x00082c2c       0x10 C:\Users\TeamUiS\AppData\Local\Temp\VMBuilds\Hoisting\arduino_due_x_dbg\Debug/core.a(Print.cpp.o)
                0x00082c2c                Print::println()
 .text._ZN5Print7printlnEPKc
                0x00082c3c       0x14 C:\Users\TeamUiS\AppData\Local\Temp\VMBuilds\Hoisting\arduino_due_x_dbg\Debug/core.a(Print.cpp.o)
                0x00082c3c                Print::println(char const*)
 .text._ZN5Print11printNumberEmh
                0x00082c50       0x3e C:\Users\TeamUiS\AppData\Local\Temp\VMBuilds\Hoisting\arduino_due_x_dbg\Debug/core.a(Print.cpp.o)
                0x00082c50                Print::printNumber(unsigned long, unsigned char)
 .text._ZN5Print5printEli
                0x00082c8e       0x3c C:\Users\TeamUiS\AppData\Local\Temp\VMBuilds\Hoisting\arduino_due_x_dbg\Debug/core.a(Print.cpp.o)
                0x00082c8e                Print::print(long, int)
 .text._ZN5Print5printEii
                0x00082cca        0x4 C:\Users\TeamUiS\AppData\Local\Temp\VMBuilds\Hoisting\arduino_due_x_dbg\Debug/core.a(Print.cpp.o)
                0x00082cca                Print::print(int, int)
 .text._ZN5Print7printlnEii
                0x00082cce       0x14 C:\Users\TeamUiS\AppData\Local\Temp\VMBuilds\Hoisting\arduino_due_x_dbg\Debug/core.a(Print.cpp.o)
                0x00082cce                Print::println(int, int)
 .text._ZN5Print5printEmi
                0x00082ce2        0xc C:\Users\TeamUiS\AppData\Local\Temp\VMBuilds\Hoisting\arduino_due_x_dbg\Debug/core.a(Print.cpp.o)
                0x00082ce2                Print::print(unsigned long, int)
 .text._ZN5Print5printEhi
                0x00082cee        0x4 C:\Users\TeamUiS\AppData\Local\Temp\VMBuilds\Hoisting\arduino_due_x_dbg\Debug/core.a(Print.cpp.o)
                0x00082cee                Print::print(unsigned char, int)
 *fill*         0x00082cf2        0x2 
 .text._ZN5Print10printFloatEdh
                0x00082cf4      0x148 C:\Users\TeamUiS\AppData\Local\Temp\VMBuilds\Hoisting\arduino_due_x_dbg\Debug/core.a(Print.cpp.o)
                0x00082cf4                Print::printFloat(double, unsigned char)
 .text._ZN5Print5printEdi
                0x00082e3c        0xa C:\Users\TeamUiS\AppData\Local\Temp\VMBuilds\Hoisting\arduino_due_x_dbg\Debug/core.a(Print.cpp.o)
                0x00082e3c                Print::print(double, int)
 .text._ZN5Print7printlnEdi
                0x00082e46       0x1c C:\Users\TeamUiS\AppData\Local\Temp\VMBuilds\Hoisting\arduino_due_x_dbg\Debug/core.a(Print.cpp.o)
                0x00082e46                Print::println(double, int)
 *fill*         0x00082e62        0x2 
 .text.initiateReset
                0x00082e64        0xc C:\Users\TeamUiS\AppData\Local\Temp\VMBuilds\Hoisting\arduino_due_x_dbg\Debug/core.a(Reset.cpp.o)
                0x00082e64                initiateReset
 .text.cancelReset
                0x00082e70       0x10 C:\Users\TeamUiS\AppData\Local\Temp\VMBuilds\Hoisting\arduino_due_x_dbg\Debug/core.a(Reset.cpp.o)
                0x00082e70                cancelReset
 .text.tickReset
                0x00082e80       0x20 C:\Users\TeamUiS\AppData\Local\Temp\VMBuilds\Hoisting\arduino_due_x_dbg\Debug/core.a(Reset.cpp.o)
                0x00082e80                tickReset
 .text._ZN10RingBufferC2Ev
                0x00082ea0       0x1a C:\Users\TeamUiS\AppData\Local\Temp\VMBuilds\Hoisting\arduino_due_x_dbg\Debug/core.a(RingBuffer.cpp.o)
                0x00082ea0                RingBuffer::RingBuffer()
                0x00082ea0                RingBuffer::RingBuffer()
 .text._ZN10RingBuffer10store_charEh
                0x00082eba       0x1e C:\Users\TeamUiS\AppData\Local\Temp\VMBuilds\Hoisting\arduino_due_x_dbg\Debug/core.a(RingBuffer.cpp.o)
                0x00082eba                RingBuffer::store_char(unsigned char)
 .text._ZN6Stream9timedReadEv
                0x00082ed8       0x2a C:\Users\TeamUiS\AppData\Local\Temp\VMBuilds\Hoisting\arduino_due_x_dbg\Debug/core.a(Stream.cpp.o)
                0x00082ed8                Stream::timedRead()
 *fill*         0x00082f02        0x2 
 .text._ZN6Stream15readStringUntilEc
                0x00082f04       0x30 C:\Users\TeamUiS\AppData\Local\Temp\VMBuilds\Hoisting\arduino_due_x_dbg\Debug/core.a(Stream.cpp.o)
                0x00082f04                Stream::readStringUntil(char)
 .text._ZN9UARTClasscvbEv
                0x00082f34        0x4 C:\Users\TeamUiS\AppData\Local\Temp\VMBuilds\Hoisting\arduino_due_x_dbg\Debug/core.a(UARTClass.cpp.o)
                0x00082f34                UARTClass::operator bool()
 .text._ZN9UARTClass9availableEv
                0x00082f38       0x12 C:\Users\TeamUiS\AppData\Local\Temp\VMBuilds\Hoisting\arduino_due_x_dbg\Debug/core.a(UARTClass.cpp.o)
                0x00082f38                UARTClass::available()
 .text._ZN9UARTClass4peekEv
                0x00082f4a       0x1c C:\Users\TeamUiS\AppData\Local\Temp\VMBuilds\Hoisting\arduino_due_x_dbg\Debug/core.a(UARTClass.cpp.o)
                0x00082f4a                UARTClass::peek()
 .text._ZN9UARTClass4readEv
                0x00082f66       0x2a C:\Users\TeamUiS\AppData\Local\Temp\VMBuilds\Hoisting\arduino_due_x_dbg\Debug/core.a(UARTClass.cpp.o)
                0x00082f66                UARTClass::read()
 .text._ZN9UARTClass5flushEv
                0x00082f90       0x18 C:\Users\TeamUiS\AppData\Local\Temp\VMBuilds\Hoisting\arduino_due_x_dbg\Debug/core.a(UARTClass.cpp.o)
                0x00082f90                UARTClass::flush()
 .text._ZN9UARTClass5writeEh
                0x00082fa8       0x54 C:\Users\TeamUiS\AppData\Local\Temp\VMBuilds\Hoisting\arduino_due_x_dbg\Debug/core.a(UARTClass.cpp.o)
                0x00082fa8                UARTClass::write(unsigned char)
 .text._ZN9UARTClass3endEv
                0x00082ffc       0x3c C:\Users\TeamUiS\AppData\Local\Temp\VMBuilds\Hoisting\arduino_due_x_dbg\Debug/core.a(UARTClass.cpp.o)
                0x00082ffc                UARTClass::end()
 .text._ZN9UARTClassC2EP4Uart4IRQnmP10RingBufferS4_
                0x00083038       0x24 C:\Users\TeamUiS\AppData\Local\Temp\VMBuilds\Hoisting\arduino_due_x_dbg\Debug/core.a(UARTClass.cpp.o)
                0x00083038                UARTClass::UARTClass(Uart*, IRQn, unsigned long, RingBuffer*, RingBuffer*)
                0x00083038                UARTClass::UARTClass(Uart*, IRQn, unsigned long, RingBuffer*, RingBuffer*)
 .text._ZN9UARTClass4initEmm
                0x0008305c       0x70 C:\Users\TeamUiS\AppData\Local\Temp\VMBuilds\Hoisting\arduino_due_x_dbg\Debug/core.a(UARTClass.cpp.o)
                0x0008305c                UARTClass::init(unsigned long, unsigned long)
 .text._ZN9UARTClass5beginEm
                0x000830cc        0x8 C:\Users\TeamUiS\AppData\Local\Temp\VMBuilds\Hoisting\arduino_due_x_dbg\Debug/core.a(UARTClass.cpp.o)
                0x000830cc                UARTClass::begin(unsigned long)
 .text._ZN9UARTClass10IrqHandlerEv
                0x000830d4       0x5a C:\Users\TeamUiS\AppData\Local\Temp\VMBuilds\Hoisting\arduino_due_x_dbg\Debug/core.a(UARTClass.cpp.o)
                0x000830d4                UARTClass::IrqHandler()
 .text._ZN10USARTClass5beginEm
                0x0008312e        0x8 C:\Users\TeamUiS\AppData\Local\Temp\VMBuilds\Hoisting\arduino_due_x_dbg\Debug/core.a(USARTClass.cpp.o)
                0x0008312e                USARTClass::begin(unsigned long)
 *fill*         0x00083136        0x2 
 .text._ZN10USARTClassC2EP5Usart4IRQnmP10RingBufferS4_
                0x00083138       0x24 C:\Users\TeamUiS\AppData\Local\Temp\VMBuilds\Hoisting\arduino_due_x_dbg\Debug/core.a(USARTClass.cpp.o)
                0x00083138                USARTClass::USARTClass(Usart*, IRQn, unsigned long, RingBuffer*, RingBuffer*)
                0x00083138                USARTClass::USARTClass(Usart*, IRQn, unsigned long, RingBuffer*, RingBuffer*)
 .text._watchdogDefaultSetup
                0x0008315c        0xc C:\Users\TeamUiS\AppData\Local\Temp\VMBuilds\Hoisting\arduino_due_x_dbg\Debug/core.a(watchdog.cpp.o)
                0x0008315c                _watchdogDefaultSetup
                0x0008315c                watchdogSetup()
 .text._ZN6StringD2Ev
                0x00083168        0xe C:\Users\TeamUiS\AppData\Local\Temp\VMBuilds\Hoisting\arduino_due_x_dbg\Debug/core.a(WString.cpp.o)
                0x00083168                String::~String()
                0x00083168                String::~String()
 .text._ZN6String10invalidateEv
                0x00083176       0x16 C:\Users\TeamUiS\AppData\Local\Temp\VMBuilds\Hoisting\arduino_due_x_dbg\Debug/core.a(WString.cpp.o)
                0x00083176                String::invalidate()
 .text._ZN6String12changeBufferEj
                0x0008318c       0x18 C:\Users\TeamUiS\AppData\Local\Temp\VMBuilds\Hoisting\arduino_due_x_dbg\Debug/core.a(WString.cpp.o)
                0x0008318c                String::changeBuffer(unsigned int)
 .text._ZN6String7reserveEj
                0x000831a4       0x22 C:\Users\TeamUiS\AppData\Local\Temp\VMBuilds\Hoisting\arduino_due_x_dbg\Debug/core.a(WString.cpp.o)
                0x000831a4                String::reserve(unsigned int)
 .text._ZN6String4copyEPKcj
                0x000831c6       0x26 C:\Users\TeamUiS\AppData\Local\Temp\VMBuilds\Hoisting\arduino_due_x_dbg\Debug/core.a(WString.cpp.o)
                0x000831c6                String::copy(char const*, unsigned int)
 .text._ZN6StringC2EPKc
                0x000831ec       0x24 C:\Users\TeamUiS\AppData\Local\Temp\VMBuilds\Hoisting\arduino_due_x_dbg\Debug/core.a(WString.cpp.o)
                0x000831ec                String::String(char const*)
                0x000831ec                String::String(char const*)
 .text._ZN6StringaSERKS_
                0x00083210       0x1e C:\Users\TeamUiS\AppData\Local\Temp\VMBuilds\Hoisting\arduino_due_x_dbg\Debug/core.a(WString.cpp.o)
                0x00083210                String::operator=(String const&)
 .text._ZN6StringC2ERKS_
                0x0008322e       0x14 C:\Users\TeamUiS\AppData\Local\Temp\VMBuilds\Hoisting\arduino_due_x_dbg\Debug/core.a(WString.cpp.o)
                0x0008322e                String::String(String const&)
                0x0008322e                String::String(String const&)
 .text._ZN6StringaSEPKc
                0x00083242       0x22 C:\Users\TeamUiS\AppData\Local\Temp\VMBuilds\Hoisting\arduino_due_x_dbg\Debug/core.a(WString.cpp.o)
                0x00083242                String::operator=(char const*)
 .text._ZN6String6concatEPKcj
                0x00083264       0x2e C:\Users\TeamUiS\AppData\Local\Temp\VMBuilds\Hoisting\arduino_due_x_dbg\Debug/core.a(WString.cpp.o)
                0x00083264                String::concat(char const*, unsigned int)
 .text._ZN6String6concatEc
                0x00083292       0x1a C:\Users\TeamUiS\AppData\Local\Temp\VMBuilds\Hoisting\arduino_due_x_dbg\Debug/core.a(WString.cpp.o)
                0x00083292                String::concat(char)
 .text._ZNK6String7indexOfEcj
                0x000832ac       0x1c C:\Users\TeamUiS\AppData\Local\Temp\VMBuilds\Hoisting\arduino_due_x_dbg\Debug/core.a(WString.cpp.o)
                0x000832ac                String::indexOf(char, unsigned int) const
 .text._ZNK6String7indexOfEc
                0x000832c8        0x6 C:\Users\TeamUiS\AppData\Local\Temp\VMBuilds\Hoisting\arduino_due_x_dbg\Debug/core.a(WString.cpp.o)
                0x000832c8                String::indexOf(char) const
 *fill*         0x000832ce        0x2 
 .text._ZNK6String9substringEjj
                0x000832d0       0x4c C:\Users\TeamUiS\AppData\Local\Temp\VMBuilds\Hoisting\arduino_due_x_dbg\Debug/core.a(WString.cpp.o)
                0x000832d0                String::substring(unsigned int, unsigned int) const
 .text._ZNK6String5toIntEv
                0x0008331c        0xa C:\Users\TeamUiS\AppData\Local\Temp\VMBuilds\Hoisting\arduino_due_x_dbg\Debug/core.a(WString.cpp.o)
                0x0008331c                String::toInt() const
 .text._ZNK6String8toDoubleEv
                0x00083326        0xe C:\Users\TeamUiS\AppData\Local\Temp\VMBuilds\Hoisting\arduino_due_x_dbg\Debug/core.a(WString.cpp.o)
                0x00083326                String::toDouble() const
 .text._ZNK6String7toFloatEv
                0x00083334        0xc C:\Users\TeamUiS\AppData\Local\Temp\VMBuilds\Hoisting\arduino_due_x_dbg\Debug/core.a(WString.cpp.o)
                0x00083334                String::toFloat() const
 .text.unlikely._ZL11USB_SendZlpv
                0x00083340       0x20 C:\Users\TeamUiS\AppData\Local\Temp\VMBuilds\Hoisting\arduino_due_x_dbg\Debug/core.a(USBCore.cpp.o)
 .text._Z14USBD_Availablem
                0x00083360       0x2c C:\Users\TeamUiS\AppData\Local\Temp\VMBuilds\Hoisting\arduino_due_x_dbg\Debug/core.a(USBCore.cpp.o)
                0x00083360                USBD_Available(unsigned long)
 .text._Z9USBD_RecvmPvm
                0x0008338c       0x7c C:\Users\TeamUiS\AppData\Local\Temp\VMBuilds\Hoisting\arduino_due_x_dbg\Debug/core.a(USBCore.cpp.o)
                0x0008338c                USBD_Recv(unsigned long, void*, unsigned long)
 .text._Z9USBD_Recvm
                0x00083408       0x22 C:\Users\TeamUiS\AppData\Local\Temp\VMBuilds\Hoisting\arduino_due_x_dbg\Debug/core.a(USBCore.cpp.o)
                0x00083408                USBD_Recv(unsigned long)
 *fill*         0x0008342a        0x2 
 .text._Z9USBD_SendmPKvm
                0x0008342c       0x4c C:\Users\TeamUiS\AppData\Local\Temp\VMBuilds\Hoisting\arduino_due_x_dbg\Debug/core.a(USBCore.cpp.o)
                0x0008342c                USBD_Send(unsigned long, void const*, unsigned long)
 .text._Z16USBD_SendControlhPKvm
                0x00083478       0x40 C:\Users\TeamUiS\AppData\Local\Temp\VMBuilds\Hoisting\arduino_due_x_dbg\Debug/core.a(USBCore.cpp.o)
                0x00083478                USBD_SendControl(unsigned char, void const*, unsigned long)
 .text.unlikely._ZL24USB_SendStringDescriptorPKhi
                0x000834b8       0x64 C:\Users\TeamUiS\AppData\Local\Temp\VMBuilds\Hoisting\arduino_due_x_dbg\Debug/core.a(USBCore.cpp.o)
 .text._Z16USBD_RecvControlPvm
                0x0008351c       0x1c C:\Users\TeamUiS\AppData\Local\Temp\VMBuilds\Hoisting\arduino_due_x_dbg\Debug/core.a(USBCore.cpp.o)
                0x0008351c                USBD_RecvControl(void*, unsigned long)
 .text._Z26USBD_ClassInterfaceRequestR8USBSetup
                0x00083538       0x1e C:\Users\TeamUiS\AppData\Local\Temp\VMBuilds\Hoisting\arduino_due_x_dbg\Debug/core.a(USBCore.cpp.o)
                0x00083538                USBD_ClassInterfaceRequest(USBSetup&)
 .text._Z19USBD_SendInterfacesv
                0x00083556       0x22 C:\Users\TeamUiS\AppData\Local\Temp\VMBuilds\Hoisting\arduino_due_x_dbg\Debug/core.a(USBCore.cpp.o)
                0x00083556                USBD_SendInterfaces()
 .text._Z24USBD_SendOtherInterfacesv
                0x00083578       0x22 C:\Users\TeamUiS\AppData\Local\Temp\VMBuilds\Hoisting\arduino_due_x_dbg\Debug/core.a(USBCore.cpp.o)
                0x00083578                USBD_SendOtherInterfaces()
 .text._Z10USBD_Flushm
                0x0008359a       0x16 C:\Users\TeamUiS\AppData\Local\Temp\VMBuilds\Hoisting\arduino_due_x_dbg\Debug/core.a(USBCore.cpp.o)
                0x0008359a                USBD_Flush(unsigned long)
 .text._ZN10USBDevice_C2Ev
                0x000835b0       0x24 C:\Users\TeamUiS\AppData\Local\Temp\VMBuilds\Hoisting\arduino_due_x_dbg\Debug/core.a(USBCore.cpp.o)
                0x000835b0                USBDevice_::USBDevice_()
                0x000835b0                USBDevice_::USBDevice_()
 .text._ZN10USBDevice_6attachEv
                0x000835d4       0x20 C:\Users\TeamUiS\AppData\Local\Temp\VMBuilds\Hoisting\arduino_due_x_dbg\Debug/core.a(USBCore.cpp.o)
                0x000835d4                USBDevice_::attach()
 .text.startup._GLOBAL__sub_I_EndPoints
                0x000835f4        0xc C:\Users\TeamUiS\AppData\Local\Temp\VMBuilds\Hoisting\arduino_due_x_dbg\Debug/core.a(USBCore.cpp.o)
 .text._ZL7USB_ISRv
                0x00083600      0x454 C:\Users\TeamUiS\AppData\Local\Temp\VMBuilds\Hoisting\arduino_due_x_dbg\Debug/core.a(USBCore.cpp.o)
 .text._ZN7Serial_9availableEv
                0x00083a54       0x18 C:\Users\TeamUiS\AppData\Local\Temp\VMBuilds\Hoisting\arduino_due_x_dbg\Debug/core.a(CDC.cpp.o)
                0x00083a54                Serial_::available()
 .text._ZN7Serial_17availableForWriteEv
                0x00083a6c        0x6 C:\Users\TeamUiS\AppData\Local\Temp\VMBuilds\Hoisting\arduino_due_x_dbg\Debug/core.a(CDC.cpp.o)
                0x00083a6c                Serial_::availableForWrite()
 *fill*         0x00083a72        0x2 
 .text._ZN7Serial_4peekEv
                0x00083a74       0x20 C:\Users\TeamUiS\AppData\Local\Temp\VMBuilds\Hoisting\arduino_due_x_dbg\Debug/core.a(CDC.cpp.o)
                0x00083a74                Serial_::peek()
 .text._ZN7Serial_5writeEh
                0x00083a94       0x16 C:\Users\TeamUiS\AppData\Local\Temp\VMBuilds\Hoisting\arduino_due_x_dbg\Debug/core.a(CDC.cpp.o)
                0x00083a94                Serial_::write(unsigned char)
 *fill*         0x00083aaa        0x2 
 .text._ZN7Serial_4readEv
                0x00083aac       0x44 C:\Users\TeamUiS\AppData\Local\Temp\VMBuilds\Hoisting\arduino_due_x_dbg\Debug/core.a(CDC.cpp.o)
                0x00083aac                Serial_::read()
 .text._ZN7Serial_5flushEv
                0x00083af0        0x6 C:\Users\TeamUiS\AppData\Local\Temp\VMBuilds\Hoisting\arduino_due_x_dbg\Debug/core.a(CDC.cpp.o)
                0x00083af0                Serial_::flush()
 *fill*         0x00083af6        0x2 
 .text._ZN7Serial_6acceptEv
                0x00083af8       0x70 C:\Users\TeamUiS\AppData\Local\Temp\VMBuilds\Hoisting\arduino_due_x_dbg\Debug/core.a(CDC.cpp.o)
                0x00083af8                Serial_::accept()
 .text._ZN7Serial_5writeEPKhj
                0x00083b68       0x2c C:\Users\TeamUiS\AppData\Local\Temp\VMBuilds\Hoisting\arduino_due_x_dbg\Debug/core.a(CDC.cpp.o)
                0x00083b68                Serial_::write(unsigned char const*, unsigned int)
 .text._Z16CDC_GetInterfacePh
                0x00083b94       0x14 C:\Users\TeamUiS\AppData\Local\Temp\VMBuilds\Hoisting\arduino_due_x_dbg\Debug/core.a(CDC.cpp.o)
                0x00083b94                CDC_GetInterface(unsigned char*)
 .text._Z21CDC_GetOtherInterfacePh
                0x00083ba8       0x14 C:\Users\TeamUiS\AppData\Local\Temp\VMBuilds\Hoisting\arduino_due_x_dbg\Debug/core.a(CDC.cpp.o)
                0x00083ba8                CDC_GetOtherInterface(unsigned char*)
 .text._Z9CDC_SetupR8USBSetup
                0x00083bbc       0x78 C:\Users\TeamUiS\AppData\Local\Temp\VMBuilds\Hoisting\arduino_due_x_dbg\Debug/core.a(CDC.cpp.o)
                0x00083bbc                CDC_Setup(USBSetup&)
 .text.startup._GLOBAL__sub_I_cdc_rx_buffer
                0x00083c34       0x1c C:\Users\TeamUiS\AppData\Local\Temp\VMBuilds\Hoisting\arduino_due_x_dbg\Debug/core.a(CDC.cpp.o)
 .text._ZN13PluggableUSB_12getInterfaceEPh
                0x00083c50       0x28 C:\Users\TeamUiS\AppData\Local\Temp\VMBuilds\Hoisting\arduino_due_x_dbg\Debug/core.a(PluggableUSB.cpp.o)
                0x00083c50                PluggableUSB_::getInterface(unsigned char*)
 .text._ZN13PluggableUSB_13getDescriptorER8USBSetup
                0x00083c78       0x1c C:\Users\TeamUiS\AppData\Local\Temp\VMBuilds\Hoisting\arduino_due_x_dbg\Debug/core.a(PluggableUSB.cpp.o)
                0x00083c78                PluggableUSB_::getDescriptor(USBSetup&)
 .text._ZN13PluggableUSB_12getShortNameEPc
                0x00083c94       0x1c C:\Users\TeamUiS\AppData\Local\Temp\VMBuilds\Hoisting\arduino_due_x_dbg\Debug/core.a(PluggableUSB.cpp.o)
                0x00083c94                PluggableUSB_::getShortName(char*)
 .text._ZN13PluggableUSB_5setupER8USBSetup
                0x00083cb0       0x20 C:\Users\TeamUiS\AppData\Local\Temp\VMBuilds\Hoisting\arduino_due_x_dbg\Debug/core.a(PluggableUSB.cpp.o)
                0x00083cb0                PluggableUSB_::setup(USBSetup&)
 .text._Z12PluggableUSBv
                0x00083cd0       0x28 C:\Users\TeamUiS\AppData\Local\Temp\VMBuilds\Hoisting\arduino_due_x_dbg\Debug/core.a(PluggableUSB.cpp.o)
                0x00083cd0                PluggableUSB()
 .text.TimeTick_Increment
                0x00083cf8       0x10 C:\Users\TeamUiS\AppData\Local\arduino15\packages\arduino\hardware\sam\1.6.11\variants\arduino_due_x/libsam_sam3x8e_gcc_rel.a(timetick.o)
                0x00083cf8                TimeTick_Increment
 .text.GetTickCount
                0x00083d08        0xc C:\Users\TeamUiS\AppData\Local\arduino15\packages\arduino\hardware\sam\1.6.11\variants\arduino_due_x/libsam_sam3x8e_gcc_rel.a(timetick.o)
                0x00083d08                GetTickCount
 .text.WDT_Disable
                0x00083d14        0x8 C:\Users\TeamUiS\AppData\Local\arduino15\packages\arduino\hardware\sam\1.6.11\variants\arduino_due_x/libsam_sam3x8e_gcc_rel.a(wdt.o)
                0x00083d14                WDT_Disable
 .text.UDD_SetStack
                0x00083d1c        0xc C:\Users\TeamUiS\AppData\Local\arduino15\packages\arduino\hardware\sam\1.6.11\variants\arduino_due_x/libsam_sam3x8e_gcc_rel.a(uotghs_device.o)
                0x00083d1c                UDD_SetStack
 .text.UDD_Init
                0x00083d28       0xd0 C:\Users\TeamUiS\AppData\Local\arduino15\packages\arduino\hardware\sam\1.6.11\variants\arduino_due_x/libsam_sam3x8e_gcc_rel.a(uotghs_device.o)
                0x00083d28                UDD_Init
 .text.UDD_Attach
                0x00083df8       0x50 C:\Users\TeamUiS\AppData\Local\arduino15\packages\arduino\hardware\sam\1.6.11\variants\arduino_due_x/libsam_sam3x8e_gcc_rel.a(uotghs_device.o)
                0x00083df8                UDD_Attach
 .text.UDD_InitEP
                0x00083e48       0x2c C:\Users\TeamUiS\AppData\Local\arduino15\packages\arduino\hardware\sam\1.6.11\variants\arduino_due_x/libsam_sam3x8e_gcc_rel.a(uotghs_device.o)
                0x00083e48                UDD_InitEP
 .text.UDD_InitEndpoints
                0x00083e74       0x3c C:\Users\TeamUiS\AppData\Local\arduino15\packages\arduino\hardware\sam\1.6.11\variants\arduino_due_x/libsam_sam3x8e_gcc_rel.a(uotghs_device.o)
                0x00083e74                UDD_InitEndpoints
 .text.UDD_WaitIN
                0x00083eb0       0x10 C:\Users\TeamUiS\AppData\Local\arduino15\packages\arduino\hardware\sam\1.6.11\variants\arduino_due_x/libsam_sam3x8e_gcc_rel.a(uotghs_device.o)
                0x00083eb0                UDD_WaitIN
 .text.UDD_WaitOUT
                0x00083ec0       0x10 C:\Users\TeamUiS\AppData\Local\arduino15\packages\arduino\hardware\sam\1.6.11\variants\arduino_due_x/libsam_sam3x8e_gcc_rel.a(uotghs_device.o)
                0x00083ec0                UDD_WaitOUT
 .text.UDD_ClearIN
                0x00083ed0       0x18 C:\Users\TeamUiS\AppData\Local\arduino15\packages\arduino\hardware\sam\1.6.11\variants\arduino_due_x/libsam_sam3x8e_gcc_rel.a(uotghs_device.o)
                0x00083ed0                UDD_ClearIN
 .text.UDD_ClearOUT
                0x00083ee8       0x18 C:\Users\TeamUiS\AppData\Local\arduino15\packages\arduino\hardware\sam\1.6.11\variants\arduino_due_x/libsam_sam3x8e_gcc_rel.a(uotghs_device.o)
                0x00083ee8                UDD_ClearOUT
 .text.UDD_ReceivedSetupInt
                0x00083f00       0x10 C:\Users\TeamUiS\AppData\Local\arduino15\packages\arduino\hardware\sam\1.6.11\variants\arduino_due_x/libsam_sam3x8e_gcc_rel.a(uotghs_device.o)
                0x00083f00                UDD_ReceivedSetupInt
 .text.UDD_ClearSetupInt
                0x00083f10       0x10 C:\Users\TeamUiS\AppData\Local\arduino15\packages\arduino\hardware\sam\1.6.11\variants\arduino_due_x/libsam_sam3x8e_gcc_rel.a(uotghs_device.o)
                0x00083f10                UDD_ClearSetupInt
 .text.UDD_Send
                0x00083f20       0x88 C:\Users\TeamUiS\AppData\Local\arduino15\packages\arduino\hardware\sam\1.6.11\variants\arduino_due_x/libsam_sam3x8e_gcc_rel.a(uotghs_device.o)
                0x00083f20                UDD_Send
 .text.UDD_Send8
                0x00083fa8       0x24 C:\Users\TeamUiS\AppData\Local\arduino15\packages\arduino\hardware\sam\1.6.11\variants\arduino_due_x/libsam_sam3x8e_gcc_rel.a(uotghs_device.o)
                0x00083fa8                UDD_Send8
 .text.UDD_Recv8
                0x00083fcc       0x28 C:\Users\TeamUiS\AppData\Local\arduino15\packages\arduino\hardware\sam\1.6.11\variants\arduino_due_x/libsam_sam3x8e_gcc_rel.a(uotghs_device.o)
                0x00083fcc                UDD_Recv8
 .text.UDD_Recv
                0x00083ff4       0x34 C:\Users\TeamUiS\AppData\Local\arduino15\packages\arduino\hardware\sam\1.6.11\variants\arduino_due_x/libsam_sam3x8e_gcc_rel.a(uotghs_device.o)
                0x00083ff4                UDD_Recv
 .text.UDD_Stall
                0x00084028       0x14 C:\Users\TeamUiS\AppData\Local\arduino15\packages\arduino\hardware\sam\1.6.11\variants\arduino_due_x/libsam_sam3x8e_gcc_rel.a(uotghs_device.o)
                0x00084028                UDD_Stall
 .text.UDD_FifoByteCount
                0x0008403c       0x14 C:\Users\TeamUiS\AppData\Local\arduino15\packages\arduino\hardware\sam\1.6.11\variants\arduino_due_x/libsam_sam3x8e_gcc_rel.a(uotghs_device.o)
                0x0008403c                UDD_FifoByteCount
 .text.UDD_ReleaseRX
                0x00084050       0x28 C:\Users\TeamUiS\AppData\Local\arduino15\packages\arduino\hardware\sam\1.6.11\variants\arduino_due_x/libsam_sam3x8e_gcc_rel.a(uotghs_device.o)
                0x00084050                UDD_ReleaseRX
 .text.UDD_ReleaseTX
                0x00084078       0x28 C:\Users\TeamUiS\AppData\Local\arduino15\packages\arduino\hardware\sam\1.6.11\variants\arduino_due_x/libsam_sam3x8e_gcc_rel.a(uotghs_device.o)
                0x00084078                UDD_ReleaseTX
 .text.UDD_SetAddress
                0x000840a0       0x20 C:\Users\TeamUiS\AppData\Local\arduino15\packages\arduino\hardware\sam\1.6.11\variants\arduino_due_x/libsam_sam3x8e_gcc_rel.a(uotghs_device.o)
                0x000840a0                UDD_SetAddress
 .text.__fpclassifyd
                0x000840c0       0x50 c:/users/teamuis/appdata/local/arduino15/packages/arduino/tools/arm-none-eabi-gcc/4.8.3-2014q1/bin/../lib/gcc/arm-none-eabi/4.8.3/../../../../arm-none-eabi/lib/armv7-m\libm.a(lib_a-s_fpclassify.o)
                0x000840c0                __fpclassifyd
 .text          0x00084110      0x370 c:/users/teamuis/appdata/local/arduino15/packages/arduino/tools/arm-none-eabi-gcc/4.8.3-2014q1/bin/../lib/gcc/arm-none-eabi/4.8.3/armv7-m\libgcc.a(_arm_addsubdf3.o)
                0x00084110                __aeabi_drsub
                0x00084118                __aeabi_dsub
                0x00084118                __subdf3
                0x0008411c                __aeabi_dadd
                0x0008411c                __adddf3
                0x00084394                __floatunsidf
                0x00084394                __aeabi_ui2d
                0x000843b4                __floatsidf
                0x000843b4                __aeabi_i2d
                0x000843d8                __aeabi_f2d
                0x000843d8                __extendsfdf2
                0x00084414                __floatundidf
                0x00084414                __aeabi_ul2d
                0x00084424                __floatdidf
                0x00084424                __aeabi_l2d
 .text          0x00084480      0x424 c:/users/teamuis/appdata/local/arduino15/packages/arduino/tools/arm-none-eabi-gcc/4.8.3-2014q1/bin/../lib/gcc/arm-none-eabi/4.8.3/armv7-m\libgcc.a(_arm_muldivdf3.o)
                0x00084480                __aeabi_dmul
                0x00084480                __muldf3
                0x000846d4                __divdf3
                0x000846d4                __aeabi_ddiv
 .text          0x000848a4      0x110 c:/users/teamuis/appdata/local/arduino15/packages/arduino/tools/arm-none-eabi-gcc/4.8.3-2014q1/bin/../lib/gcc/arm-none-eabi/4.8.3/armv7-m\libgcc.a(_arm_cmpdf2.o)
                0x000848a4                __gtdf2
                0x000848a4                __gedf2
                0x000848ac                __ltdf2
                0x000848ac                __ledf2
                0x000848b4                __nedf2
                0x000848b4                __eqdf2
                0x000848b4                __cmpdf2
                0x00084930                __aeabi_cdrcmple
                0x00084940                __aeabi_cdcmpeq
                0x00084940                __aeabi_cdcmple
                0x00084950                __aeabi_dcmpeq
                0x00084964                __aeabi_dcmplt
                0x00084978                __aeabi_dcmple
                0x0008498c                __aeabi_dcmpge
                0x000849a0                __aeabi_dcmpgt
 .text          0x000849b4       0x50 c:/users/teamuis/appdata/local/arduino15/packages/arduino/tools/arm-none-eabi-gcc/4.8.3-2014q1/bin/../lib/gcc/arm-none-eabi/4.8.3/armv7-m\libgcc.a(_arm_fixdfsi.o)
                0x000849b4                __aeabi_d2iz
                0x000849b4                __fixdfsi
 .text          0x00084a04       0x40 c:/users/teamuis/appdata/local/arduino15/packages/arduino/tools/arm-none-eabi-gcc/4.8.3-2014q1/bin/../lib/gcc/arm-none-eabi/4.8.3/armv7-m\libgcc.a(_arm_fixunsdfsi.o)
                0x00084a04                __aeabi_d2uiz
                0x00084a04                __fixunsdfsi
 .text          0x00084a44       0xa0 c:/users/teamuis/appdata/local/arduino15/packages/arduino/tools/arm-none-eabi-gcc/4.8.3-2014q1/bin/../lib/gcc/arm-none-eabi/4.8.3/armv7-m\libgcc.a(_arm_truncdfsf2.o)
                0x00084a44                __truncdfsf2
                0x00084a44                __aeabi_d2f
 .text          0x00084ae4      0x21c c:/users/teamuis/appdata/local/arduino15/packages/arduino/tools/arm-none-eabi-gcc/4.8.3-2014q1/bin/../lib/gcc/arm-none-eabi/4.8.3/armv7-m\libgcc.a(_arm_addsubsf3.o)
                0x00084ae4                __aeabi_frsub
                0x00084aec                __subsf3
                0x00084aec                __aeabi_fsub
                0x00084af0                __aeabi_fadd
                0x00084af0                __addsf3
                0x00084c50                __aeabi_ui2f
                0x00084c50                __floatunsisf
                0x00084c58                __aeabi_i2f
                0x00084c58                __floatsisf
                0x00084c74                __aeabi_ul2f
                0x00084c74                __floatundisf
                0x00084c84                __aeabi_l2f
                0x00084c84                __floatdisf
 .text          0x00084d00      0x2a0 c:/users/teamuis/appdata/local/arduino15/packages/arduino/tools/arm-none-eabi-gcc/4.8.3-2014q1/bin/../lib/gcc/arm-none-eabi/4.8.3/armv7-m\libgcc.a(_arm_muldivsf3.o)
                0x00084d00                __mulsf3
                0x00084d00                __aeabi_fmul
                0x00084e68                __aeabi_fdiv
                0x00084e68                __divsf3
 .text          0x00084fa0       0x4c c:/users/teamuis/appdata/local/arduino15/packages/arduino/tools/arm-none-eabi-gcc/4.8.3-2014q1/bin/../lib/gcc/arm-none-eabi/4.8.3/armv7-m\libgcc.a(_arm_fixsfsi.o)
                0x00084fa0                __aeabi_f2iz
                0x00084fa0                __fixsfsi
 .text.__assert_func
                0x00084fec       0x3c c:/users/teamuis/appdata/local/arduino15/packages/arduino/tools/arm-none-eabi-gcc/4.8.3-2014q1/bin/../lib/gcc/arm-none-eabi/4.8.3/../../../../arm-none-eabi/lib/armv7-m\libg.a(lib_a-assert.o)
                0x00084fec                __assert_func
 .text.atof     0x00085028        0x8 c:/users/teamuis/appdata/local/arduino15/packages/arduino/tools/arm-none-eabi-gcc/4.8.3-2014q1/bin/../lib/gcc/arm-none-eabi/4.8.3/../../../../arm-none-eabi/lib/armv7-m\libg.a(lib_a-atof.o)
                0x00085028                atof
 .text.atol     0x00085030        0x8 c:/users/teamuis/appdata/local/arduino15/packages/arduino/tools/arm-none-eabi-gcc/4.8.3-2014q1/bin/../lib/gcc/arm-none-eabi/4.8.3/../../../../arm-none-eabi/lib/armv7-m\libg.a(lib_a-atol.o)
                0x00085030                atol
 .text.fiprintf
                0x00085038       0x28 c:/users/teamuis/appdata/local/arduino15/packages/arduino/tools/arm-none-eabi-gcc/4.8.3-2014q1/bin/../lib/gcc/arm-none-eabi/4.8.3/../../../../arm-none-eabi/lib/armv7-m\libg.a(lib_a-fiprintf.o)
                0x00085038                fiprintf
 .text.__libc_init_array
                0x00085060       0x50 c:/users/teamuis/appdata/local/arduino15/packages/arduino/tools/arm-none-eabi-gcc/4.8.3-2014q1/bin/../lib/gcc/arm-none-eabi/4.8.3/../../../../arm-none-eabi/lib/armv7-m\libg.a(lib_a-init.o)
                0x00085060                __libc_init_array
 .text.iprintf  0x000850b0       0x28 c:/users/teamuis/appdata/local/arduino15/packages/arduino/tools/arm-none-eabi-gcc/4.8.3-2014q1/bin/../lib/gcc/arm-none-eabi/4.8.3/../../../../arm-none-eabi/lib/armv7-m\libg.a(lib_a-iprintf.o)
                0x000850b0                iprintf
 .text.malloc   0x000850d8       0x10 c:/users/teamuis/appdata/local/arduino15/packages/arduino/tools/arm-none-eabi-gcc/4.8.3-2014q1/bin/../lib/gcc/arm-none-eabi/4.8.3/../../../../arm-none-eabi/lib/armv7-m\libg.a(lib_a-malloc.o)
                0x000850d8                malloc
 .text.free     0x000850e8       0x10 c:/users/teamuis/appdata/local/arduino15/packages/arduino/tools/arm-none-eabi-gcc/4.8.3-2014q1/bin/../lib/gcc/arm-none-eabi/4.8.3/../../../../arm-none-eabi/lib/armv7-m\libg.a(lib_a-malloc.o)
                0x000850e8                free
 .text._malloc_r
                0x000850f8      0x538 c:/users/teamuis/appdata/local/arduino15/packages/arduino/tools/arm-none-eabi-gcc/4.8.3-2014q1/bin/../lib/gcc/arm-none-eabi/4.8.3/../../../../arm-none-eabi/lib/armv7-m\libg.a(lib_a-mallocr.o)
                0x000850f8                _malloc_r
 .text          0x00085630       0xec c:/users/teamuis/appdata/local/arduino15/packages/arduino/tools/arm-none-eabi-gcc/4.8.3-2014q1/bin/../lib/gcc/arm-none-eabi/4.8.3/../../../../arm-none-eabi/lib/armv7-m\libg.a(lib_a-memcpy.o)
                0x00085630                memcpy
 .text.memmove  0x0008571c       0xcc c:/users/teamuis/appdata/local/arduino15/packages/arduino/tools/arm-none-eabi-gcc/4.8.3-2014q1/bin/../lib/gcc/arm-none-eabi/4.8.3/../../../../arm-none-eabi/lib/armv7-m\libg.a(lib_a-memmove.o)
                0x0008571c                memmove
 .text.memset   0x000857e8       0x94 c:/users/teamuis/appdata/local/arduino15/packages/arduino/tools/arm-none-eabi-gcc/4.8.3-2014q1/bin/../lib/gcc/arm-none-eabi/4.8.3/../../../../arm-none-eabi/lib/armv7-m\libg.a(lib_a-memset.o)
                0x000857e8                memset
 .text.__malloc_lock
                0x0008587c        0x4 c:/users/teamuis/appdata/local/arduino15/packages/arduino/tools/arm-none-eabi-gcc/4.8.3-2014q1/bin/../lib/gcc/arm-none-eabi/4.8.3/../../../../arm-none-eabi/lib/armv7-m\libg.a(lib_a-mlock.o)
                0x0008587c                __malloc_lock
 .text.__malloc_unlock
                0x00085880        0x4 c:/users/teamuis/appdata/local/arduino15/packages/arduino/tools/arm-none-eabi-gcc/4.8.3-2014q1/bin/../lib/gcc/arm-none-eabi/4.8.3/../../../../arm-none-eabi/lib/armv7-m\libg.a(lib_a-mlock.o)
                0x00085880                __malloc_unlock
 .text.realloc  0x00085884       0x10 c:/users/teamuis/appdata/local/arduino15/packages/arduino/tools/arm-none-eabi-gcc/4.8.3-2014q1/bin/../lib/gcc/arm-none-eabi/4.8.3/../../../../arm-none-eabi/lib/armv7-m\libg.a(lib_a-realloc.o)
                0x00085884                realloc
 .text._realloc_r
                0x00085894      0x3c0 c:/users/teamuis/appdata/local/arduino15/packages/arduino/tools/arm-none-eabi-gcc/4.8.3-2014q1/bin/../lib/gcc/arm-none-eabi/4.8.3/../../../../arm-none-eabi/lib/armv7-m\libg.a(lib_a-reallocr.o)
                0x00085894                _realloc_r
 .text._sbrk_r  0x00085c54       0x24 c:/users/teamuis/appdata/local/arduino15/packages/arduino/tools/arm-none-eabi-gcc/4.8.3-2014q1/bin/../lib/gcc/arm-none-eabi/4.8.3/../../../../arm-none-eabi/lib/armv7-m\libg.a(lib_a-sbrkr.o)
                0x00085c54                _sbrk_r
 .text.strchr   0x00085c78       0xf4 c:/users/teamuis/appdata/local/arduino15/packages/arduino/tools/arm-none-eabi-gcc/4.8.3-2014q1/bin/../lib/gcc/arm-none-eabi/4.8.3/../../../../arm-none-eabi/lib/armv7-m\libg.a(lib_a-strchr.o)
                0x00085c78                strchr
 .text.strcpy   0x00085d6c       0xbc c:/users/teamuis/appdata/local/arduino15/packages/arduino/tools/arm-none-eabi-gcc/4.8.3-2014q1/bin/../lib/gcc/arm-none-eabi/4.8.3/../../../../arm-none-eabi/lib/armv7-m\libg.a(lib_a-strcpy.o)
                0x00085d6c                strcpy
 .text.strlen   0x00085e28       0x60 c:/users/teamuis/appdata/local/arduino15/packages/arduino/tools/arm-none-eabi-gcc/4.8.3-2014q1/bin/../lib/gcc/arm-none-eabi/4.8.3/../../../../arm-none-eabi/lib/armv7-m\libg.a(lib_a-strlen.o)
                0x00085e28                strlen
 .text.strncmp  0x00085e88       0xb4 c:/users/teamuis/appdata/local/arduino15/packages/arduino/tools/arm-none-eabi-gcc/4.8.3-2014q1/bin/../lib/gcc/arm-none-eabi/4.8.3/../../../../arm-none-eabi/lib/armv7-m\libg.a(lib_a-strncmp.o)
                0x00085e88                strncmp
 .text.sulp     0x00085f3c       0x40 c:/users/teamuis/appdata/local/arduino15/packages/arduino/tools/arm-none-eabi-gcc/4.8.3-2014q1/bin/../lib/gcc/arm-none-eabi/4.8.3/../../../../arm-none-eabi/lib/armv7-m\libg.a(lib_a-strtod.o)
 *fill*         0x00085f7c        0x4 
 .text._strtod_r
                0x00085f80      0xf38 c:/users/teamuis/appdata/local/arduino15/packages/arduino/tools/arm-none-eabi-gcc/4.8.3-2014q1/bin/../lib/gcc/arm-none-eabi/4.8.3/../../../../arm-none-eabi/lib/armv7-m\libg.a(lib_a-strtod.o)
                0x00085f80                _strtod_r
 .text.strtod   0x00086eb8       0x10 c:/users/teamuis/appdata/local/arduino15/packages/arduino/tools/arm-none-eabi-gcc/4.8.3-2014q1/bin/../lib/gcc/arm-none-eabi/4.8.3/../../../../arm-none-eabi/lib/armv7-m\libg.a(lib_a-strtod.o)
                0x00086eb8                strtod
 .text._strtol_r
                0x00086ec8      0x114 c:/users/teamuis/appdata/local/arduino15/packages/arduino/tools/arm-none-eabi-gcc/4.8.3-2014q1/bin/../lib/gcc/arm-none-eabi/4.8.3/../../../../arm-none-eabi/lib/armv7-m\libg.a(lib_a-strtol.o)
                0x00086ec8                _strtol_r
 .text.strtol   0x00086fdc       0x18 c:/users/teamuis/appdata/local/arduino15/packages/arduino/tools/arm-none-eabi-gcc/4.8.3-2014q1/bin/../lib/gcc/arm-none-eabi/4.8.3/../../../../arm-none-eabi/lib/armv7-m\libg.a(lib_a-strtol.o)
                0x00086fdc                strtol
 .text.kill     0x00086ff4       0x10 c:/users/teamuis/appdata/local/arduino15/packages/arduino/tools/arm-none-eabi-gcc/4.8.3-2014q1/bin/../lib/gcc/arm-none-eabi/4.8.3/../../../../arm-none-eabi/lib/armv7-m\libg.a(lib_a-syskill.o)
                0x00086ff4                kill
 .text.__sprint_r.part.0
                0x00087004       0x78 c:/users/teamuis/appdata/local/arduino15/packages/arduino/tools/arm-none-eabi-gcc/4.8.3-2014q1/bin/../lib/gcc/arm-none-eabi/4.8.3/../../../../arm-none-eabi/lib/armv7-m\libg.a(lib_a-vfiprintf.o)
 .text._vfiprintf_r
                0x0008707c      0xc54 c:/users/teamuis/appdata/local/arduino15/packages/arduino/tools/arm-none-eabi-gcc/4.8.3-2014q1/bin/../lib/gcc/arm-none-eabi/4.8.3/../../../../arm-none-eabi/lib/armv7-m\libg.a(lib_a-vfiprintf.o)
                0x0008707c                _vfiprintf_r
 .text.__sbprintf
                0x00087cd0       0x7c c:/users/teamuis/appdata/local/arduino15/packages/arduino/tools/arm-none-eabi-gcc/4.8.3-2014q1/bin/../lib/gcc/arm-none-eabi/4.8.3/../../../../arm-none-eabi/lib/armv7-m\libg.a(lib_a-vfiprintf.o)
 .text.__swsetup_r
                0x00087d4c       0xc4 c:/users/teamuis/appdata/local/arduino15/packages/arduino/tools/arm-none-eabi-gcc/4.8.3-2014q1/bin/../lib/gcc/arm-none-eabi/4.8.3/../../../../arm-none-eabi/lib/armv7-m\libg.a(lib_a-wsetup.o)
                0x00087d4c                __swsetup_r
 .text.startup.register_fini
                0x00087e10       0x14 c:/users/teamuis/appdata/local/arduino15/packages/arduino/tools/arm-none-eabi-gcc/4.8.3-2014q1/bin/../lib/gcc/arm-none-eabi/4.8.3/../../../../arm-none-eabi/lib/armv7-m\libg.a(lib_a-__call_atexit.o)
 .text.abort    0x00087e24       0x10 c:/users/teamuis/appdata/local/arduino15/packages/arduino/tools/arm-none-eabi-gcc/4.8.3-2014q1/bin/../lib/gcc/arm-none-eabi/4.8.3/../../../../arm-none-eabi/lib/armv7-m\libg.a(lib_a-abort.o)
                0x00087e24                abort
 .text.atexit   0x00087e34        0xc c:/users/teamuis/appdata/local/arduino15/packages/arduino/tools/arm-none-eabi-gcc/4.8.3-2014q1/bin/../lib/gcc/arm-none-eabi/4.8.3/../../../../arm-none-eabi/lib/armv7-m\libg.a(lib_a-atexit.o)
                0x00087e34                atexit
 .text.__sflush_r
                0x00087e40      0x148 c:/users/teamuis/appdata/local/arduino15/packages/arduino/tools/arm-none-eabi-gcc/4.8.3-2014q1/bin/../lib/gcc/arm-none-eabi/4.8.3/../../../../arm-none-eabi/lib/armv7-m\libg.a(lib_a-fflush.o)
                0x00087e40                __sflush_r
 .text._fflush_r
                0x00087f88       0x2c c:/users/teamuis/appdata/local/arduino15/packages/arduino/tools/arm-none-eabi-gcc/4.8.3-2014q1/bin/../lib/gcc/arm-none-eabi/4.8.3/../../../../arm-none-eabi/lib/armv7-m\libg.a(lib_a-fflush.o)
                0x00087f88                _fflush_r
 .text._cleanup_r
                0x00087fb4        0xc c:/users/teamuis/appdata/local/arduino15/packages/arduino/tools/arm-none-eabi-gcc/4.8.3-2014q1/bin/../lib/gcc/arm-none-eabi/4.8.3/../../../../arm-none-eabi/lib/armv7-m\libg.a(lib_a-findfp.o)
                0x00087fb4                _cleanup_r
 .text.__sinit  0x00087fc0       0xf4 c:/users/teamuis/appdata/local/arduino15/packages/arduino/tools/arm-none-eabi-gcc/4.8.3-2014q1/bin/../lib/gcc/arm-none-eabi/4.8.3/../../../../arm-none-eabi/lib/armv7-m\libg.a(lib_a-findfp.o)
                0x00087fc0                __sinit
 .text.__sfp_lock_acquire
                0x000880b4        0x4 c:/users/teamuis/appdata/local/arduino15/packages/arduino/tools/arm-none-eabi-gcc/4.8.3-2014q1/bin/../lib/gcc/arm-none-eabi/4.8.3/../../../../arm-none-eabi/lib/armv7-m\libg.a(lib_a-findfp.o)
                0x000880b4                __sfp_lock_acquire
 .text.__sfp_lock_release
                0x000880b8        0x4 c:/users/teamuis/appdata/local/arduino15/packages/arduino/tools/arm-none-eabi-gcc/4.8.3-2014q1/bin/../lib/gcc/arm-none-eabi/4.8.3/../../../../arm-none-eabi/lib/armv7-m\libg.a(lib_a-findfp.o)
                0x000880b8                __sfp_lock_release
 .text.__libc_fini_array
                0x000880bc       0x30 c:/users/teamuis/appdata/local/arduino15/packages/arduino/tools/arm-none-eabi-gcc/4.8.3-2014q1/bin/../lib/gcc/arm-none-eabi/4.8.3/../../../../arm-none-eabi/lib/armv7-m\libg.a(lib_a-fini.o)
                0x000880bc                __libc_fini_array
 .text._fputwc_r
                0x000880ec       0xc0 c:/users/teamuis/appdata/local/arduino15/packages/arduino/tools/arm-none-eabi-gcc/4.8.3-2014q1/bin/../lib/gcc/arm-none-eabi/4.8.3/../../../../arm-none-eabi/lib/armv7-m\libg.a(lib_a-fputwc.o)
                0x000880ec                _fputwc_r
 .text._malloc_trim_r
                0x000881ac       0x9c c:/users/teamuis/appdata/local/arduino15/packages/arduino/tools/arm-none-eabi-gcc/4.8.3-2014q1/bin/../lib/gcc/arm-none-eabi/4.8.3/../../../../arm-none-eabi/lib/armv7-m\libg.a(lib_a-freer.o)
                0x000881ac                _malloc_trim_r
 .text._free_r  0x00088248      0x198 c:/users/teamuis/appdata/local/arduino15/packages/arduino/tools/arm-none-eabi-gcc/4.8.3-2014q1/bin/../lib/gcc/arm-none-eabi/4.8.3/../../../../arm-none-eabi/lib/armv7-m\libg.a(lib_a-freer.o)
                0x00088248                _free_r
 .text.__sfvwrite_r
                0x000883e0      0x314 c:/users/teamuis/appdata/local/arduino15/packages/arduino/tools/arm-none-eabi-gcc/4.8.3-2014q1/bin/../lib/gcc/arm-none-eabi/4.8.3/../../../../arm-none-eabi/lib/armv7-m\libg.a(lib_a-fvwrite.o)
                0x000883e0                __sfvwrite_r
 .text._fwalk   0x000886f4       0x48 c:/users/teamuis/appdata/local/arduino15/packages/arduino/tools/arm-none-eabi-gcc/4.8.3-2014q1/bin/../lib/gcc/arm-none-eabi/4.8.3/../../../../arm-none-eabi/lib/armv7-m\libg.a(lib_a-fwalk.o)
                0x000886f4                _fwalk
 .text.rshift   0x0008873c       0xa0 c:/users/teamuis/appdata/local/arduino15/packages/arduino/tools/arm-none-eabi-gcc/4.8.3-2014q1/bin/../lib/gcc/arm-none-eabi/4.8.3/../../../../arm-none-eabi/lib/armv7-m\libg.a(lib_a-gdtoa-gethex.o)
 .text.__gethex
                0x000887dc      0x52c c:/users/teamuis/appdata/local/arduino15/packages/arduino/tools/arm-none-eabi-gcc/4.8.3-2014q1/bin/../lib/gcc/arm-none-eabi/4.8.3/../../../../arm-none-eabi/lib/armv7-m\libg.a(lib_a-gdtoa-gethex.o)
                0x000887dc                __gethex
 .text.__hexnan
                0x00088d08      0x194 c:/users/teamuis/appdata/local/arduino15/packages/arduino/tools/arm-none-eabi-gcc/4.8.3-2014q1/bin/../lib/gcc/arm-none-eabi/4.8.3/../../../../arm-none-eabi/lib/armv7-m\libg.a(lib_a-gdtoa-hexnan.o)
                0x00088d08                __hexnan
 .text.__locale_charset
                0x00088e9c        0x8 c:/users/teamuis/appdata/local/arduino15/packages/arduino/tools/arm-none-eabi-gcc/4.8.3-2014q1/bin/../lib/gcc/arm-none-eabi/4.8.3/../../../../arm-none-eabi/lib/armv7-m\libg.a(lib_a-locale.o)
                0x00088e9c                __locale_charset
 .text.__locale_mb_cur_max
                0x00088ea4        0xc c:/users/teamuis/appdata/local/arduino15/packages/arduino/tools/arm-none-eabi-gcc/4.8.3-2014q1/bin/../lib/gcc/arm-none-eabi/4.8.3/../../../../arm-none-eabi/lib/armv7-m\libg.a(lib_a-locale.o)
                0x00088ea4                __locale_mb_cur_max
 .text._localeconv_r
                0x00088eb0        0x8 c:/users/teamuis/appdata/local/arduino15/packages/arduino/tools/arm-none-eabi-gcc/4.8.3-2014q1/bin/../lib/gcc/arm-none-eabi/4.8.3/../../../../arm-none-eabi/lib/armv7-m\libg.a(lib_a-locale.o)
                0x00088eb0                _localeconv_r
 .text.__smakebuf_r
                0x00088eb8       0xe0 c:/users/teamuis/appdata/local/arduino15/packages/arduino/tools/arm-none-eabi-gcc/4.8.3-2014q1/bin/../lib/gcc/arm-none-eabi/4.8.3/../../../../arm-none-eabi/lib/armv7-m\libg.a(lib_a-makebuf.o)
                0x00088eb8                __smakebuf_r
 .text.memchr   0x00088f98       0x94 c:/users/teamuis/appdata/local/arduino15/packages/arduino/tools/arm-none-eabi-gcc/4.8.3-2014q1/bin/../lib/gcc/arm-none-eabi/4.8.3/../../../../arm-none-eabi/lib/armv7-m\libg.a(lib_a-memchr-stub.o)
                0x00088f98                memchr
 .text._Balloc  0x0008902c       0x4c c:/users/teamuis/appdata/local/arduino15/packages/arduino/tools/arm-none-eabi-gcc/4.8.3-2014q1/bin/../lib/gcc/arm-none-eabi/4.8.3/../../../../arm-none-eabi/lib/armv7-m\libg.a(lib_a-mprec.o)
                0x0008902c                _Balloc
 .text._Bfree   0x00089078       0x14 c:/users/teamuis/appdata/local/arduino15/packages/arduino/tools/arm-none-eabi-gcc/4.8.3-2014q1/bin/../lib/gcc/arm-none-eabi/4.8.3/../../../../arm-none-eabi/lib/armv7-m\libg.a(lib_a-mprec.o)
                0x00089078                _Bfree
 .text.__multadd
                0x0008908c       0x94 c:/users/teamuis/appdata/local/arduino15/packages/arduino/tools/arm-none-eabi-gcc/4.8.3-2014q1/bin/../lib/gcc/arm-none-eabi/4.8.3/../../../../arm-none-eabi/lib/armv7-m\libg.a(lib_a-mprec.o)
                0x0008908c                __multadd
 .text.__s2b    0x00089120       0x98 c:/users/teamuis/appdata/local/arduino15/packages/arduino/tools/arm-none-eabi-gcc/4.8.3-2014q1/bin/../lib/gcc/arm-none-eabi/4.8.3/../../../../arm-none-eabi/lib/armv7-m\libg.a(lib_a-mprec.o)
                0x00089120                __s2b
 .text.__hi0bits
                0x000891b8       0x40 c:/users/teamuis/appdata/local/arduino15/packages/arduino/tools/arm-none-eabi-gcc/4.8.3-2014q1/bin/../lib/gcc/arm-none-eabi/4.8.3/../../../../arm-none-eabi/lib/armv7-m\libg.a(lib_a-mprec.o)
                0x000891b8                __hi0bits
 .text.__lo0bits
                0x000891f8       0x5c c:/users/teamuis/appdata/local/arduino15/packages/arduino/tools/arm-none-eabi-gcc/4.8.3-2014q1/bin/../lib/gcc/arm-none-eabi/4.8.3/../../../../arm-none-eabi/lib/armv7-m\libg.a(lib_a-mprec.o)
                0x000891f8                __lo0bits
 .text.__i2b    0x00089254       0x14 c:/users/teamuis/appdata/local/arduino15/packages/arduino/tools/arm-none-eabi-gcc/4.8.3-2014q1/bin/../lib/gcc/arm-none-eabi/4.8.3/../../../../arm-none-eabi/lib/armv7-m\libg.a(lib_a-mprec.o)
                0x00089254                __i2b
 .text.__multiply
                0x00089268      0x13c c:/users/teamuis/appdata/local/arduino15/packages/arduino/tools/arm-none-eabi-gcc/4.8.3-2014q1/bin/../lib/gcc/arm-none-eabi/4.8.3/../../../../arm-none-eabi/lib/armv7-m\libg.a(lib_a-mprec.o)
                0x00089268                __multiply
 .text.__pow5mult
                0x000893a4       0x9c c:/users/teamuis/appdata/local/arduino15/packages/arduino/tools/arm-none-eabi-gcc/4.8.3-2014q1/bin/../lib/gcc/arm-none-eabi/4.8.3/../../../../arm-none-eabi/lib/armv7-m\libg.a(lib_a-mprec.o)
                0x000893a4                __pow5mult
 .text.__lshift
                0x00089440       0xbc c:/users/teamuis/appdata/local/arduino15/packages/arduino/tools/arm-none-eabi-gcc/4.8.3-2014q1/bin/../lib/gcc/arm-none-eabi/4.8.3/../../../../arm-none-eabi/lib/armv7-m\libg.a(lib_a-mprec.o)
                0x00089440                __lshift
 .text.__mcmp   0x000894fc       0x48 c:/users/teamuis/appdata/local/arduino15/packages/arduino/tools/arm-none-eabi-gcc/4.8.3-2014q1/bin/../lib/gcc/arm-none-eabi/4.8.3/../../../../arm-none-eabi/lib/armv7-m\libg.a(lib_a-mprec.o)
                0x000894fc                __mcmp
 .text.__mdiff  0x00089544       0xd8 c:/users/teamuis/appdata/local/arduino15/packages/arduino/tools/arm-none-eabi-gcc/4.8.3-2014q1/bin/../lib/gcc/arm-none-eabi/4.8.3/../../../../arm-none-eabi/lib/armv7-m\libg.a(lib_a-mprec.o)
                0x00089544                __mdiff
 .text.__ulp    0x0008961c       0x40 c:/users/teamuis/appdata/local/arduino15/packages/arduino/tools/arm-none-eabi-gcc/4.8.3-2014q1/bin/../lib/gcc/arm-none-eabi/4.8.3/../../../../arm-none-eabi/lib/armv7-m\libg.a(lib_a-mprec.o)
                0x0008961c                __ulp
 .text.__b2d    0x0008965c       0xb8 c:/users/teamuis/appdata/local/arduino15/packages/arduino/tools/arm-none-eabi-gcc/4.8.3-2014q1/bin/../lib/gcc/arm-none-eabi/4.8.3/../../../../arm-none-eabi/lib/armv7-m\libg.a(lib_a-mprec.o)
                0x0008965c                __b2d
 .text.__d2b    0x00089714       0xbc c:/users/teamuis/appdata/local/arduino15/packages/arduino/tools/arm-none-eabi-gcc/4.8.3-2014q1/bin/../lib/gcc/arm-none-eabi/4.8.3/../../../../arm-none-eabi/lib/armv7-m\libg.a(lib_a-mprec.o)
                0x00089714                __d2b
 .text.__ratio  0x000897d0       0x50 c:/users/teamuis/appdata/local/arduino15/packages/arduino/tools/arm-none-eabi-gcc/4.8.3-2014q1/bin/../lib/gcc/arm-none-eabi/4.8.3/../../../../arm-none-eabi/lib/armv7-m\libg.a(lib_a-mprec.o)
                0x000897d0                __ratio
 .text.__copybits
                0x00089820       0x48 c:/users/teamuis/appdata/local/arduino15/packages/arduino/tools/arm-none-eabi-gcc/4.8.3-2014q1/bin/../lib/gcc/arm-none-eabi/4.8.3/../../../../arm-none-eabi/lib/armv7-m\libg.a(lib_a-mprec.o)
                0x00089820                __copybits
 .text.__any_on
                0x00089868       0x60 c:/users/teamuis/appdata/local/arduino15/packages/arduino/tools/arm-none-eabi-gcc/4.8.3-2014q1/bin/../lib/gcc/arm-none-eabi/4.8.3/../../../../arm-none-eabi/lib/armv7-m\libg.a(lib_a-mprec.o)
                0x00089868                __any_on
 .text._raise_r
                0x000898c8       0x58 c:/users/teamuis/appdata/local/arduino15/packages/arduino/tools/arm-none-eabi-gcc/4.8.3-2014q1/bin/../lib/gcc/arm-none-eabi/4.8.3/../../../../arm-none-eabi/lib/armv7-m\libg.a(lib_a-signal.o)
                0x000898c8                _raise_r
 .text.raise    0x00089920       0x10 c:/users/teamuis/appdata/local/arduino15/packages/arduino/tools/arm-none-eabi-gcc/4.8.3-2014q1/bin/../lib/gcc/arm-none-eabi/4.8.3/../../../../arm-none-eabi/lib/armv7-m\libg.a(lib_a-signal.o)
                0x00089920                raise
 .text._kill_r  0x00089930       0x28 c:/users/teamuis/appdata/local/arduino15/packages/arduino/tools/arm-none-eabi-gcc/4.8.3-2014q1/bin/../lib/gcc/arm-none-eabi/4.8.3/../../../../arm-none-eabi/lib/armv7-m\libg.a(lib_a-signalr.o)
                0x00089930                _kill_r
 .text._getpid_r
                0x00089958        0x4 c:/users/teamuis/appdata/local/arduino15/packages/arduino/tools/arm-none-eabi-gcc/4.8.3-2014q1/bin/../lib/gcc/arm-none-eabi/4.8.3/../../../../arm-none-eabi/lib/armv7-m\libg.a(lib_a-signalr.o)
                0x00089958                _getpid_r
 .text.__sread  0x0008995c       0x24 c:/users/teamuis/appdata/local/arduino15/packages/arduino/tools/arm-none-eabi-gcc/4.8.3-2014q1/bin/../lib/gcc/arm-none-eabi/4.8.3/../../../../arm-none-eabi/lib/armv7-m\libg.a(lib_a-stdio.o)
                0x0008995c                __sread
 .text.__swrite
                0x00089980       0x38 c:/users/teamuis/appdata/local/arduino15/packages/arduino/tools/arm-none-eabi-gcc/4.8.3-2014q1/bin/../lib/gcc/arm-none-eabi/4.8.3/../../../../arm-none-eabi/lib/armv7-m\libg.a(lib_a-stdio.o)
                0x00089980                __swrite
 .text.__sseek  0x000899b8       0x20 c:/users/teamuis/appdata/local/arduino15/packages/arduino/tools/arm-none-eabi-gcc/4.8.3-2014q1/bin/../lib/gcc/arm-none-eabi/4.8.3/../../../../arm-none-eabi/lib/armv7-m\libg.a(lib_a-stdio.o)
                0x000899b8                __sseek
 .text.__sclose
                0x000899d8        0x8 c:/users/teamuis/appdata/local/arduino15/packages/arduino/tools/arm-none-eabi-gcc/4.8.3-2014q1/bin/../lib/gcc/arm-none-eabi/4.8.3/../../../../arm-none-eabi/lib/armv7-m\libg.a(lib_a-stdio.o)
                0x000899d8                __sclose
 .text.__swbuf_r
                0x000899e0       0xa8 c:/users/teamuis/appdata/local/arduino15/packages/arduino/tools/arm-none-eabi-gcc/4.8.3-2014q1/bin/../lib/gcc/arm-none-eabi/4.8.3/../../../../arm-none-eabi/lib/armv7-m\libg.a(lib_a-wbuf.o)
                0x000899e0                __swbuf_r
 .text._wcrtomb_r
                0x00089a88       0x50 c:/users/teamuis/appdata/local/arduino15/packages/arduino/tools/arm-none-eabi-gcc/4.8.3-2014q1/bin/../lib/gcc/arm-none-eabi/4.8.3/../../../../arm-none-eabi/lib/armv7-m\libg.a(lib_a-wcrtomb.o)
                0x00089a88                _wcrtomb_r
 .text.__ascii_wctomb
                0x00089ad8       0x1c c:/users/teamuis/appdata/local/arduino15/packages/arduino/tools/arm-none-eabi-gcc/4.8.3-2014q1/bin/../lib/gcc/arm-none-eabi/4.8.3/../../../../arm-none-eabi/lib/armv7-m\libg.a(lib_a-wctomb_r.o)
                0x00089ad8                __ascii_wctomb
 .text._write_r
                0x00089af4       0x28 c:/users/teamuis/appdata/local/arduino15/packages/arduino/tools/arm-none-eabi-gcc/4.8.3-2014q1/bin/../lib/gcc/arm-none-eabi/4.8.3/../../../../arm-none-eabi/lib/armv7-m\libg.a(lib_a-writer.o)
                0x00089af4                _write_r
 .text.__register_exitproc
                0x00089b1c       0xa8 c:/users/teamuis/appdata/local/arduino15/packages/arduino/tools/arm-none-eabi-gcc/4.8.3-2014q1/bin/../lib/gcc/arm-none-eabi/4.8.3/../../../../arm-none-eabi/lib/armv7-m\libg.a(lib_a-__atexit.o)
                0x00089b1c                __register_exitproc
 .text._calloc_r
                0x00089bc4       0x60 c:/users/teamuis/appdata/local/arduino15/packages/arduino/tools/arm-none-eabi-gcc/4.8.3-2014q1/bin/../lib/gcc/arm-none-eabi/4.8.3/../../../../arm-none-eabi/lib/armv7-m\libg.a(lib_a-callocr.o)
                0x00089bc4                _calloc_r
 .text._close_r
                0x00089c24       0x24 c:/users/teamuis/appdata/local/arduino15/packages/arduino/tools/arm-none-eabi-gcc/4.8.3-2014q1/bin/../lib/gcc/arm-none-eabi/4.8.3/../../../../arm-none-eabi/lib/armv7-m\libg.a(lib_a-closer.o)
                0x00089c24                _close_r
 .text._fclose_r
                0x00089c48       0x80 c:/users/teamuis/appdata/local/arduino15/packages/arduino/tools/arm-none-eabi-gcc/4.8.3-2014q1/bin/../lib/gcc/arm-none-eabi/4.8.3/../../../../arm-none-eabi/lib/armv7-m\libg.a(lib_a-fclose.o)
                0x00089c48                _fclose_r
 .text.fclose   0x00089cc8       0x10 c:/users/teamuis/appdata/local/arduino15/packages/arduino/tools/arm-none-eabi-gcc/4.8.3-2014q1/bin/../lib/gcc/arm-none-eabi/4.8.3/../../../../arm-none-eabi/lib/armv7-m\libg.a(lib_a-fclose.o)
                0x00089cc8                fclose
 .text._fstat_r
                0x00089cd8       0x28 c:/users/teamuis/appdata/local/arduino15/packages/arduino/tools/arm-none-eabi-gcc/4.8.3-2014q1/bin/../lib/gcc/arm-none-eabi/4.8.3/../../../../arm-none-eabi/lib/armv7-m\libg.a(lib_a-fstatr.o)
                0x00089cd8                _fstat_r
 .text._isatty_r
                0x00089d00       0x24 c:/users/teamuis/appdata/local/arduino15/packages/arduino/tools/arm-none-eabi-gcc/4.8.3-2014q1/bin/../lib/gcc/arm-none-eabi/4.8.3/../../../../arm-none-eabi/lib/armv7-m\libg.a(lib_a-isattyr.o)
                0x00089d00                _isatty_r
 .text._lseek_r
                0x00089d24       0x28 c:/users/teamuis/appdata/local/arduino15/packages/arduino/tools/arm-none-eabi-gcc/4.8.3-2014q1/bin/../lib/gcc/arm-none-eabi/4.8.3/../../../../arm-none-eabi/lib/armv7-m\libg.a(lib_a-lseekr.o)
                0x00089d24                _lseek_r
 .text._read_r  0x00089d4c       0x28 c:/users/teamuis/appdata/local/arduino15/packages/arduino/tools/arm-none-eabi-gcc/4.8.3-2014q1/bin/../lib/gcc/arm-none-eabi/4.8.3/../../../../arm-none-eabi/lib/armv7-m\libg.a(lib_a-readr.o)
                0x00089d4c                _read_r
 .text          0x00089d74       0x2c c:/users/teamuis/appdata/local/arduino15/packages/arduino/tools/arm-none-eabi-gcc/4.8.3-2014q1/bin/../lib/gcc/arm-none-eabi/4.8.3/armv7-m\libgcc.a(_aeabi_uldivmod.o)
                0x00089d74                __aeabi_uldivmod
 .text          0x00089da0       0x60 c:/users/teamuis/appdata/local/arduino15/packages/arduino/tools/arm-none-eabi-gcc/4.8.3-2014q1/bin/../lib/gcc/arm-none-eabi/4.8.3/armv7-m\libgcc.a(bpabi.o)
                0x00089da0                __gnu_ldivmod_helper
                0x00089dd0                __gnu_uldivmod_helper
 .text          0x00089e00        0x4 c:/users/teamuis/appdata/local/arduino15/packages/arduino/tools/arm-none-eabi-gcc/4.8.3-2014q1/bin/../lib/gcc/arm-none-eabi/4.8.3/armv7-m\libgcc.a(_dvmd_tls.o)
                0x00089e00                __aeabi_idiv0
                0x00089e00                __aeabi_ldiv0
 .text          0x00089e04      0x2a0 c:/users/teamuis/appdata/local/arduino15/packages/arduino/tools/arm-none-eabi-gcc/4.8.3-2014q1/bin/../lib/gcc/arm-none-eabi/4.8.3/armv7-m\libgcc.a(_divdi3.o)
                0x00089e04                __divdi3
 .text          0x0008a0a4      0x290 c:/users/teamuis/appdata/local/arduino15/packages/arduino/tools/arm-none-eabi-gcc/4.8.3-2014q1/bin/../lib/gcc/arm-none-eabi/4.8.3/armv7-m\libgcc.a(_udivdi3.o)
                0x0008a0a4                __udivdi3
 *(.glue_7t)
 .glue_7t       0x00000000        0x0 linker stubs
 *(.glue_7)
 .glue_7        0x00000000        0x0 linker stubs
 *(.rodata .rodata* .gnu.linkonce.r.*)
 .rodata        0x0008a334       0x84 C:\Users\TeamUiS\AppData\Local\Temp\VMBuilds\Hoisting\arduino_due_x_dbg\Debug\Hoisting.cpp.o
 .rodata.str1.1
                0x0008a3b8      0x118 C:\Users\TeamUiS\AppData\Local\Temp\VMBuilds\Hoisting\arduino_due_x_dbg\Debug\Hoisting.cpp.o
 .rodata.str1.1
                0x0008a4d0       0x6a C:\Users\TeamUiS\AppData\Local\Temp\VMBuilds\Hoisting\arduino_due_x_dbg\Debug\VM_DBG\VM_DBG.cpp.o
                                 0x6c (size before relaxing)
 *fill*         0x0008a53a        0x2 
 .rodata.g_APinDescription
                0x0008a53c      0xa2c C:\Users\TeamUiS\AppData\Local\Temp\VMBuilds\Hoisting\arduino_due_x_dbg\Debug\variant\variant.cpp.o
                0x0008a53c                g_APinDescription
 .rodata.__func__.6792
                0x0008af68        0xd C:\Users\TeamUiS\AppData\Local\arduino15\packages\arduino\hardware\sam\1.6.11\variants\arduino_due_x/libsam_sam3x8e_gcc_rel.a(tc.o)
 .rodata.str1.1
                0x0008af75       0x54 C:\Users\TeamUiS\AppData\Local\arduino15\packages\arduino\hardware\sam\1.6.11\variants\arduino_due_x/libsam_sam3x8e_gcc_rel.a(tc.o)
 .rodata.__func__.6798