Archive member included because of file (symbol)

C:\Users\TeamUiS\AppData\Local\arduino15\packages\arduino\hardware\sam\1.6.11\variants\arduino_due_x/libsam_sam3x8e_gcc_rel.a(pio.o)
                              C:\Users\TeamUiS\AppData\Local\Temp\VMBuilds\Circulation\arduino_due_x_dbg\Release\variant\variant.cpp.o (PIO_Configure)
C:\Users\TeamUiS\AppData\Local\arduino15\packages\arduino\hardware\sam\1.6.11\variants\arduino_due_x/libsam_sam3x8e_gcc_rel.a(pmc.o)
                              C:\Users\TeamUiS\AppData\Local\Temp\VMBuilds\Circulation\arduino_due_x_dbg\Release\variant\variant.cpp.o (pmc_enable_periph_clk)
C:\Users\TeamUiS\AppData\Local\arduino15\packages\arduino\hardware\sam\1.6.11\variants\arduino_due_x/libsam_sam3x8e_gcc_rel.a(system_sam3xa.o)
                              C:\Users\TeamUiS\AppData\Local\Temp\VMBuilds\Circulation\arduino_due_x_dbg\Release\variant\variant.cpp.o (SystemInit)
C:\Users\TeamUiS\AppData\Local\arduino15\packages\arduino\hardware\sam\1.6.11\variants\arduino_due_x/libsam_sam3x8e_gcc_rel.a(startup_sam3xa.o)
                              (Reset_Handler)
C:\Users\TeamUiS\AppData\Local\arduino15\packages\arduino\hardware\sam\1.6.11\variants\arduino_due_x/libsam_sam3x8e_gcc_rel.a(adc.o)
                              C:\Users\TeamUiS\AppData\Local\Temp\VMBuilds\Circulation\arduino_due_x_dbg\Release\variant\variant.cpp.o (adc_init)
C:\Users\TeamUiS\AppData\Local\arduino15\packages\arduino\hardware\sam\1.6.11\variants\arduino_due_x/libsam_sam3x8e_gcc_rel.a(uotghs.o)
                              C:\Users\TeamUiS\AppData\Local\arduino15\packages\arduino\hardware\sam\1.6.11\variants\arduino_due_x/libsam_sam3x8e_gcc_rel.a(startup_sam3xa.o) (UOTGHS_Handler)
C:\Users\TeamUiS\AppData\Local\Temp\VMBuilds\Circulation\arduino_due_x_dbg\Release/core.a(cortex_handlers.c.o)
                              C:\Users\TeamUiS\AppData\Local\arduino15\packages\arduino\hardware\sam\1.6.11\variants\arduino_due_x/libsam_sam3x8e_gcc_rel.a(startup_sam3xa.o) (NMI_Handler)
C:\Users\TeamUiS\AppData\Local\Temp\VMBuilds\Circulation\arduino_due_x_dbg\Release/core.a(hooks.c.o)
                              C:\Users\TeamUiS\AppData\Local\Temp\VMBuilds\Circulation\arduino_due_x_dbg\Release/core.a(cortex_handlers.c.o) (sysTickHook)
C:\Users\TeamUiS\AppData\Local\Temp\VMBuilds\Circulation\arduino_due_x_dbg\Release/core.a(syscalls_sam3.c.o)
                              (_sbrk)
C:\Users\TeamUiS\AppData\Local\Temp\VMBuilds\Circulation\arduino_due_x_dbg\Release/core.a(wiring.c.o)
                              C:\Users\TeamUiS\AppData\Local\Temp\VMBuilds\Circulation\arduino_due_x_dbg\Release\Circulation.cpp.o (millis)
C:\Users\TeamUiS\AppData\Local\Temp\VMBuilds\Circulation\arduino_due_x_dbg\Release/core.a(wiring_analog.c.o)
                              C:\Users\TeamUiS\AppData\Local\Temp\VMBuilds\Circulation\arduino_due_x_dbg\Release\Circulation.cpp.o (analogRead)
C:\Users\TeamUiS\AppData\Local\Temp\VMBuilds\Circulation\arduino_due_x_dbg\Release/core.a(wiring_digital.c.o)
                              C:\Users\TeamUiS\AppData\Local\Temp\VMBuilds\Circulation\arduino_due_x_dbg\Release\Circulation.cpp.o (pinMode)
C:\Users\TeamUiS\AppData\Local\Temp\VMBuilds\Circulation\arduino_due_x_dbg\Release/core.a(main.cpp.o)
                              c:/users/teamuis/appdata/local/arduino15/packages/arduino/tools/arm-none-eabi-gcc/4.8.3-2014q1/bin/../lib/gcc/arm-none-eabi/4.8.3/../../../../arm-none-eabi/lib/armv7-m/crt0.o (main)
C:\Users\TeamUiS\AppData\Local\Temp\VMBuilds\Circulation\arduino_due_x_dbg\Release/core.a(Print.cpp.o)
                              C:\Users\TeamUiS\AppData\Local\Temp\VMBuilds\Circulation\arduino_due_x_dbg\Release\Circulation.cpp.o (Print::print(char const*))
C:\Users\TeamUiS\AppData\Local\Temp\VMBuilds\Circulation\arduino_due_x_dbg\Release/core.a(Reset.cpp.o)
                              C:\Users\TeamUiS\AppData\Local\Temp\VMBuilds\Circulation\arduino_due_x_dbg\Release/core.a(cortex_handlers.c.o) (tickReset)
C:\Users\TeamUiS\AppData\Local\Temp\VMBuilds\Circulation\arduino_due_x_dbg\Release/core.a(RingBuffer.cpp.o)
                              C:\Users\TeamUiS\AppData\Local\Temp\VMBuilds\Circulation\arduino_due_x_dbg\Release\variant\variant.cpp.o (RingBuffer::RingBuffer())
C:\Users\TeamUiS\AppData\Local\Temp\VMBuilds\Circulation\arduino_due_x_dbg\Release/core.a(UARTClass.cpp.o)
                              C:\Users\TeamUiS\AppData\Local\Temp\VMBuilds\Circulation\arduino_due_x_dbg\Release\variant\variant.cpp.o (UARTClass::available())
C:\Users\TeamUiS\AppData\Local\Temp\VMBuilds\Circulation\arduino_due_x_dbg\Release/core.a(USARTClass.cpp.o)
                              C:\Users\TeamUiS\AppData\Local\Temp\VMBuilds\Circulation\arduino_due_x_dbg\Release\variant\variant.cpp.o (USARTClass::USARTClass(Usart*, IRQn, unsigned long, RingBuffer*, RingBuffer*))
C:\Users\TeamUiS\AppData\Local\Temp\VMBuilds\Circulation\arduino_due_x_dbg\Release/core.a(watchdog.cpp.o)
[...]
Memory Configuration

Name             Origin             Length             Attributes
rom              0x00080000         0x00080000         xr
sram0            0x20000000         0x00010000         xrw
sram1            0x20080000         0x00008000         xrw
ram              0x20070000         0x00018000         xrw
*default*        0x00000000         0xffffffff

Linker script and memory map

LOAD c:/users/teamuis/appdata/local/arduino15/packages/arduino/tools/arm-none-eabi-gcc/4.8.3-2014q1/bin/../lib/gcc/arm-none-eabi/4.8.3/armv7-m/crti.o
LOAD c:/users/teamuis/appdata/local/arduino15/packages/arduino/tools/arm-none-eabi-gcc/4.8.3-2014q1/bin/../lib/gcc/arm-none-eabi/4.8.3/armv7-m/crtbegin.o
LOAD c:/users/teamuis/appdata/local/arduino15/packages/arduino/tools/arm-none-eabi-gcc/4.8.3-2014q1/bin/../lib/gcc/arm-none-eabi/4.8.3/../../../../arm-none-eabi/lib/armv7-m/crt0.o
START GROUP
LOAD C:\Users\TeamUiS\AppData\Local\Temp\VMBuilds\Circulation\arduino_due_x_dbg\Release\Circulation.cpp.o
LOAD C:\Users\TeamUiS\AppData\Local\Temp\VMBuilds\Circulation\arduino_due_x_dbg\Release\variant\variant.cpp.o
LOAD C:\Users\TeamUiS\AppData\Local\arduino15\packages\arduino\hardware\sam\1.6.11\variants\arduino_due_x/libsam_sam3x8e_gcc_rel.a
LOAD C:\Users\TeamUiS\AppData\Local\Temp\VMBuilds\Circulation\arduino_due_x_dbg\Release/core.a
END GROUP
LOAD c:/users/teamuis/appdata/local/arduino15/packages/arduino/tools/arm-none-eabi-gcc/4.8.3-2014q1/bin/../lib/gcc/arm-none-eabi/4.8.3/../../../../arm-none-eabi/lib/armv7-m\libm.a
START GROUP
LOAD c:/users/teamuis/appdata/local/arduino15/packages/arduino/tools/arm-none-eabi-gcc/4.8.3-2014q1/bin/../lib/gcc/arm-none-eabi/4.8.3/armv7-m\libgcc.a
LOAD c:/users/teamuis/appdata/local/arduino15/packages/arduino/tools/arm-none-eabi-gcc/4.8.3-2014q1/bin/../lib/gcc/arm-none-eabi/4.8.3/../../../../arm-none-eabi/lib/armv7-m\libg.a
LOAD c:/users/teamuis/appdata/local/arduino15/packages/arduino/tools/arm-none-eabi-gcc/4.8.3-2014q1/bin/../lib/gcc/arm-none-eabi/4.8.3/../../../../arm-none-eabi/lib/armv7-m\libc.a
END GROUP
LOAD c:/users/teamuis/appdata/local/arduino15/packages/arduino/tools/arm-none-eabi-gcc/4.8.3-2014q1/bin/../lib/gcc/arm-none-eabi/4.8.3/armv7-m/crtend.o
LOAD c:/users/teamuis/appdata/local/arduino15/packages/arduino/tools/arm-none-eabi-gcc/4.8.3-2014q1/bin/../lib/gcc/arm-none-eabi/4.8.3/armv7-m/crtn.o

.text           0x00080000     0x6bc4
                0x00080000                . = ALIGN (0x4)
                0x00080000                _sfixed = .
 *(.vectors .vectors.*)
 .vectors       0x00080000       0xf4 C:\Users\TeamUiS\AppData\Local\arduino15\packages\arduino\hardware\sam\1.6.11\variants\arduino_due_x/libsam_sam3x8e_gcc_rel.a(startup_sam3xa.o)
                0x00080000                exception_table
 *(.text .text.* .gnu.linkonce.t.*)
 .text          0x000800f4       0x54 c:/users/teamuis/appdata/local/arduino15/packages/arduino/tools/arm-none-eabi-gcc/4.8.3-2014q1/bin/../lib/gcc/arm-none-eabi/4.8.3/armv7-m/crtbegin.o
 .text._Z13lowpassfilteri
                0x00080148       0x58 C:\Users\TeamUiS\AppData\Local\Temp\VMBuilds\Circulation\arduino_due_x_dbg\Release\Circulation.cpp.o
                0x00080148                lowpassfilter(int)
 .text._Z15ConvertPressuref
                0x000801a0       0x70 C:\Users\TeamUiS\AppData\Local\Temp\VMBuilds\Circulation\arduino_due_x_dbg\Release\Circulation.cpp.o
                0x000801a0                ConvertPressure(float)
 .text.setup    0x00080210       0x68 C:\Users\TeamUiS\AppData\Local\Temp\VMBuilds\Circulation\arduino_due_x_dbg\Release\Circulation.cpp.o
                0x00080210                setup
 .text.loop     0x00080278      0x2a8 C:\Users\TeamUiS\AppData\Local\Temp\VMBuilds\Circulation\arduino_due_x_dbg\Release\Circulation.cpp.o
                0x00080278                loop
 .text._Z11serialEventv
                0x00080520        0x2 C:\Users\TeamUiS\AppData\Local\Temp\VMBuilds\Circulation\arduino_due_x_dbg\Release\variant\variant.cpp.o
                0x00080520                serialEvent()
 *fill*         0x00080522        0x2 
 .text.UART_Handler
                0x00080524        0xc C:\Users\TeamUiS\AppData\Local\Temp\VMBuilds\Circulation\arduino_due_x_dbg\Release\variant\variant.cpp.o
                0x00080524                UART_Handler
 .text._Z12serialEvent1v
                0x00080530        0x2 C:\Users\TeamUiS\AppData\Local\Temp\VMBuilds\Circulation\arduino_due_x_dbg\Release\variant\variant.cpp.o
                0x00080530                serialEvent1()
 .text._Z12serialEvent2v
                0x00080532        0x2 C:\Users\TeamUiS\AppData\Local\Temp\VMBuilds\Circulation\arduino_due_x_dbg\Release\variant\variant.cpp.o
                0x00080532                serialEvent2()
 .text._Z12serialEvent3v
                0x00080534        0x2 C:\Users\TeamUiS\AppData\Local\Temp\VMBuilds\Circulation\arduino_due_x_dbg\Release\variant\variant.cpp.o
                0x00080534                serialEvent3()
 *fill*         0x00080536        0x2 
 .text.USART0_Handler
                0x00080538        0xc C:\Users\TeamUiS\AppData\Local\Temp\VMBuilds\Circulation\arduino_due_x_dbg\Release\variant\variant.cpp.o
                0x00080538                USART0_Handler
 .text.USART1_Handler
                0x00080544        0xc C:\Users\TeamUiS\AppData\Local\Temp\VMBuilds\Circulation\arduino_due_x_dbg\Release\variant\variant.cpp.o
                0x00080544                USART1_Handler
 .text.USART3_Handler
                0x00080550        0xc C:\Users\TeamUiS\AppData\Local\Temp\VMBuilds\Circulation\arduino_due_x_dbg\Release\variant\variant.cpp.o
                0x00080550                USART3_Handler
 .text.init     0x0008055c      0x128 C:\Users\TeamUiS\AppData\Local\Temp\VMBuilds\Circulation\arduino_due_x_dbg\Release\variant\variant.cpp.o
                0x0008055c                init
 .text.startup._GLOBAL__sub_I_g_APinDescription
                0x00080684       0xd4 C:\Users\TeamUiS\AppData\Local\Temp\VMBuilds\Circulation\arduino_due_x_dbg\Release\variant\variant.cpp.o
 .text._Z14serialEventRunv
                0x00080758       0x44 C:\Users\TeamUiS\AppData\Local\Temp\VMBuilds\Circulation\arduino_due_x_dbg\Release\variant\variant.cpp.o
                0x00080758                serialEventRun()
 .text.PIO_PullUp
                0x0008079c        0xa C:\Users\TeamUiS\AppData\Local\arduino15\packages\arduino\hardware\sam\1.6.11\variants\arduino_due_x/libsam_sam3x8e_gcc_rel.a(pio.o)
                0x0008079c                PIO_PullUp
 .text.PIO_SetPeripheral
                0x000807a6       0x26 C:\Users\TeamUiS\AppData\Local\arduino15\packages\arduino\hardware\sam\1.6.11\variants\arduino_due_x/libsam_sam3x8e_gcc_rel.a(pio.o)
                0x000807a6                PIO_SetPeripheral
 .text.PIO_SetInput
                0x000807cc       0x26 C:\Users\TeamUiS\AppData\Local\arduino15\packages\arduino\hardware\sam\1.6.11\variants\arduino_due_x/libsam_sam3x8e_gcc_rel.a(pio.o)
                0x000807cc                PIO_SetInput
 .text.PIO_SetOutput
                0x000807f2       0x24 C:\Users\TeamUiS\AppData\Local\arduino15\packages\arduino\hardware\sam\1.6.11\variants\arduino_due_x/libsam_sam3x8e_gcc_rel.a(pio.o)
                0x000807f2                PIO_SetOutput
 *fill*         0x00080816        0x2 
 .text.PIO_Configure
                0x00080818       0x64 C:\Users\TeamUiS\AppData\Local\arduino15\packages\arduino\hardware\sam\1.6.11\variants\arduino_due_x/libsam_sam3x8e_gcc_rel.a(pio.o)
                0x00080818                PIO_Configure
 .text.PIO_GetOutputDataStatus
                0x0008087c       0x14 C:\Users\TeamUiS\AppData\Local\arduino15\packages\arduino\hardware\sam\1.6.11\variants\arduino_due_x/libsam_sam3x8e_gcc_rel.a(pio.o)
                0x0008087c                PIO_GetOutputDataStatus
 .text.pmc_enable_upll_clock
                0x00080890       0x14 C:\Users\TeamUiS\AppData\Local\arduino15\packages\arduino\hardware\sam\1.6.11\variants\arduino_due_x/libsam_sam3x8e_gcc_rel.a(pmc.o)
                0x00080890                pmc_enable_upll_clock
 .text.pmc_enable_periph_clk
                0x000808a4       0x44 C:\Users\TeamUiS\AppData\Local\arduino15\packages\arduino\hardware\sam\1.6.11\variants\arduino_due_x/libsam_sam3x8e_gcc_rel.a(pmc.o)
                0x000808a4                pmc_enable_periph_clk
 .text.pmc_disable_periph_clk
                0x000808e8       0x40 C:\Users\TeamUiS\AppData\Local\arduino15\packages\arduino\hardware\sam\1.6.11\variants\arduino_due_x/libsam_sam3x8e_gcc_rel.a(pmc.o)
                0x000808e8                pmc_disable_periph_clk
 .text.pmc_switch_udpck_to_upllck
                0x00080928       0x14 C:\Users\TeamUiS\AppData\Local\arduino15\packages\arduino\hardware\sam\1.6.11\variants\arduino_due_x/libsam_sam3x8e_gcc_rel.a(pmc.o)
                0x00080928                pmc_switch_udpck_to_upllck
 .text.pmc_enable_udpck
                0x0008093c        0xc C:\Users\TeamUiS\AppData\Local\arduino15\packages\arduino\hardware\sam\1.6.11\variants\arduino_due_x/libsam_sam3x8e_gcc_rel.a(pmc.o)
                0x0008093c                pmc_enable_udpck
 .text.SystemInit
                0x00080948       0x88 C:\Users\TeamUiS\AppData\Local\arduino15\packages\arduino\hardware\sam\1.6.11\variants\arduino_due_x/libsam_sam3x8e_gcc_rel.a(system_sam3xa.o)
                0x00080948                SystemInit
 .text.Reset_Handler
                0x000809d0       0x78 C:\Users\TeamUiS\AppData\Local\arduino15\packages\arduino\hardware\sam\1.6.11\variants\arduino_due_x/libsam_sam3x8e_gcc_rel.a(startup_sam3xa.o)
                0x000809d0                Reset_Handler
 .text.adc_init
                0x00080a48       0x98 C:\Users\TeamUiS\AppData\Local\arduino15\packages\arduino\hardware\sam\1.6.11\variants\arduino_due_x/libsam_sam3x8e_gcc_rel.a(adc.o)
                0x00080a48                adc_init
 .text.adc_configure_trigger
                0x00080ae0        0xe C:\Users\TeamUiS\AppData\Local\arduino15\packages\arduino\hardware\sam\1.6.11\variants\arduino_due_x/libsam_sam3x8e_gcc_rel.a(adc.o)
                0x00080ae0                adc_configure_trigger
 .text.adc_configure_timing
                0x00080aee       0x1a C:\Users\TeamUiS\AppData\Local\arduino15\packages\arduino\hardware\sam\1.6.11\variants\arduino_due_x/libsam_sam3x8e_gcc_rel.a(adc.o)
                0x00080aee                adc_configure_timing
 .text.adc_start
                0x00080b08        0x6 C:\Users\TeamUiS\AppData\Local\arduino15\packages\arduino\hardware\sam\1.6.11\variants\arduino_due_x/libsam_sam3x8e_gcc_rel.a(adc.o)
                0x00080b08                adc_start
 .text.adc_enable_channel
                0x00080b0e        0xa C:\Users\TeamUiS\AppData\Local\arduino15\packages\arduino\hardware\sam\1.6.11\variants\arduino_due_x/libsam_sam3x8e_gcc_rel.a(adc.o)
                0x00080b0e                adc_enable_channel
 .text.adc_disable_channel
                0x00080b18        0xa C:\Users\TeamUiS\AppData\Local\arduino15\packages\arduino\hardware\sam\1.6.11\variants\arduino_due_x/libsam_sam3x8e_gcc_rel.a(adc.o)
                0x00080b18                adc_disable_channel
 .text.adc_disable_all_channel
                0x00080b22        0x8 C:\Users\TeamUiS\AppData\Local\arduino15\packages\arduino\hardware\sam\1.6.11\variants\arduino_due_x/libsam_sam3x8e_gcc_rel.a(adc.o)
                0x00080b22                adc_disable_all_channel
 .text.adc_get_channel_status
                0x00080b2a        0xa C:\Users\TeamUiS\AppData\Local\arduino15\packages\arduino\hardware\sam\1.6.11\variants\arduino_due_x/libsam_sam3x8e_gcc_rel.a(adc.o)
                0x00080b2a                adc_get_channel_status
 .text.adc_get_latest_value
                0x00080b34        0x4 C:\Users\TeamUiS\AppData\Local\arduino15\packages\arduino\hardware\sam\1.6.11\variants\arduino_due_x/libsam_sam3x8e_gcc_rel.a(adc.o)
                0x00080b34                adc_get_latest_value
 .text.adc_disable_interrupt
                0x00080b38        0x4 C:\Users\TeamUiS\AppData\Local\arduino15\packages\arduino\hardware\sam\1.6.11\variants\arduino_due_x/libsam_sam3x8e_gcc_rel.a(adc.o)
                0x00080b38                adc_disable_interrupt
 .text.adc_get_status
                0x00080b3c        0x4 C:\Users\TeamUiS\AppData\Local\arduino15\packages\arduino\hardware\sam\1.6.11\variants\arduino_due_x/libsam_sam3x8e_gcc_rel.a(adc.o)
                0x00080b3c                adc_get_status
 .text.UOTGHS_Handler
                0x00080b40       0x10 C:\Users\TeamUiS\AppData\Local\arduino15\packages\arduino\hardware\sam\1.6.11\variants\arduino_due_x/libsam_sam3x8e_gcc_rel.a(uotghs.o)
                0x00080b40                UOTGHS_Handler
 .text.__halt   0x00080b50        0x2 C:\Users\TeamUiS\AppData\Local\Temp\VMBuilds\Circulation\arduino_due_x_dbg\Release/core.a(cortex_handlers.c.o)
                0x00080b50                DACC_Handler
                0x00080b50                DebugMon_Handler
                0x00080b50                DMAC_Handler
                0x00080b50                TRNG_Handler
                0x00080b50                HardFault_Handler
                0x00080b50                TC2_Handler
                0x00080b50                TWI1_Handler
                0x00080b50                NMI_Handler
                0x00080b50                TC7_Handler
                0x00080b50                ADC_Handler
                0x00080b50                SMC_Handler
                0x00080b50                RTT_Handler
                0x00080b50                EFC1_Handler
                0x00080b50                PIOB_Handler
                0x00080b50                RTC_Handler
                0x00080b50                UsageFault_Handler
                0x00080b50                TC6_Handler
                0x00080b50                WDT_Handler
                0x00080b50                CAN0_Handler
                0x00080b50                TC4_Handler
                0x00080b50                TC1_Handler
                0x00080b50                HSMCI_Handler
                0x00080b50                TC3_Handler
                0x00080b50                TWI0_Handler
                0x00080b50                PIOA_Handler
                0x00080b50                SSC_Handler
                0x00080b50                EFC0_Handler
                0x00080b50                PMC_Handler
                0x00080b50                PWM_Handler
                0x00080b50                CAN1_Handler
                0x00080b50                MemManage_Handler
                0x00080b50                SUPC_Handler
                0x00080b50                TC8_Handler
                0x00080b50                USART2_Handler
                0x00080b50                PIOD_Handler
                0x00080b50                EMAC_Handler
                0x00080b50                PIOC_Handler
                0x00080b50                BusFault_Handler
                0x00080b50                RSTC_Handler
                0x00080b50                TC0_Handler
                0x00080b50                TC5_Handler
                0x00080b50                SPI0_Handler
 .text.SVC_Handler
                0x00080b52        0x4 C:\Users\TeamUiS\AppData\Local\Temp\VMBuilds\Circulation\arduino_due_x_dbg\Release/core.a(cortex_handlers.c.o)
                0x00080b52                SVC_Handler
 .text.PendSV_Handler
                0x00080b56        0x4 C:\Users\TeamUiS\AppData\Local\Temp\VMBuilds\Circulation\arduino_due_x_dbg\Release/core.a(cortex_handlers.c.o)
                0x00080b56                PendSV_Handler
 .text.SysTick_Handler
                0x00080b5a       0x16 C:\Users\TeamUiS\AppData\Local\Temp\VMBuilds\Circulation\arduino_due_x_dbg\Release/core.a(cortex_handlers.c.o)
                0x00080b5a                SysTick_Handler
 .text.__empty  0x00080b70        0x2 C:\Users\TeamUiS\AppData\Local\Temp\VMBuilds\Circulation\arduino_due_x_dbg\Release/core.a(hooks.c.o)
                0x00080b70                yield
 .text.__false  0x00080b72        0x4 C:\Users\TeamUiS\AppData\Local\Temp\VMBuilds\Circulation\arduino_due_x_dbg\Release/core.a(hooks.c.o)
                0x00080b72                sysTickHook
 .text.__halt   0x00080b76        0x2 C:\Users\TeamUiS\AppData\Local\Temp\VMBuilds\Circulation\arduino_due_x_dbg\Release/core.a(hooks.c.o)
                0x00080b76                svcHook
                0x00080b76                pendSVHook
 .text._sbrk    0x00080b78       0x1c C:\Users\TeamUiS\AppData\Local\Temp\VMBuilds\Circulation\arduino_due_x_dbg\Release/core.a(syscalls_sam3.c.o)
                0x00080b78                _sbrk
 .text.link     0x00080b94        0x6 C:\Users\TeamUiS\AppData\Local\Temp\VMBuilds\Circulation\arduino_due_x_dbg\Release/core.a(syscalls_sam3.c.o)
                0x00080b94                link
 .text._close   0x00080b9a        0x6 C:\Users\TeamUiS\AppData\Local\Temp\VMBuilds\Circulation\arduino_due_x_dbg\Release/core.a(syscalls_sam3.c.o)
                0x00080b9a                _close
 .text._fstat   0x00080ba0        0xa C:\Users\TeamUiS\AppData\Local\Temp\VMBuilds\Circulation\arduino_due_x_dbg\Release/core.a(syscalls_sam3.c.o)
                0x00080ba0                _fstat
 .text._isatty  0x00080baa        0x4 C:\Users\TeamUiS\AppData\Local\Temp\VMBuilds\Circulation\arduino_due_x_dbg\Release/core.a(syscalls_sam3.c.o)
                0x00080baa                _isatty
 .text._lseek   0x00080bae        0x4 C:\Users\TeamUiS\AppData\Local\Temp\VMBuilds\Circulation\arduino_due_x_dbg\Release/core.a(syscalls_sam3.c.o)
                0x00080bae                _lseek
 .text._read    0x00080bb2        0x4 C:\Users\TeamUiS\AppData\Local\Temp\VMBuilds\Circulation\arduino_due_x_dbg\Release/core.a(syscalls_sam3.c.o)
                0x00080bb2                _read
 *fill*         0x00080bb6        0x2 
 .text._write   0x00080bb8       0x24 C:\Users\TeamUiS\AppData\Local\Temp\VMBuilds\Circulation\arduino_due_x_dbg\Release/core.a(syscalls_sam3.c.o)
                0x00080bb8                _write
 .text._exit    0x00080bdc       0x10 C:\Users\TeamUiS\AppData\Local\Temp\VMBuilds\Circulation\arduino_due_x_dbg\Release/core.a(syscalls_sam3.c.o)
                0x00080bdc                _exit
 .text._kill    0x00080bec        0x2 C:\Users\TeamUiS\AppData\Local\Temp\VMBuilds\Circulation\arduino_due_x_dbg\Release/core.a(syscalls_sam3.c.o)
                0x00080bec                _kill
 .text._getpid  0x00080bee        0x6 C:\Users\TeamUiS\AppData\Local\Temp\VMBuilds\Circulation\arduino_due_x_dbg\Release/core.a(syscalls_sam3.c.o)
                0x00080bee                _getpid
 .text.millis   0x00080bf4        0x4 C:\Users\TeamUiS\AppData\Local\Temp\VMBuilds\Circulation\arduino_due_x_dbg\Release/core.a(wiring.c.o)
                0x00080bf4                millis
 .text.delay    0x00080bf8       0x1c C:\Users\TeamUiS\AppData\Local\Temp\VMBuilds\Circulation\arduino_due_x_dbg\Release/core.a(wiring.c.o)
                0x00080bf8                delay
 .text.mapResolution
                0x00080c14       0x12 C:\Users\TeamUiS\AppData\Local\Temp\VMBuilds\Circulation\arduino_due_x_dbg\Release/core.a(wiring_analog.c.o)
 *fill*         0x00080c26        0x2 
 .text.analogRead
                0x00080c28       0x9c C:\Users\TeamUiS\AppData\Local\Temp\VMBuilds\Circulation\arduino_due_x_dbg\Release/core.a(wiring_analog.c.o)
                0x00080c28                analogRead
 .text.analogOutputInit
                0x00080cc4        0x2 C:\Users\TeamUiS\AppData\Local\Temp\VMBuilds\Circulation\arduino_due_x_dbg\Release/core.a(wiring_analog.c.o)
                0x00080cc4                analogOutputInit
 *fill*         0x00080cc6        0x2 
 .text.pinMode  0x00080cc8      0x108 C:\Users\TeamUiS\AppData\Local\Temp\VMBuilds\Circulation\arduino_due_x_dbg\Release/core.a(wiring_digital.c.o)
                0x00080cc8                pinMode
 .text.digitalWrite
                0x00080dd0       0x70 C:\Users\TeamUiS\AppData\Local\Temp\VMBuilds\Circulation\arduino_due_x_dbg\Release/core.a(wiring_digital.c.o)
                0x00080dd0                digitalWrite
 .text.initVariant
                0x00080e40        0x2 C:\Users\TeamUiS\AppData\Local\Temp\VMBuilds\Circulation\arduino_due_x_dbg\Release/core.a(main.cpp.o)
                0x00080e40                initVariant
 *fill*         0x00080e42        0x2 
 .text.startup.main
                0x00080e44       0x38 C:\Users\TeamUiS\AppData\Local\Temp\VMBuilds\Circulation\arduino_due_x_dbg\Release/core.a(main.cpp.o)
                0x00080e44                main
 .text._ZN5Print5writeEPKhj
                0x00080e7c       0x22 C:\Users\TeamUiS\AppData\Local\Temp\VMBuilds\Circulation\arduino_due_x_dbg\Release/core.a(Print.cpp.o)
                0x00080e7c                Print::write(unsigned char const*, unsigned int)
 .text._ZN5Print5writeEPKc
                0x00080e9e       0x1e C:\Users\TeamUiS\AppData\Local\Temp\VMBuilds\Circulation\arduino_due_x_dbg\Release/core.a(Print.cpp.o)
                0x00080e9e                Print::write(char const*)
 .text._ZN5Print5printEPKc
                0x00080ebc        0x8 C:\Users\TeamUiS\AppData\Local\Temp\VMBuilds\Circulation\arduino_due_x_dbg\Release/core.a(Print.cpp.o)
                0x00080ebc                Print::print(char const*)
 .text._ZN5Print5printEc
                0x00080ec4        0xa C:\Users\TeamUiS\AppData\Local\Temp\VMBuilds\Circulation\arduino_due_x_dbg\Release/core.a(Print.cpp.o)
                0x00080ec4                Print::print(char)
 *fill*         0x00080ece        0x2 
 .text._ZN5Print7printlnEv
                0x00080ed0       0x10 C:\Users\TeamUiS\AppData\Local\Temp\VMBuilds\Circulation\arduino_due_x_dbg\Release/core.a(Print.cpp.o)
                0x00080ed0                Print::println()
 .text._ZN5Print7printlnEPKc
                0x00080ee0       0x14 C:\Users\TeamUiS\AppData\Local\Temp\VMBuilds\Circulation\arduino_due_x_dbg\Release/core.a(Print.cpp.o)
                0x00080ee0                Print::println(char const*)
 .text._ZN5Print11printNumberEmh
                0x00080ef4       0x3e C:\Users\TeamUiS\AppData\Local\Temp\VMBuilds\Circulation\arduino_due_x_dbg\Release/core.a(Print.cpp.o)
                0x00080ef4                Print::printNumber(unsigned long, unsigned char)
 .text._ZN5Print5printEli
                0x00080f32       0x3c C:\Users\TeamUiS\AppData\Local\Temp\VMBuilds\Circulation\arduino_due_x_dbg\Release/core.a(Print.cpp.o)
                0x00080f32                Print::print(long, int)
 .text._ZN5Print5printEii
                0x00080f6e        0x4 C:\Users\TeamUiS\AppData\Local\Temp\VMBuilds\Circulation\arduino_due_x_dbg\Release/core.a(Print.cpp.o)
                0x00080f6e                Print::print(int, int)
 *fill*         0x00080f72        0x2 
 .text._ZN5Print10printFloatEdh
                0x00080f74      0x148 C:\Users\TeamUiS\AppData\Local\Temp\VMBuilds\Circulation\arduino_due_x_dbg\Release/core.a(Print.cpp.o)
                0x00080f74                Print::printFloat(double, unsigned char)
 .text._ZN5Print5printEdi
                0x000810bc        0xa C:\Users\TeamUiS\AppData\Local\Temp\VMBuilds\Circulation\arduino_due_x_dbg\Release/core.a(Print.cpp.o)
                0x000810bc                Print::print(double, int)
 *fill*         0x000810c6        0x2 
 .text.initiateReset
                0x000810c8        0xc C:\Users\TeamUiS\AppData\Local\Temp\VMBuilds\Circulation\arduino_due_x_dbg\Release/core.a(Reset.cpp.o)
                0x000810c8                initiateReset
 .text.cancelReset
                0x000810d4       0x10 C:\Users\TeamUiS\AppData\Local\Temp\VMBuilds\Circulation\arduino_due_x_dbg\Release/core.a(Reset.cpp.o)
                0x000810d4                cancelReset
 .text.tickReset
                0x000810e4       0x20 C:\Users\TeamUiS\AppData\Local\Temp\VMBuilds\Circulation\arduino_due_x_dbg\Release/core.a(Reset.cpp.o)
                0x000810e4                tickReset
 .text._ZN10RingBufferC2Ev
                0x00081104       0x1a C:\Users\TeamUiS\AppData\Local\Temp\VMBuilds\Circulation\arduino_due_x_dbg\Release/core.a(RingBuffer.cpp.o)
                0x00081104                RingBuffer::RingBuffer()
                0x00081104                RingBuffer::RingBuffer()
 .text._ZN10RingBuffer10store_charEh
                0x0008111e       0x1e C:\Users\TeamUiS\AppData\Local\Temp\VMBuilds\Circulation\arduino_due_x_dbg\Release/core.a(RingBuffer.cpp.o)
                0x0008111e                RingBuffer::store_char(unsigned char)
 .text._ZN9UARTClasscvbEv
                0x0008113c        0x4 C:\Users\TeamUiS\AppData\Local\Temp\VMBuilds\Circulation\arduino_due_x_dbg\Release/core.a(UARTClass.cpp.o)
                0x0008113c                UARTClass::operator bool()
 .text._ZN9UARTClass9availableEv
                0x00081140       0x12 C:\Users\TeamUiS\AppData\Local\Temp\VMBuilds\Circulation\arduino_due_x_dbg\Release/core.a(UARTClass.cpp.o)
                0x00081140                UARTClass::available()
 .text._ZN9UARTClass4peekEv
                0x00081152       0x1c C:\Users\TeamUiS\AppData\Local\Temp\VMBuilds\Circulation\arduino_due_x_dbg\Release/core.a(UARTClass.cpp.o)
                0x00081152                UARTClass::peek()
 .text._ZN9UARTClass4readEv
                0x0008116e       0x2a C:\Users\TeamUiS\AppData\Local\Temp\VMBuilds\Circulation\arduino_due_x_dbg\Release/core.a(UARTClass.cpp.o)
                0x0008116e                UARTClass::read()
 .text._ZN9UARTClass5flushEv
                0x00081198       0x18 C:\Users\TeamUiS\AppData\Local\Temp\VMBuilds\Circulation\arduino_due_x_dbg\Release/core.a(UARTClass.cpp.o)
                0x00081198                UARTClass::flush()
 .text._ZN9UARTClass5writeEh
                0x000811b0       0x54 C:\Users\TeamUiS\AppData\Local\Temp\VMBuilds\Circulation\arduino_due_x_dbg\Release/core.a(UARTClass.cpp.o)
                0x000811b0                UARTClass::write(unsigned char)
 .text._ZN9UARTClass3endEv
                0x00081204       0x3c C:\Users\TeamUiS\AppData\Local\Temp\VMBuilds\Circulation\arduino_due_x_dbg\Release/core.a(UARTClass.cpp.o)
                0x00081204                UARTClass::end()
 .text._ZN9UARTClassC2EP4Uart4IRQnmP10RingBufferS4_
                0x00081240       0x24 C:\Users\TeamUiS\AppData\Local\Temp\VMBuilds\Circulation\arduino_due_x_dbg\Release/core.a(UARTClass.cpp.o)
                0x00081240                UARTClass::UARTClass(Uart*, IRQn, unsigned long, RingBuffer*, RingBuffer*)
                0x00081240                UARTClass::UARTClass(Uart*, IRQn, unsigned long, RingBuffer*, RingBuffer*)
 .text._ZN9UARTClass4initEmm
                0x00081264       0x70 C:\Users\TeamUiS\AppData\Local\Temp\VMBuilds\Circulation\arduino_due_x_dbg\Release/core.a(UARTClass.cpp.o)
                0x00081264                UARTClass::init(unsigned long, unsigned long)
 .text._ZN9UARTClass5beginEm
                0x000812d4        0x8 C:\Users\TeamUiS\AppData\Local\Temp\VMBuilds\Circulation\arduino_due_x_dbg\Release/core.a(UARTClass.cpp.o)
                0x000812d4                UARTClass::begin(unsigned long)
 .text._ZN9UARTClass10IrqHandlerEv
                0x000812dc       0x5a C:\Users\TeamUiS\AppData\Local\Temp\VMBuilds\Circulation\arduino_due_x_dbg\Release/core.a(UARTClass.cpp.o)
                0x000812dc                UARTClass::IrqHandler()
 .text._ZN10USARTClass5beginEm
                0x00081336        0x8 C:\Users\TeamUiS\AppData\Local\Temp\VMBuilds\Circulation\arduino_due_x_dbg\Release/core.a(USARTClass.cpp.o)
                0x00081336                USARTClass::begin(unsigned long)
 *fill*         0x0008133e        0x2 
 .text._ZN10USARTClassC2EP5Usart4IRQnmP10RingBufferS4_
                0x00081340       0x24 C:\Users\TeamUiS\AppData\Local\Temp\VMBuilds\Circulation\arduino_due_x_dbg\Release/core.a(USARTClass.cpp.o)
                0x00081340                USARTClass::USARTClass(Usart*, IRQn, unsigned long, RingBuffer*, RingBuffer*)
                0x00081340                USARTClass::USARTClass(Usart*, IRQn, unsigned long, RingBuffer*, RingBuffer*)
 .text._watchdogDefaultSetup
                0x00081364        0xc C:\Users\TeamUiS\AppData\Local\Temp\VMBuilds\Circulation\arduino_due_x_dbg\Release/core.a(watchdog.cpp.o)
                0x00081364                _watchdogDefaultSetup
                0x00081364                watchdogSetup()
 .text.unlikely._ZL11USB_SendZlpv
                0x00081370       0x20 C:\Users\TeamUiS\AppData\Local\Temp\VMBuilds\Circulation\arduino_due_x_dbg\Release/core.a(USBCore.cpp.o)
 .text._Z14USBD_Availablem
                0x00081390       0x2c C:\Users\TeamUiS\AppData\Local\Temp\VMBuilds\Circulation\arduino_due_x_dbg\Release/core.a(USBCore.cpp.o)
                0x00081390                USBD_Available(unsigned long)
 .text._Z9USBD_RecvmPvm
                0x000813bc       0x7c C:\Users\TeamUiS\AppData\Local\Temp\VMBuilds\Circulation\arduino_due_x_dbg\Release/core.a(USBCore.cpp.o)
                0x000813bc                USBD_Recv(unsigned long, void*, unsigned long)
 .text._Z9USBD_Recvm
                0x00081438       0x22 C:\Users\TeamUiS\AppData\Local\Temp\VMBuilds\Circulation\arduino_due_x_dbg\Release/core.a(USBCore.cpp.o)
                0x00081438                USBD_Recv(unsigned long)
 *fill*         0x0008145a        0x2 
 .text._Z9USBD_SendmPKvm
                0x0008145c       0x4c C:\Users\TeamUiS\AppData\Local\Temp\VMBuilds\Circulation\arduino_due_x_dbg\Release/core.a(USBCore.cpp.o)
                0x0008145c                USBD_Send(unsigned long, void const*, unsigned long)
 .text._Z16USBD_SendControlhPKvm
                0x000814a8       0x40 C:\Users\TeamUiS\AppData\Local\Temp\VMBuilds\Circulation\arduino_due_x_dbg\Release/core.a(USBCore.cpp.o)
                0x000814a8                USBD_SendControl(unsigned char, void const*, unsigned long)
 .text.unlikely._ZL24USB_SendStringDescriptorPKhi
                0x000814e8       0x64 C:\Users\TeamUiS\AppData\Local\Temp\VMBuilds\Circulation\arduino_due_x_dbg\Release/core.a(USBCore.cpp.o)
 .text._Z16USBD_RecvControlPvm
                0x0008154c       0x1c C:\Users\TeamUiS\AppData\Local\Temp\VMBuilds\Circulation\arduino_due_x_dbg\Release/core.a(USBCore.cpp.o)
                0x0008154c                USBD_RecvControl(void*, unsigned long)
 .text._Z26USBD_ClassInterfaceRequestR8USBSetup
                0x00081568       0x1e C:\Users\TeamUiS\AppData\Local\Temp\VMBuilds\Circulation\arduino_due_x_dbg\Release/core.a(USBCore.cpp.o)
                0x00081568                USBD_ClassInterfaceRequest(USBSetup&)
 .text._Z19USBD_SendInterfacesv
                0x00081586       0x22 C:\Users\TeamUiS\AppData\Local\Temp\VMBuilds\Circulation\arduino_due_x_dbg\Release/core.a(USBCore.cpp.o)
                0x00081586                USBD_SendInterfaces()
 .text._Z24USBD_SendOtherInterfacesv
                0x000815a8       0x22 C:\Users\TeamUiS\AppData\Local\Temp\VMBuilds\Circulation\arduino_due_x_dbg\Release/core.a(USBCore.cpp.o)
                0x000815a8                USBD_SendOtherInterfaces()
 .text._Z10USBD_Flushm
                0x000815ca       0x16 C:\Users\TeamUiS\AppData\Local\Temp\VMBuilds\Circulation\arduino_due_x_dbg\Release/core.a(USBCore.cpp.o)
                0x000815ca                USBD_Flush(unsigned long)
 .text._ZN10USBDevice_C2Ev
                0x000815e0       0x24 C:\Users\TeamUiS\AppData\Local\Temp\VMBuilds\Circulation\arduino_due_x_dbg\Release/core.a(USBCore.cpp.o)
                0x000815e0                USBDevice_::USBDevice_()
                0x000815e0                USBDevice_::USBDevice_()
 .text._ZN10USBDevice_6attachEv
                0x00081604       0x20 C:\Users\TeamUiS\AppData\Local\Temp\VMBuilds\Circulation\arduino_due_x_dbg\Release/core.a(USBCore.cpp.o)
                0x00081604                USBDevice_::attach()
 .text.startup._GLOBAL__sub_I_EndPoints
                0x00081624        0xc C:\Users\TeamUiS\AppData\Local\Temp\VMBuilds\Circulation\arduino_due_x_dbg\Release/core.a(USBCore.cpp.o)
 .text._ZL7USB_ISRv
                0x00081630      0x454 C:\Users\TeamUiS\AppData\Local\Temp\VMBuilds\Circulation\arduino_due_x_dbg\Release/core.a(USBCore.cpp.o)
 .text._ZN7Serial_9availableEv
                0x00081a84       0x18 C:\Users\TeamUiS\AppData\Local\Temp\VMBuilds\Circulation\arduino_due_x_dbg\Release/core.a(CDC.cpp.o)
                0x00081a84                Serial_::available()
 .text._ZN7Serial_17availableForWriteEv
                0x00081a9c        0x6 C:\Users\TeamUiS\AppData\Local\Temp\VMBuilds\Circulation\arduino_due_x_dbg\Release/core.a(CDC.cpp.o)
                0x00081a9c                Serial_::availableForWrite()
 *fill*         0x00081aa2        0x2 
 .text._ZN7Serial_4peekEv
                0x00081aa4       0x20 C:\Users\TeamUiS\AppData\Local\Temp\VMBuilds\Circulation\arduino_due_x_dbg\Release/core.a(CDC.cpp.o)
                0x00081aa4                Serial_::peek()
 .text._ZN7Serial_5writeEh
                0x00081ac4       0x16 C:\Users\TeamUiS\AppData\Local\Temp\VMBuilds\Circulation\arduino_due_x_dbg\Release/core.a(CDC.cpp.o)
                0x00081ac4                Serial_::write(unsigned char)
 *fill*         0x00081ada        0x2 
 .text._ZN7Serial_4readEv
                0x00081adc       0x44 C:\Users\TeamUiS\AppData\Local\Temp\VMBuilds\Circulation\arduino_due_x_dbg\Release/core.a(CDC.cpp.o)
                0x00081adc                Serial_::read()
 .text._ZN7Serial_5flushEv
                0x00081b20        0x6 C:\Users\TeamUiS\AppData\Local\Temp\VMBuilds\Circulation\arduino_due_x_dbg\Release/core.a(CDC.cpp.o)
                0x00081b20                Serial_::flush()
 *fill*         0x00081b26        0x2 
 .text._ZN7Serial_6acceptEv
                0x00081b28       0x70 C:\Users\TeamUiS\AppData\Local\Temp\VMBuilds\Circulation\arduino_due_x_dbg\Release/core.a(CDC.cpp.o)
                0x00081b28                Serial_::accept()
 .text._ZN7Serial_5writeEPKhj
                0x00081b98       0x2c C:\Users\TeamUiS\AppData\Local\Temp\VMBuilds\Circulation\arduino_due_x_dbg\Release/core.a(CDC.cpp.o)
                0x00081b98                Serial_::write(unsigned char const*, unsigned int)
 .text._Z16CDC_GetInterfacePh
                0x00081bc4       0x14 C:\Users\TeamUiS\AppData\Local\Temp\VMBuilds\Circulation\arduino_due_x_dbg\Release/core.a(CDC.cpp.o)
                0x00081bc4                CDC_GetInterface(unsigned char*)
 .text._Z21CDC_GetOtherInterfacePh
                0x00081bd8       0x14 C:\Users\TeamUiS\AppData\Local\Temp\VMBuilds\Circulation\arduino_due_x_dbg\Release/core.a(CDC.cpp.o)
                0x00081bd8                CDC_GetOtherInterface(unsigned char*)
 .text._Z9CDC_SetupR8USBSetup
                0x00081bec       0x78 C:\Users\TeamUiS\AppData\Local\Temp\VMBuilds\Circulation\arduino_due_x_dbg\Release/core.a(CDC.cpp.o)
                0x00081bec                CDC_Setup(USBSetup&)
 .text.startup._GLOBAL__sub_I_cdc_rx_buffer
                0x00081c64       0x1c C:\Users\TeamUiS\AppData\Local\Temp\VMBuilds\Circulation\arduino_due_x_dbg\Release/core.a(CDC.cpp.o)
 .text._ZN13PluggableUSB_12getInterfaceEPh
                0x00081c80       0x28 C:\Users\TeamUiS\AppData\Local\Temp\VMBuilds\Circulation\arduino_due_x_dbg\Release/core.a(PluggableUSB.cpp.o)
                0x00081c80                PluggableUSB_::getInterface(unsigned char*)
 .text._ZN13PluggableUSB_13getDescriptorER8USBSetup
                0x00081ca8       0x1c C:\Users\TeamUiS\AppData\Local\Temp\VMBuilds\Circulation\arduino_due_x_dbg\Release/core.a(PluggableUSB.cpp.o)
                0x00081ca8                PluggableUSB_::getDescriptor(USBSetup&)
 .text._ZN13PluggableUSB_12getShortNameEPc
                0x00081cc4       0x1c C:\Users\TeamUiS\AppData\Local\Temp\VMBuilds\Circulation\arduino_due_x_dbg\Release/core.a(PluggableUSB.cpp.o)
                0x00081cc4                PluggableUSB_::getShortName(char*)
 .text._ZN13PluggableUSB_5setupER8USBSetup
                0x00081ce0       0x20 C:\Users\TeamUiS\AppData\Local\Temp\VMBuilds\Circulation\arduino_due_x_dbg\Release/core.a(PluggableUSB.cpp.o)
                0x00081ce0                PluggableUSB_::setup(USBSetup&)
 .text._Z12PluggableUSBv
                0x00081d00       0x28 C:\Users\TeamUiS\AppData\Local\Temp\VMBuilds\Circulation\arduino_due_x_dbg\Release/core.a(PluggableUSB.cpp.o)
                0x00081d00                PluggableUSB()
 .text.TimeTick_Increment
                0x00081d28       0x10 C:\Users\TeamUiS\AppData\Local\arduino15\packages\arduino\hardware\sam\1.6.11\variants\arduino_due_x/libsam_sam3x8e_gcc_rel.a(timetick.o)
                0x00081d28                TimeTick_Increment
 .text.GetTickCount
                0x00081d38        0xc C:\Users\TeamUiS\AppData\Local\arduino15\packages\arduino\hardware\sam\1.6.11\variants\arduino_due_x/libsam_sam3x8e_gcc_rel.a(timetick.o)
                0x00081d38                GetTickCount
 .text.WDT_Disable
                0x00081d44        0x8 C:\Users\TeamUiS\AppData\Local\arduino15\packages\arduino\hardware\sam\1.6.11\variants\arduino_due_x/libsam_sam3x8e_gcc_rel.a(wdt.o)
                0x00081d44                WDT_Disable
 .text.UDD_SetStack
                0x00081d4c        0xc C:\Users\TeamUiS\AppData\Local\arduino15\packages\arduino\hardware\sam\1.6.11\variants\arduino_due_x/libsam_sam3x8e_gcc_rel.a(uotghs_device.o)
                0x00081d4c                UDD_SetStack
 .text.UDD_Init
                0x00081d58       0xd0 C:\Users\TeamUiS\AppData\Local\arduino15\packages\arduino\hardware\sam\1.6.11\variants\arduino_due_x/libsam_sam3x8e_gcc_rel.a(uotghs_device.o)
                0x00081d58                UDD_Init
 .text.UDD_Attach
                0x00081e28       0x50 C:\Users\TeamUiS\AppData\Local\arduino15\packages\arduino\hardware\sam\1.6.11\variants\arduino_due_x/libsam_sam3x8e_gcc_rel.a(uotghs_device.o)
                0x00081e28                UDD_Attach
 .text.UDD_InitEP
                0x00081e78       0x2c C:\Users\TeamUiS\AppData\Local\arduino15\packages\arduino\hardware\sam\1.6.11\variants\arduino_due_x/libsam_sam3x8e_gcc_rel.a(uotghs_device.o)
                0x00081e78                UDD_InitEP
 .text.UDD_InitEndpoints
                0x00081ea4       0x3c C:\Users\TeamUiS\AppData\Local\arduino15\packages\arduino\hardware\sam\1.6.11\variants\arduino_due_x/libsam_sam3x8e_gcc_rel.a(uotghs_device.o)
                0x00081ea4                UDD_InitEndpoints
 .text.UDD_WaitIN
                0x00081ee0       0x10 C:\Users\TeamUiS\AppData\Local\arduino15\packages\arduino\hardware\sam\1.6.11\variants\arduino_due_x/libsam_sam3x8e_gcc_rel.a(uotghs_device.o)
                0x00081ee0                UDD_WaitIN
 .text.UDD_WaitOUT
                0x00081ef0       0x10 C:\Users\TeamUiS\AppData\Local\arduino15\packages\arduino\hardware\sam\1.6.11\variants\arduino_due_x/libsam_sam3x8e_gcc_rel.a(uotghs_device.o)
                0x00081ef0                UDD_WaitOUT
 .text.UDD_ClearIN
                0x00081f00       0x18 C:\Users\TeamUiS\AppData\Local\arduino15\packages\arduino\hardware\sam\1.6.11\variants\arduino_due_x/libsam_sam3x8e_gcc_rel.a(uotghs_device.o)
                0x00081f00                UDD_ClearIN
 .text.UDD_ClearOUT
                0x00081f18       0x18 C:\Users\TeamUiS\AppData\Local\arduino15\packages\arduino\hardware\sam\1.6.11\variants\arduino_due_x/libsam_sam3x8e_gcc_rel.a(uotghs_device.o)
                0x00081f18                UDD_ClearOUT
 .text.UDD_ReceivedSetupInt
                0x00081f30       0x10 C:\Users\TeamUiS\AppData\Local\arduino15\packages\arduino\hardware\sam\1.6.11\variants\arduino_due_x/libsam_sam3x8e_gcc_rel.a(uotghs_device.o)
                0x00081f30                UDD_ReceivedSetupInt
 .text.UDD_ClearSetupInt
                0x00081f40       0x10 C:\Users\TeamUiS\AppData\Local\arduino15\packages\arduino\hardware\sam\1.6.11\variants\arduino_due_x/libsam_sam3x8e_gcc_rel.a(uotghs_device.o)
                0x00081f40                UDD_ClearSetupInt
 .text.UDD_Send
                0x00081f50       0x88 C:\Users\TeamUiS\AppData\Local\arduino15\packages\arduino\hardware\sam\1.6.11\variants\arduino_due_x/libsam_sam3x8e_gcc_rel.a(uotghs_device.o)
                0x00081f50                UDD_Send
 .text.UDD_Send8
                0x00081fd8       0x24 C:\Users\TeamUiS\AppData\Local\arduino15\packages\arduino\hardware\sam\1.6.11\variants\arduino_due_x/libsam_sam3x8e_gcc_rel.a(uotghs_device.o)
                0x00081fd8                UDD_Send8
 .text.UDD_Recv8
                0x00081ffc       0x28 C:\Users\TeamUiS\AppData\Local\arduino15\packages\arduino\hardware\sam\1.6.11\variants\arduino_due_x/libsam_sam3x8e_gcc_rel.a(uotghs_device.o)
                0x00081ffc                UDD_Recv8
 .text.UDD_Recv
                0x00082024       0x34 C:\Users\TeamUiS\AppData\Local\arduino15\packages\arduino\hardware\sam\1.6.11\variants\arduino_due_x/libsam_sam3x8e_gcc_rel.a(uotghs_device.o)
                0x00082024                UDD_Recv
 .text.UDD_Stall
                0x00082058       0x14 C:\Users\TeamUiS\AppData\Local\arduino15\packages\arduino\hardware\sam\1.6.11\variants\arduino_due_x/libsam_sam3x8e_gcc_rel.a(uotghs_device.o)
                0x00082058                UDD_Stall
 .text.UDD_FifoByteCount
                0x0008206c       0x14 C:\Users\TeamUiS\AppData\Local\arduino15\packages\arduino\hardware\sam\1.6.11\variants\arduino_due_x/libsam_sam3x8e_gcc_rel.a(uotghs_device.o)
                0x0008206c                UDD_FifoByteCount
 .text.UDD_ReleaseRX
                0x00082080       0x28 C:\Users\TeamUiS\AppData\Local\arduino15\packages\arduino\hardware\sam\1.6.11\variants\arduino_due_x/libsam_sam3x8e_gcc_rel.a(uotghs_device.o)
                0x00082080                UDD_ReleaseRX
 .text.UDD_ReleaseTX
                0x000820a8       0x28 C:\Users\TeamUiS\AppData\Local\arduino15\packages\arduino\hardware\sam\1.6.11\variants\arduino_due_x/libsam_sam3x8e_gcc_rel.a(uotghs_device.o)
                0x000820a8                UDD_ReleaseTX
 .text.UDD_SetAddress
                0x000820d0       0x20 C:\Users\TeamUiS\AppData\Local\arduino15\packages\arduino\hardware\sam\1.6.11\variants\arduino_due_x/libsam_sam3x8e_gcc_rel.a(uotghs_device.o)
                0x000820d0                UDD_SetAddress
 .text.__fpclassifyd
                0x000820f0       0x50 c:/users/teamuis/appdata/local/arduino15/packages/arduino/tools/arm-none-eabi-gcc/4.8.3-2014q1/bin/../lib/gcc/arm-none-eabi/4.8.3/../../../../arm-none-eabi/lib/armv7-m\libm.a(lib_a-s_fpclassify.o)
                0x000820f0                __fpclassifyd
 .text          0x00082140      0x370 c:/users/teamuis/appdata/local/arduino15/packages/arduino/tools/arm-none-eabi-gcc/4.8.3-2014q1/bin/../lib/gcc/arm-none-eabi/4.8.3/armv7-m\libgcc.a(_arm_addsubdf3.o)
                0x00082140                __aeabi_drsub
                0x00082148                __aeabi_dsub
                0x00082148                __subdf3
                0x0008214c                __aeabi_dadd
                0x0008214c                __adddf3
                0x000823c4                __floatunsidf
                0x000823c4                __aeabi_ui2d
                0x000823e4                __floatsidf
                0x000823e4                __aeabi_i2d
                0x00082408                __aeabi_f2d
                0x00082408                __extendsfdf2
                0x00082444                __floatundidf
                0x00082444                __aeabi_ul2d
                0x00082454                __floatdidf
                0x00082454                __aeabi_l2d
 .text          0x000824b0      0x424 c:/users/teamuis/appdata/local/arduino15/packages/arduino/tools/arm-none-eabi-gcc/4.8.3-2014q1/bin/../lib/gcc/arm-none-eabi/4.8.3/armv7-m\libgcc.a(_arm_muldivdf3.o)
                0x000824b0                __aeabi_dmul
                0x000824b0                __muldf3
                0x00082704                __divdf3
                0x00082704                __aeabi_ddiv
 .text          0x000828d4      0x110 c:/users/teamuis/appdata/local/arduino15/packages/arduino/tools/arm-none-eabi-gcc/4.8.3-2014q1/bin/../lib/gcc/arm-none-eabi/4.8.3/armv7-m\libgcc.a(_arm_cmpdf2.o)
                0x000828d4                __gtdf2
                0x000828d4                __gedf2
                0x000828dc                __ltdf2
                0x000828dc                __ledf2
                0x000828e4                __nedf2
                0x000828e4                __eqdf2
                0x000828e4                __cmpdf2
                0x00082960                __aeabi_cdrcmple
                0x00082970                __aeabi_cdcmpeq
                0x00082970                __aeabi_cdcmple
                0x00082980                __aeabi_dcmpeq
                0x00082994                __aeabi_dcmplt
                0x000829a8                __aeabi_dcmple
                0x000829bc                __aeabi_dcmpge
                0x000829d0                __aeabi_dcmpgt
 .text          0x000829e4       0x40 c:/users/teamuis/appdata/local/arduino15/packages/arduino/tools/arm-none-eabi-gcc/4.8.3-2014q1/bin/../lib/gcc/arm-none-eabi/4.8.3/armv7-m\libgcc.a(_arm_fixunsdfsi.o)
                0x000829e4                __aeabi_d2uiz
                0x000829e4                __fixunsdfsi
 .text          0x00082a24       0xa0 c:/users/teamuis/appdata/local/arduino15/packages/arduino/tools/arm-none-eabi-gcc/4.8.3-2014q1/bin/../lib/gcc/arm-none-eabi/4.8.3/armv7-m\libgcc.a(_arm_truncdfsf2.o)
                0x00082a24                __truncdfsf2
                0x00082a24                __aeabi_d2f
 .text          0x00082ac4      0x21c c:/users/teamuis/appdata/local/arduino15/packages/arduino/tools/arm-none-eabi-gcc/4.8.3-2014q1/bin/../lib/gcc/arm-none-eabi/4.8.3/armv7-m\libgcc.a(_arm_addsubsf3.o)
                0x00082ac4                __aeabi_frsub
                0x00082acc                __subsf3
                0x00082acc                __aeabi_fsub
                0x00082ad0                __aeabi_fadd
                0x00082ad0                __addsf3
                0x00082c30                __aeabi_ui2f
                0x00082c30                __floatunsisf
                0x00082c38                __aeabi_i2f
                0x00082c38                __floatsisf
                0x00082c54                __aeabi_ul2f
                0x00082c54                __floatundisf
                0x00082c64                __aeabi_l2f
                0x00082c64                __floatdisf
 .text          0x00082ce0      0x2a0 c:/users/teamuis/appdata/local/arduino15/packages/arduino/tools/arm-none-eabi-gcc/4.8.3-2014q1/bin/../lib/gcc/arm-none-eabi/4.8.3/armv7-m\libgcc.a(_arm_muldivsf3.o)
                0x00082ce0                __mulsf3
                0x00082ce0                __aeabi_fmul
                0x00082e48                __aeabi_fdiv
                0x00082e48                __divsf3
 .text          0x00082f80       0xec c:/users/teamuis/appdata/local/arduino15/packages/arduino/tools/arm-none-eabi-gcc/4.8.3-2014q1/bin/../lib/gcc/arm-none-eabi/4.8.3/armv7-m\libgcc.a(_arm_cmpsf2.o)
                0x00082f80                __gesf2
                0x00082f80                __gtsf2
                0x00082f88                __lesf2
                0x00082f88                __ltsf2
                0x00082f90                __nesf2
                0x00082f90                __eqsf2
                0x00082f90                __cmpsf2
                0x00082ff0                __aeabi_cfrcmple
                0x00082ff8                __aeabi_cfcmpeq
                0x00082ff8                __aeabi_cfcmple
                0x00083008                __aeabi_fcmpeq
                0x0008301c                __aeabi_fcmplt
                0x00083030                __aeabi_fcmple
                0x00083044                __aeabi_fcmpge
                0x00083058                __aeabi_fcmpgt
 .text.__libc_init_array
                0x0008306c       0x50 c:/users/teamuis/appdata/local/arduino15/packages/arduino/tools/arm-none-eabi-gcc/4.8.3-2014q1/bin/../lib/gcc/arm-none-eabi/4.8.3/../../../../arm-none-eabi/lib/armv7-m\libg.a(lib_a-init.o)
                0x0008306c                __libc_init_array
 .text.iprintf  0x000830bc       0x28 c:/users/teamuis/appdata/local/arduino15/packages/arduino/tools/arm-none-eabi-gcc/4.8.3-2014q1/bin/../lib/gcc/arm-none-eabi/4.8.3/../../../../arm-none-eabi/lib/armv7-m\libg.a(lib_a-iprintf.o)
                0x000830bc                iprintf
 .text.memset   0x000830e4       0x94 c:/users/teamuis/appdata/local/arduino15/packages/arduino/tools/arm-none-eabi-gcc/4.8.3-2014q1/bin/../lib/gcc/arm-none-eabi/4.8.3/../../../../arm-none-eabi/lib/armv7-m\libg.a(lib_a-memset.o)
                0x000830e4                memset
 .text.strlen   0x00083178       0x60 c:/users/teamuis/appdata/local/arduino15/packages/arduino/tools/arm-none-eabi-gcc/4.8.3-2014q1/bin/../lib/gcc/arm-none-eabi/4.8.3/../../../../arm-none-eabi/lib/armv7-m\libg.a(lib_a-strlen.o)
                0x00083178                strlen
 .text.kill     0x000831d8       0x10 c:/users/teamuis/appdata/local/arduino15/packages/arduino/tools/arm-none-eabi-gcc/4.8.3-2014q1/bin/../lib/gcc/arm-none-eabi/4.8.3/../../../../arm-none-eabi/lib/armv7-m\libg.a(lib_a-syskill.o)
                0x000831d8                kill
 .text.__sprint_r.part.0
                0x000831e8       0x78 c:/users/teamuis/appdata/local/arduino15/packages/arduino/tools/arm-none-eabi-gcc/4.8.3-2014q1/bin/../lib/gcc/arm-none-eabi/4.8.3/../../../../arm-none-eabi/lib/armv7-m\libg.a(lib_a-vfiprintf.o)
 .text._vfiprintf_r
                0x00083260      0xc54 c:/users/teamuis/appdata/local/arduino15/packages/arduino/tools/arm-none-eabi-gcc/4.8.3-2014q1/bin/../lib/gcc/arm-none-eabi/4.8.3/../../../../arm-none-eabi/lib/armv7-m\libg.a(lib_a-vfiprintf.o)
                0x00083260                _vfiprintf_r
 .text.__sbprintf
                0x00083eb4       0x7c c:/users/teamuis/appdata/local/arduino15/packages/arduino/tools/arm-none-eabi-gcc/4.8.3-2014q1/bin/../lib/gcc/arm-none-eabi/4.8.3/../../../../arm-none-eabi/lib/armv7-m\libg.a(lib_a-vfiprintf.o)
 .text.__swsetup_r
                0x00083f30       0xc4 c:/users/teamuis/appdata/local/arduino15/packages/arduino/tools/arm-none-eabi-gcc/4.8.3-2014q1/bin/../lib/gcc/arm-none-eabi/4.8.3/../../../../arm-none-eabi/lib/armv7-m\libg.a(lib_a-wsetup.o)
                0x00083f30                __swsetup_r
 .text.startup.register_fini
                0x00083ff4       0x14 c:/users/teamuis/appdata/local/arduino15/packages/arduino/tools/arm-none-eabi-gcc/4.8.3-2014q1/bin/../lib/gcc/arm-none-eabi/4.8.3/../../../../arm-none-eabi/lib/armv7-m\libg.a(lib_a-__call_atexit.o)
 .text.atexit   0x00084008        0xc c:/users/teamuis/appdata/local/arduino15/packages/arduino/tools/arm-none-eabi-gcc/4.8.3-2014q1/bin/../lib/gcc/arm-none-eabi/4.8.3/../../../../arm-none-eabi/lib/armv7-m\libg.a(lib_a-atexit.o)
                0x00084008                atexit
 .text.__sflush_r
                0x00084014      0x148 c:/users/teamuis/appdata/local/arduino15/packages/arduino/tools/arm-none-eabi-gcc/4.8.3-2014q1/bin/../lib/gcc/arm-none-eabi/4.8.3/../../../../arm-none-eabi/lib/armv7-m\libg.a(lib_a-fflush.o)
                0x00084014                __sflush_r
 .text._fflush_r
                0x0008415c       0x2c c:/users/teamuis/appdata/local/arduino15/packages/arduino/tools/arm-none-eabi-gcc/4.8.3-2014q1/bin/../lib/gcc/arm-none-eabi/4.8.3/../../../../arm-none-eabi/lib/armv7-m\libg.a(lib_a-fflush.o)
                0x0008415c                _fflush_r
 .text._cleanup_r
                0x00084188        0xc c:/users/teamuis/appdata/local/arduino15/packages/arduino/tools/arm-none-eabi-gcc/4.8.3-2014q1/bin/../lib/gcc/arm-none-eabi/4.8.3/../../../../arm-none-eabi/lib/armv7-m\libg.a(lib_a-findfp.o)
                0x00084188                _cleanup_r
 .text.__sinit  0x00084194       0xf4 c:/users/teamuis/appdata/local/arduino15/packages/arduino/tools/arm-none-eabi-gcc/4.8.3-2014q1/bin/../lib/gcc/arm-none-eabi/4.8.3/../../../../arm-none-eabi/lib/armv7-m\libg.a(lib_a-findfp.o)
                0x00084194                __sinit
 .text.__sfp_lock_acquire
                0x00084288        0x4 c:/users/teamuis/appdata/local/arduino15/packages/arduino/tools/arm-none-eabi-gcc/4.8.3-2014q1/bin/../lib/gcc/arm-none-eabi/4.8.3/../../../../arm-none-eabi/lib/armv7-m\libg.a(lib_a-findfp.o)
                0x00084288                __sfp_lock_acquire
 .text.__sfp_lock_release
                0x0008428c        0x4 c:/users/teamuis/appdata/local/arduino15/packages/arduino/tools/arm-none-eabi-gcc/4.8.3-2014q1/bin/../lib/gcc/arm-none-eabi/4.8.3/../../../../arm-none-eabi/lib/armv7-m\libg.a(lib_a-findfp.o)
                0x0008428c                __sfp_lock_release
 .text.__libc_fini_array
                0x00084290       0x30 c:/users/teamuis/appdata/local/arduino15/packages/arduino/tools/arm-none-eabi-gcc/4.8.3-2014q1/bin/../lib/gcc/arm-none-eabi/4.8.3/../../../../arm-none-eabi/lib/armv7-m\libg.a(lib_a-fini.o)
                0x00084290                __libc_fini_array
 .text._fputwc_r
                0x000842c0       0xc0 c:/users/teamuis/appdata/local/arduino15/packages/arduino/tools/arm-none-eabi-gcc/4.8.3-2014q1/bin/../lib/gcc/arm-none-eabi/4.8.3/../../../../arm-none-eabi/lib/armv7-m\libg.a(lib_a-fputwc.o)
                0x000842c0                _fputwc_r
 .text._malloc_trim_r
                0x00084380       0x9c c:/users/teamuis/appdata/local/arduino15/packages/arduino/tools/arm-none-eabi-gcc/4.8.3-2014q1/bin/../lib/gcc/arm-none-eabi/4.8.3/../../../../arm-none-eabi/lib/armv7-m\libg.a(lib_a-freer.o)
                0x00084380                _malloc_trim_r
 .text._free_r  0x0008441c      0x198 c:/users/teamuis/appdata/local/arduino15/packages/arduino/tools/arm-none-eabi-gcc/4.8.3-2014q1/bin/../lib/gcc/arm-none-eabi/4.8.3/../../../../arm-none-eabi/lib/armv7-m\libg.a(lib_a-freer.o)
                0x0008441c                _free_r
 .text.__sfvwrite_r
                0x000845b4      0x314 c:/users/teamuis/appdata/local/arduino15/packages/arduino/tools/arm-none-eabi-gcc/4.8.3-2014q1/bin/../lib/gcc/arm-none-eabi/4.8.3/../../../../arm-none-eabi/lib/armv7-m\libg.a(lib_a-fvwrite.o)
                0x000845b4                __sfvwrite_r
 .text._fwalk   0x000848c8       0x48 c:/users/teamuis/appdata/local/arduino15/packages/arduino/tools/arm-none-eabi-gcc/4.8.3-2014q1/bin/../lib/gcc/arm-none-eabi/4.8.3/../../../../arm-none-eabi/lib/armv7-m\libg.a(lib_a-fwalk.o)
                0x000848c8                _fwalk
 .text.__locale_charset
                0x00084910        0x8 c:/users/teamuis/appdata/local/arduino15/packages/arduino/tools/arm-none-eabi-gcc/4.8.3-2014q1/bin/../lib/gcc/arm-none-eabi/4.8.3/../../../../arm-none-eabi/lib/armv7-m\libg.a(lib_a-locale.o)
                0x00084910                __locale_charset
 .text.__locale_mb_cur_max
                0x00084918        0xc c:/users/teamuis/appdata/local/arduino15/packages/arduino/tools/arm-none-eabi-gcc/4.8.3-2014q1/bin/../lib/gcc/arm-none-eabi/4.8.3/../../../../arm-none-eabi/lib/armv7-m\libg.a(lib_a-locale.o)
                0x00084918                __locale_mb_cur_max
 .text.__smakebuf_r
                0x00084924       0xe0 c:/users/teamuis/appdata/local/arduino15/packages/arduino/tools/arm-none-eabi-gcc/4.8.3-2014q1/bin/../lib/gcc/arm-none-eabi/4.8.3/../../../../arm-none-eabi/lib/armv7-m\libg.a(lib_a-makebuf.o)
                0x00084924                __smakebuf_r
 .text._malloc_r
                0x00084a04      0x538 c:/users/teamuis/appdata/local/arduino15/packages/arduino/tools/arm-none-eabi-gcc/4.8.3-2014q1/bin/../lib/gcc/arm-none-eabi/4.8.3/../../../../arm-none-eabi/lib/armv7-m\libg.a(lib_a-mallocr.o)
                0x00084a04                _malloc_r
 .text.memchr   0x00084f3c       0x94 c:/users/teamuis/appdata/local/arduino15/packages/arduino/tools/arm-none-eabi-gcc/4.8.3-2014q1/bin/../lib/gcc/arm-none-eabi/4.8.3/../../../../arm-none-eabi/lib/armv7-m\libg.a(lib_a-memchr-stub.o)
                0x00084f3c                memchr
 .text          0x00084fd0       0xec c:/users/teamuis/appdata/local/arduino15/packages/arduino/tools/arm-none-eabi-gcc/4.8.3-2014q1/bin/../lib/gcc/arm-none-eabi/4.8.3/../../../../arm-none-eabi/lib/armv7-m\libg.a(lib_a-memcpy.o)
                0x00084fd0                memcpy
 .text.memmove  0x000850bc       0xcc c:/users/teamuis/appdata/local/arduino15/packages/arduino/tools/arm-none-eabi-gcc/4.8.3-2014q1/bin/../lib/gcc/arm-none-eabi/4.8.3/../../../../arm-none-eabi/lib/armv7-m\libg.a(lib_a-memmove.o)
                0x000850bc                memmove
 .text.__malloc_lock
                0x00085188        0x4 c:/users/teamuis/appdata/local/arduino15/packages/arduino/tools/arm-none-eabi-gcc/4.8.3-2014q1/bin/../lib/gcc/arm-none-eabi/4.8.3/../../../../arm-none-eabi/lib/armv7-m\libg.a(lib_a-mlock.o)
                0x00085188                __malloc_lock
 .text.__malloc_unlock
                0x0008518c        0x4 c:/users/teamuis/appdata/local/arduino15/packages/arduino/tools/arm-none-eabi-gcc/4.8.3-2014q1/bin/../lib/gcc/arm-none-eabi/4.8.3/../../../../arm-none-eabi/lib/armv7-m\libg.a(lib_a-mlock.o)
                0x0008518c                __malloc_unlock
 .text._realloc_r
                0x00085190      0x3c0 c:/users/teamuis/appdata/local/arduino15/packages/arduino/tools/arm-none-eabi-gcc/4.8.3-2014q1/bin/../lib/gcc/arm-none-eabi/4.8.3/../../../../arm-none-eabi/lib/armv7-m\libg.a(lib_a-reallocr.o)
                0x00085190                _realloc_r
 .text._sbrk_r  0x00085550       0x24 c:/users/teamuis/appdata/local/arduino15/packages/arduino/tools/arm-none-eabi-gcc/4.8.3-2014q1/bin/../lib/gcc/arm-none-eabi/4.8.3/../../../../arm-none-eabi/lib/armv7-m\libg.a(lib_a-sbrkr.o)
                0x00085550                _sbrk_r
 .text._kill_r  0x00085574       0x28 c:/users/teamuis/appdata/local/arduino15/packages/arduino/tools/arm-none-eabi-gcc/4.8.3-2014q1/bin/../lib/gcc/arm-none-eabi/4.8.3/../../../../arm-none-eabi/lib/armv7-m\libg.a(lib_a-signalr.o)
                0x00085574                _kill_r
 .text.__sread  0x0008559c       0x24 c:/users/teamuis/appdata/local/arduino15/packages/arduino/tools/arm-none-eabi-gcc/4.8.3-2014q1/bin/../lib/gcc/arm-none-eabi/4.8.3/../../../../arm-none-eabi/lib/armv7-m\libg.a(lib_a-stdio.o)
                0x0008559c                __sread
 .text.__swrite
                0x000855c0       0x38 c:/users/teamuis/appdata/local/arduino15/packages/arduino/tools/arm-none-eabi-gcc/4.8.3-2014q1/bin/../lib/gcc/arm-none-eabi/4.8.3/../../../../arm-none-eabi/lib/armv7-m\libg.a(lib_a-stdio.o)
                0x000855c0                __swrite
 .text.__sseek  0x000855f8       0x20 c:/users/teamuis/appdata/local/arduino15/packages/arduino/tools/arm-none-eabi-gcc/4.8.3-2014q1/bin/../lib/gcc/arm-none-eabi/4.8.3/../../../../arm-none-eabi/lib/armv7-m\libg.a(lib_a-stdio.o)
                0x000855f8                __sseek
 .text.__sclose
                0x00085618        0x8 c:/users/teamuis/appdata/local/arduino15/packages/arduino/tools/arm-none-eabi-gcc/4.8.3-2014q1/bin/../lib/gcc/arm-none-eabi/4.8.3/../../../../arm-none-eabi/lib/armv7-m\libg.a(lib_a-stdio.o)
                0x00085618                __sclose
 .text.__swbuf_r
                0x00085620       0xa8 c:/users/teamuis/appdata/local/arduino15/packages/arduino/tools/arm-none-eabi-gcc/4.8.3-2014q1/bin/../lib/gcc/arm-none-eabi/4.8.3/../../../../arm-none-eabi/lib/armv7-m\libg.a(lib_a-wbuf.o)
                0x00085620                __swbuf_r
 .text._wcrtomb_r
                0x000856c8       0x50 c:/users/teamuis/appdata/local/arduino15/packages/arduino/tools/arm-none-eabi-gcc/4.8.3-2014q1/bin/../lib/gcc/arm-none-eabi/4.8.3/../../../../arm-none-eabi/lib/armv7-m\libg.a(lib_a-wcrtomb.o)
                0x000856c8                _wcrtomb_r
 .text.__ascii_wctomb
                0x00085718       0x1c c:/users/teamuis/appdata/local/arduino15/packages/arduino/tools/arm-none-eabi-gcc/4.8.3-2014q1/bin/../lib/gcc/arm-none-eabi/4.8.3/../../../../arm-none-eabi/lib/armv7-m\libg.a(lib_a-wctomb_r.o)
                0x00085718                __ascii_wctomb
 .text._write_r
                0x00085734       0x28 c:/users/teamuis/appdata/local/arduino15/packages/arduino/tools/arm-none-eabi-gcc/4.8.3-2014q1/bin/../lib/gcc/arm-none-eabi/4.8.3/../../../../arm-none-eabi/lib/armv7-m\libg.a(lib_a-writer.o)
                0x00085734                _write_r
 .text.__register_exitproc
                0x0008575c       0xa8 c:/users/teamuis/appdata/local/arduino15/packages/arduino/tools/arm-none-eabi-gcc/4.8.3-2014q1/bin/../lib/gcc/arm-none-eabi/4.8.3/../../../../arm-none-eabi/lib/armv7-m\libg.a(lib_a-__atexit.o)
                0x0008575c                __register_exitproc
 .text._close_r
                0x00085804       0x24 c:/users/teamuis/appdata/local/arduino15/packages/arduino/tools/arm-none-eabi-gcc/4.8.3-2014q1/bin/../lib/gcc/arm-none-eabi/4.8.3/../../../../arm-none-eabi/lib/armv7-m\libg.a(lib_a-closer.o)
                0x00085804                _close_r
 .text._fclose_r
                0x00085828       0x80 c:/users/teamuis/appdata/local/arduino15/packages/arduino/tools/arm-none-eabi-gcc/4.8.3-2014q1/bin/../lib/gcc/arm-none-eabi/4.8.3/../../../../arm-none-eabi/lib/armv7-m\libg.a(lib_a-fclose.o)
                0x00085828                _fclose_r
 .text.fclose   0x000858a8       0x10 c:/users/teamuis/appdata/local/arduino15/packages/arduino/tools/arm-none-eabi-gcc/4.8.3-2014q1/bin/../lib/gcc/arm-none-eabi/4.8.3/../../../../arm-none-eabi/lib/armv7-m\libg.a(lib_a-fclose.o)
                0x000858a8                fclose
 .text._fstat_r
                0x000858b8       0x28 c:/users/teamuis/appdata/local/arduino15/packages/arduino/tools/arm-none-eabi-gcc/4.8.3-2014q1/bin/../lib/gcc/arm-none-eabi/4.8.3/../../../../arm-none-eabi/lib/armv7-m\libg.a(lib_a-fstatr.o)
                0x000858b8                _fstat_r
 .text._isatty_r
                0x000858e0       0x24 c:/users/teamuis/appdata/local/arduino15/packages/arduino/tools/arm-none-eabi-gcc/4.8.3-2014q1/bin/../lib/gcc/arm-none-eabi/4.8.3/../../../../arm-none-eabi/lib/armv7-m\libg.a(lib_a-isattyr.o)
                0x000858e0                _isatty_r
 .text._lseek_r
                0x00085904       0x28 c:/users/teamuis/appdata/local/arduino15/packages/arduino/tools/arm-none-eabi-gcc/4.8.3-2014q1/bin/../lib/gcc/arm-none-eabi/4.8.3/../../../../arm-none-eabi/lib/armv7-m\libg.a(lib_a-lseekr.o)
                0x00085904                _lseek_r
 .text._read_r  0x0008592c       0x28 c:/users/teamuis/appdata/local/arduino15/packages/arduino/tools/arm-none-eabi-gcc/4.8.3-2014q1/bin/../lib/gcc/arm-none-eabi/4.8.3/../../../../arm-none-eabi/lib/armv7-m\libg.a(lib_a-readr.o)
                0x0008592c                _read_r
 .text          0x00085954       0x2c c:/users/teamuis/appdata/local/arduino15/packages/arduino/tools/arm-none-eabi-gcc/4.8.3-2014q1/bin/../lib/gcc/arm-none-eabi/4.8.3/armv7-m\libgcc.a(_aeabi_uldivmod.o)
                0x00085954                __aeabi_uldivmod
 .text          0x00085980       0x60 c:/users/teamuis/appdata/local/arduino15/packages/arduino/tools/arm-none-eabi-gcc/4.8.3-2014q1/bin/../lib/gcc/arm-none-eabi/4.8.3/armv7-m\libgcc.a(bpabi.o)
                0x00085980                __gnu_ldivmod_helper
                0x000859b0                __gnu_uldivmod_helper
 .text          0x000859e0        0x4 c:/users/teamuis/appdata/local/arduino15/packages/arduino/tools/arm-none-eabi-gcc/4.8.3-2014q1/bin/../lib/gcc/arm-none-eabi/4.8.3/armv7-m\libgcc.a(_dvmd_tls.o)
                0x000859e0                __aeabi_idiv0
                0x000859e0                __aeabi_ldiv0
 .text          0x000859e4      0x2a0 c:/users/teamuis/appdata/local/arduino15/packages/arduino/tools/arm-none-eabi-gcc/4.8.3-2014q1/bin/../lib/gcc/arm-none-eabi/4.8.3/armv7-m\libgcc.a(_divdi3.o)
                0x000859e4                __divdi3
 .text          0x00085c84      0x290 c:/users/teamuis/appdata/local/arduino15/packages/arduino/tools/arm-none-eabi-gcc/4.8.3-2014q1/bin/../lib/gcc/arm-none-eabi/4.8.3/armv7-m\libgcc.a(_udivdi3.o)
                0x00085c84                __udivdi3
 *(.glue_7t)
 .glue_7t       0x00000000        0x0 linker stubs
 *(.glue_7)
 .glue_7        0x00000000        0x0 linker stubs
 *(.rodata .rodata* .gnu.linkonce.r.*)
 .rodata.str1.1
                0x00085f14        0x6 C:\Users\TeamUiS\AppData\Local\Temp\VMBuilds\Circulation\arduino_due_x_dbg\Release\Circulation.cpp.o
 *fill*         0x00085f1a        0x2 
 .rodata.g_APinDescription
                0x00085f1c      0xa2c C:\Users\TeamUiS\AppData\Local\Temp\VMBuilds\Circulation\arduino_due_x_dbg\Release\variant\variant.cpp.o
                0x00085f1c                g_APinDescription
 .rodata        0x00086948       0x40 C:\Users\TeamUiS\AppData\Local\arduino15\packages\arduino\hardware\sam\1.6.11\variants\arduino_due_x/libsam_sam3x8e_gcc_rel.a(adc.o)
 .rodata.str1.1
                0x00086988       0x19 C:\Users\TeamUiS\AppData\Local\Temp\VMBuilds\Circulation\arduino_due_x_dbg\Release/core.a(syscalls_sam3.c.o)
 .rodata.str1.1
                0x000869a1        0xf C:\Users\TeamUiS\AppData\Local\Temp\VMBuilds\Circulation\arduino_due_x_dbg\Release/core.a(Print.cpp.o)
 .rodata._ZTV9UARTClass
                0x000869b0       0x30 C:\Users\TeamUiS\AppData\Local\Temp\VMBuilds\Circulation\arduino_due_x_dbg\Release/core.a(UARTClass.cpp.o)
                0x000869b0                vtable for UARTClass
 .rodata._ZTV10USARTClass
                0x000869e0       0x30 C:\Users\TeamUiS\AppData\Local\Temp\VMBuilds\Circulation\arduino_due_x_dbg\Release/core.a(USARTClass.cpp.o)
                0x000869e0                vtable for USARTClass
 .rodata.STRING_PRODUCT
                0x00086a10        0xc C:\Users\TeamUiS\AppData\Local\Temp\VMBuilds\Circulation\arduino_due_x_dbg\Release/core.a(USBCore.cpp.o)
                0x00086a10                STRING_PRODUCT
 .rodata.USB_DeviceDescriptor
                0x00086a1c       0x12 C:\Users\TeamUiS\AppData\Local\Temp\VMBuilds\Circulation\arduino_due_x_dbg\Release/core.a(USBCore.cpp.o)
                0x00086a1c                USB_DeviceDescriptor
 .rodata.STRING_LANGUAGE
                0x00086a2e        0x4 C:\Users\TeamUiS\AppData\Local\Temp\VMBuilds\Circulation\arduino_due_x_dbg\Release/core.a(USBCore.cpp.o)
                0x00086a2e                STRING_LANGUAGE
 .rodata._ZL18test_packet_buffer
                0x00086a32       0x35 C:\Users\TeamUiS\AppData\Local\Temp\VMBuilds\Circulation\arduino_due_x_dbg\Release/core.a(USBCore.cpp.o)
 .rodata.STRING_MANUFACTURER
                0x00086a67        0xc C:\Users\TeamUiS\AppData\Local\Temp\VMBuilds\Circulation\arduino_due_x_dbg\Release/core.a(USBCore.cpp.o)
                0x00086a67                STRING_MANUFACTURER
 .rodata.USB_DeviceDescriptorA
                0x00086a73       0x12 C:\Users\TeamUiS\AppData\Local\Temp\VMBuilds\Circulation\arduino_due_x_dbg\Release/core.a(USBCore.cpp.o)
                0x00086a73                USB_DeviceDescriptorA
 .rodata._ZL19USB_DeviceQualifier
                0x00086a85        0x9 C:\Users\TeamUiS\AppData\Local\Temp\VMBuilds\Circulation\arduino_due_x_dbg\Release/core.a(USBCore.cpp.o)
 *fill*         0x00086a8e        0x2 
 .rodata._ZTV7Serial_
                0x00086a90       0x28 C:\Users\TeamUiS\AppData\Local\Temp\VMBuilds\Circulation\arduino_due_x_dbg\Release/core.a(CDC.cpp.o)
                0x00086a90                vtable for Serial_
 .rodata._ZL18_cdcOtherInterface
                0x00086ab8       0x42 C:\Users\TeamUiS\AppData\Local\Temp\VMBuilds\Circulation\arduino_due_x_dbg\Release/core.a(CDC.cpp.o)
 .rodata._ZL13_cdcInterface
                0x00086afa       0x42 C:\Users\TeamUiS\AppData\Local\Temp\VMBuilds\Circulation\arduino_due_x_dbg\Release/core.a(CDC.cpp.o)
 .rodata.str1.4
                0x00086b3c        0x2 c:/users/teamuis/appdata/local/arduino15/packages/arduino/tools/arm-none-eabi-gcc/4.8.3-2014q1/bin/../lib/gcc/arm-none-eabi/4.8.3/../../../../arm-none-eabi/lib/armv7-m\libg.a(lib_a-impure.o)
                                  0x4 (size before relaxing)
 *fill*         0x00086b3e        0x2 
 .rodata._global_impure_ptr
                0x00086b40        0x4 c:/users/teamuis/appdata/local/arduino15/packages/arduino/tools/arm-none-eabi-gcc/4.8.3-2014q1/bin/../lib/gcc/arm-none-eabi/4.8.3/../../../../arm-none-eabi/lib/armv7-m\libg.a(lib_a-impure.o)
                0x00086b40                _global_impure_ptr
 .rodata.blanks.6717
                0x00086b44       0x10 c:/users/teamuis/appdata/local/arduino15/packages/arduino/tools/arm-none-eabi-gcc/4.8.3-2014q1/bin/../lib/gcc/arm-none-eabi/4.8.3/../../../../arm-none-eabi/lib/armv7-m\libg.a(lib_a-vfiprintf.o)
 .rodata.str1.4
                0x00086b54       0x30 c:/users/teamuis/appdata/local/arduino15/packages/arduino/tools/arm-none-eabi-gcc/4.8.3-2014q1/bin/../lib/gcc/arm-none-eabi/4.8.3/../../../../arm-none-eabi/lib/armv7-m\libg.a(lib_a-vfiprintf.o)
 .rodata.zeroes.6718
                0x00086b84       0x10 c:/users/teamuis/appdata/local/arduino15/packages/arduino/tools/arm-none-eabi-gcc/4.8.3-2014q1/bin/../lib/gcc/arm-none-eabi/4.8.3/../../../../arm-none-eabi/lib/armv7-m\libg.a(lib_a-vfiprintf.o)
 *(.ARM.extab* .gnu.linkonce.armextab.*)
                0x00086b94                . = ALIGN (0x4)
 *(.init)
 .init          0x00086b94        0x4 c:/users/teamuis/appdata/local/arduino15/packages/arduino/tools/arm-none-eabi-gcc/4.8.3-2014q1/bin/../lib/gcc/arm-none-eabi/4.8.3/armv7-m/crti.o
                0x00086b94                _init
 .init          0x00086b98        0x8 c:/users/teamuis/appdata/local/arduino15/packages/arduino/tools/arm-none-eabi-gcc/4.8.3-2014q1/bin/../lib/gcc/arm-none-eabi/4.8.3/armv7-m/crtn.o
                0x00086ba0                . = ALIGN (0x4)
                0x00086ba0                __preinit_array_start = .
 *(.preinit_array)
                0x00086ba0                __preinit_array_end = .
                0x00086ba0                . = ALIGN (0x4)
                0x00086ba0                __init_array_start = .
 *(SORT(.init_array.*))
 .init_array.00000
                0x00086ba0        0x4 c:/users/teamuis/appdata/local/arduino15/packages/arduino/tools/arm-none-eabi-gcc/4.8.3-2014q1/bin/../lib/gcc/arm-none-eabi/4.8.3/../../../../arm-none-eabi/lib/armv7-m\libg.a(lib_a-__call_atexit.o)
 *(.init_array)
 .init_array    0x00086ba4        0x4 c:/users/teamuis/appdata/local/arduino15/packages/arduino/tools/arm-none-eabi-gcc/4.8.3-2014q1/bin/../lib/gcc/arm-none-eabi/4.8.3/armv7-m/crtbegin.o
 .init_array    0x00086ba8        0x4 C:\Users\TeamUiS\AppData\Local\Temp\VMBuilds\Circulation\arduino_due_x_dbg\Release\variant\variant.cpp.o
 .init_array    0x00086bac        0x4 C:\Users\TeamUiS\AppData\Local\Temp\VMBuilds\Circulation\arduino_due_x_dbg\Release/core.a(USBCore.cpp.o)
 .init_array    0x00086bb0        0x4 C:\Users\TeamUiS\AppData\Local\Temp\VMBuilds\Circulation\arduino_due_x_dbg\Release/core.a(CDC.cpp.o)
                0x00086bb4                __init_array_end = .
                0x00086bb4                . = ALIGN (0x4)
 *crtbegin.o(.ctors)
 *(EXCLUDE_FILE(*crtend.o) .ctors)
 *(SORT(.ctors.*))
 *crtend.o(.ctors)
                0x00086bb4                . = ALIGN (0x4)
 *(.fini)
 .fini          0x00086bb4        0x4 c:/users/teamuis/appdata/local/arduino15/packages/arduino/tools/arm-none-eabi-gcc/4.8.3-2014q1/bin/../lib/gcc/arm-none-eabi/4.8.3/armv7-m/crti.o
                0x00086bb4                _fini
 .fini          0x00086bb8        0x8 c:/users/teamuis/appdata/local/arduino15/packages/arduino/tools/arm-none-eabi-gcc/4.8.3-2014q1/bin/../lib/gcc/arm-none-eabi/4.8.3/armv7-m/crtn.o
                0x00086bc0                . = ALIGN (0x4)
                0x00086bc0                __fini_array_start = .
 *(.fini_array)
 .fini_array    0x00086bc0        0x4 c:/users/teamuis/appdata/local/arduino15/packages/arduino/tools/arm-none-eabi-gcc/4.8.3-2014q1/bin/../lib/gcc/arm-none-eabi/4.8.3/armv7-m/crtbegin.o
 *(SORT(.fini_array.*))
                0x00086bc4                __fini_array_end = .
 *crtbegin.o(.dtors)
 *(EXCLUDE_FILE(*crtend.o) .dtors)
 *(SORT(.dtors.*))
 *crtend.o(.dtors)
                0x00086bc4                . = ALIGN (0x4)
                0x00086bc4                _efixed = .
                0x00086bc4                PROVIDE (__exidx_start, .)

.vfp11_veneer   0x00086bc4        0x0
 .vfp11_veneer  0x00000000        0x0 linker stubs

.v4_bx          0x00086bc4        0x0
 .v4_bx         0x00000000        0x0 linker stubs

.iplt           0x00086bc4        0x0
 .iplt          0x00000000        0x0 c:/users/teamuis/appdata/local/arduino15/packages/arduino/tools/arm-none-eabi-gcc/4.8.3-2014q1/bin/../lib/gcc/arm-none-eabi/4.8.3/armv7-m/crtbegin.o

.ARM.exidx      0x00086bc4        0x8
 *(.ARM.exidx* .gnu.linkonce.armexidx.*)
 .ARM.exidx     0x00086bc4        0x8 c:/users/teamuis/appdata/local/arduino15/packages/arduino/tools/arm-none-eabi-gcc/4.8.3-2014q1/bin/../lib/gcc/arm-none-eabi/4.8.3/armv7-m\libgcc.a(_divdi3.o)
 .ARM.exidx     0x00086bcc        0x0 c:/users/teamuis/appdata/local/arduino15/packages/arduino/tools/arm-none-eabi-gcc/4.8.3-2014q1/bin/../lib/gcc/arm-none-eabi/4.8.3/armv7-m\libgcc.a(_udivdi3.o)
                                  0x8 (size before relaxing)
                0x00086bcc                PROVIDE (__exidx_end, .)

.eh_frame       0x00086bcc        0x0
 .eh_frame      0x00086bcc        0x0 c:/users/teamuis/appdata/local/arduino15/packages/arduino/tools/arm-none-eabi-gcc/4.8.3-2014q1/bin/../lib/gcc/arm-none-eabi/4.8.3/armv7-m/crtbegin.o

.rel.dyn        0x00086bcc        0x0
 .rel.iplt      0x00000000        0x0 c:/users/teamuis/appdata/local/arduino15/packages/arduino/tools/arm-none-eabi-gcc/4.8.3-2014q1/bin/../lib/gcc/arm-none-eabi/4.8.3/armv7-m/crtbegin.o

.jcr            0x00086bcc        0x0
 .jcr           0x00086bcc        0x0 c:/users/teamuis/appdata/local/arduino15/packages/arduino/tools/arm-none-eabi-gcc/4.8.3-2014q1/bin/../lib/gcc/arm-none-eabi/4.8.3/armv7-m/crtbegin.o

.igot.plt       0x00086bcc        0x0
 .igot.plt      0x00000000        0x0 c:/users/teamuis/appdata/local/arduino15/packages/arduino/tools/arm-none-eabi-gcc/4.8.3-2014q1/bin/../lib/gcc/arm-none-eabi/4.8.3/armv7-m/crtbegin.o
                0x00086bcc                . = ALIGN (0x4)
                0x00086bcc                _etext = .

.relocate       0x20070000      0x8f4 load address 0x00086bcc
                0x20070000                . = ALIGN (0x4)
                0x20070000                _srelocate = .
 *(.ramfunc .ramfunc.*)
 .ramfunc       0x20070000       0x2c C:\Users\TeamUiS\AppData\Local\Temp\VMBuilds\Circulation\arduino_due_x_dbg\Release/core.a(Reset.cpp.o)
                0x20070000                banzai
 *(.data .data.*)
 .data.minimum_pressure
                0x2007002c        0x4 C:\Users\TeamUiS\AppData\Local\Temp\VMBuilds\Circulation\arduino_due_x_dbg\Release\Circulation.cpp.o
                0x2007002c                minimum_pressure
 .data.maximum_pressure
                0x20070030        0x4 C:\Users\TeamUiS\AppData\Local\Temp\VMBuilds\Circulation\arduino_due_x_dbg\Release\Circulation.cpp.o
                0x20070030                maximum_pressure
 .data.filterTimeConstant
                0x20070034        0x4 C:\Users\TeamUiS\AppData\Local\Temp\VMBuilds\Circulation\arduino_due_x_dbg\Release\Circulation.cpp.o
                0x20070034                filterTimeConstant
 .data.pressureSensor
                0x20070038        0x4 C:\Users\TeamUiS\AppData\Local\Temp\VMBuilds\Circulation\arduino_due_x_dbg\Release\Circulation.cpp.o
                0x20070038                pressureSensor
 .data.pump_rampUp_time
                0x2007003c        0x4 C:\Users\TeamUiS\AppData\Local\Temp\VMBuilds\Circulation\arduino_due_x_dbg\Release\Circulation.cpp.o
                0x2007003c                pump_rampUp_time
 .data.pump1Active
                0x20070040        0x1 C:\Users\TeamUiS\AppData\Local\Temp\VMBuilds\Circulation\arduino_due_x_dbg\Release\Circulation.cpp.o
                0x20070040                pump1Active
 *fill*         0x20070041        0x3 
 .data.switchTime
                0x20070044        0x4 C:\Users\TeamUiS\AppData\Local\Temp\VMBuilds\Circulation\arduino_due_x_dbg\Release\Circulation.cpp.o
                0x20070044                switchTime
 .data.SystemCoreClock
                0x20070048        0x4 C:\Users\TeamUiS\AppData\Local\arduino15\packages\arduino\hardware\sam\1.6.11\variants\arduino_due_x/libsam_sam3x8e_gcc_rel.a(system_sam3xa.o)
                0x20070048                SystemCoreClock
 .data.latestSelectedChannel.9384
                0x2007004c        0x4 C:\Users\TeamUiS\AppData\Local\Temp\VMBuilds\Circulation\arduino_due_x_dbg\Release/core.a(wiring_analog.c.o)
 .data._readResolution
                0x20070050        0x4 C:\Users\TeamUiS\AppData\Local\Temp\VMBuilds\Circulation\arduino_due_x_dbg\Release/core.a(wiring_analog.c.o)
 .data._ZL5ticks
                0x20070054        0x4 C:\Users\TeamUiS\AppData\Local\Temp\VMBuilds\Circulation\arduino_due_x_dbg\Release/core.a(Reset.cpp.o)
 .data.EndPoints
                0x20070058       0x28 C:\Users\TeamUiS\AppData\Local\Temp\VMBuilds\Circulation\arduino_due_x_dbg\Release/core.a(USBCore.cpp.o)
                0x20070058                EndPoints
 .data._ZL10breakValue
                0x20070080        0x4 C:\Users\TeamUiS\AppData\Local\Temp\VMBuilds\Circulation\arduino_due_x_dbg\Release/core.a(CDC.cpp.o)
 .data._ZL12_usbLineInfo
                0x20070084        0x8 C:\Users\TeamUiS\AppData\Local\Temp\VMBuilds\Circulation\arduino_due_x_dbg\Release/core.a(CDC.cpp.o)
 .data.g_interrupt_enabled
                0x2007008c        0x4 C:\Users\TeamUiS\AppData\Local\arduino15\packages\arduino\hardware\sam\1.6.11\variants\arduino_due_x/libsam_sam3x8e_gcc_rel.a(interrupt_sam_nvic.o)
                0x2007008c                g_interrupt_enabled
 .data.impure_data
                0x20070090      0x428 c:/users/teamuis/appdata/local/arduino15/packages/arduino/tools/arm-none-eabi-gcc/4.8.3-2014q1/bin/../lib/gcc/arm-none-eabi/4.8.3/../../../../arm-none-eabi/lib/armv7-m\libg.a(lib_a-impure.o)
 .data._impure_ptr
                0x200704b8        0x4 c:/users/teamuis/appdata/local/arduino15/packages/arduino/tools/arm-none-eabi-gcc/4.8.3-2014q1/bin/../lib/gcc/arm-none-eabi/4.8.3/../../../../arm-none-eabi/lib/armv7-m\libg.a(lib_a-impure.o)
                0x200704b8                _impure_ptr
 .data.lc_ctype_charset
                0x200704bc       0x20 c:/users/teamuis/appdata/local/arduino15/packages/arduino/tools/arm-none-eabi-gcc/4.8.3-2014q1/bin/../lib/gcc/arm-none-eabi/4.8.3/../../../../arm-none-eabi/lib/armv7-m\libg.a(lib_a-locale.o)
 .data.__mb_cur_max
                0x200704dc        0x4 c:/users/teamuis/appdata/local/arduino15/packages/arduino/tools/arm-none-eabi-gcc/4.8.3-2014q1/bin/../lib/gcc/arm-none-eabi/4.8.3/../../../../arm-none-eabi/lib/armv7-m\libg.a(lib_a-locale.o)
                0x200704dc                __mb_cur_max
 .data.__malloc_av_
                0x200704e0      0x408 c:/users/teamuis/appdata/local/arduino15/packages/arduino/tools/arm-none-eabi-gcc/4.8.3-2014q1/bin/../lib/gcc/arm-none-eabi/4.8.3/../../../../arm-none-eabi/lib/armv7-m\libg.a(lib_a-mallocr.o)
                0x200704e0                __malloc_av_
 .data.__malloc_trim_threshold
                0x200708e8        0x4 c:/users/teamuis/appdata/local/arduino15/packages/arduino/tools/arm-none-eabi-gcc/4.8.3-2014q1/bin/../lib/gcc/arm-none-eabi/4.8.3/../../../../arm-none-eabi/lib/armv7-m\libg.a(lib_a-mallocr.o)
                0x200708e8                __malloc_trim_threshold
 .data.__malloc_sbrk_base
                0x200708ec        0x4 c:/users/teamuis/appdata/local/arduino15/packages/arduino/tools/arm-none-eabi-gcc/4.8.3-2014q1/bin/../lib/gcc/arm-none-eabi/4.8.3/../../../../arm-none-eabi/lib/armv7-m\libg.a(lib_a-mallocr.o)
                0x200708ec                __malloc_sbrk_base
 .data.__wctomb
                0x200708f0        0x4 c:/users/teamuis/appdata/local/arduino15/packages/arduino/tools/arm-none-eabi-gcc/4.8.3-2014q1/bin/../lib/gcc/arm-none-eabi/4.8.3/../../../../arm-none-eabi/lib/armv7-m\libg.a(lib_a-wctomb_r.o)
                0x200708f0                __wctomb
                0x200708f4                . = ALIGN (0x4)
                0x200708f4                _erelocate = .

.bss            0x200708f4      0x868 load address 0x000874c0
                0x200708f4                . = ALIGN (0x4)
                0x200708f4                _sbss = .
                0x200708f4                _szero = .
 *(.bss .bss.*)
 .bss           0x200708f4       0x1c c:/users/teamuis/appdata/local/arduino15/packages/arduino/tools/arm-none-eabi-gcc/4.8.3-2014q1/bin/../lib/gcc/arm-none-eabi/4.8.3/armv7-m/crtbegin.o
 .bss.dataSampleInterval
                0x20070910        0x4 C:\Users\TeamUiS\AppData\Local\Temp\VMBuilds\Circulation\arduino_due_x_dbg\Release\Circulation.cpp.o
                0x20070910                dataSampleInterval
 .bss.pumpSwitchTimer
                0x20070914        0x4 C:\Users\TeamUiS\AppData\Local\Temp\VMBuilds\Circulation\arduino_due_x_dbg\Release\Circulation.cpp.o
                0x20070914                pumpSwitchTimer
 .bss.pressure  0x20070918        0x4 C:\Users\TeamUiS\AppData\Local\Temp\VMBuilds\Circulation\arduino_due_x_dbg\Release\Circulation.cpp.o
                0x20070918                pressure
 .bss.ms_start_loop_old
                0x2007091c        0x4 C:\Users\TeamUiS\AppData\Local\Temp\VMBuilds\Circulation\arduino_due_x_dbg\Release\Circulation.cpp.o
                0x2007091c                ms_start_loop_old
 .bss.pumpTimer
                0x20070920        0x4 C:\Users\TeamUiS\AppData\Local\Temp\VMBuilds\Circulation\arduino_due_x_dbg\Release\Circulation.cpp.o
                0x20070920                pumpTimer
 .bss.mode      0x20070924        0x4 C:\Users\TeamUiS\AppData\Local\Temp\VMBuilds\Circulation\arduino_due_x_dbg\Release\Circulation.cpp.o
                0x20070924                mode
 .bss.turnOnPump
                0x20070928        0x1 C:\Users\TeamUiS\AppData\Local\Temp\VMBuilds\Circulation\arduino_due_x_dbg\Release\Circulation.cpp.o
                0x20070928                turnOnPump
 *fill*         0x20070929        0x3 
 .bss.time_since_pump_start
                0x2007092c        0x4 C:\Users\TeamUiS\AppData\Local\Temp\VMBuilds\Circulation\arduino_due_x_dbg\Release\Circulation.cpp.o
                0x2007092c                time_since_pump_start
 .bss.m         0x20070930        0x4 C:\Users\TeamUiS\AppData\Local\Temp\VMBuilds\Circulation\arduino_due_x_dbg\Release\Circulation.cpp.o
                0x20070930                m
 .bss.ms_init   0x20070934        0x4 C:\Users\TeamUiS\AppData\Local\Temp\VMBuilds\Circulation\arduino_due_x_dbg\Release\Circulation.cpp.o
                0x20070934                ms_init
 .bss.pump_start_time
                0x20070938        0x4 C:\Users\TeamUiS\AppData\Local\Temp\VMBuilds\Circulation\arduino_due_x_dbg\Release\Circulation.cpp.o
                0x20070938                pump_start_time
 .bss.filtered_old
                0x2007093c        0x4 C:\Users\TeamUiS\AppData\Local\Temp\VMBuilds\Circulation\arduino_due_x_dbg\Release\Circulation.cpp.o
                0x2007093c                filtered_old
 .bss.result    0x20070940        0x4 C:\Users\TeamUiS\AppData\Local\Temp\VMBuilds\Circulation\arduino_due_x_dbg\Release\Circulation.cpp.o
                0x20070940                result
 .bss.endOfLoopTime
                0x20070944        0x4 C:\Users\TeamUiS\AppData\Local\Temp\VMBuilds\Circulation\arduino_due_x_dbg\Release\Circulation.cpp.o
                0x20070944                endOfLoopTime
 .bss.incomingOption
                0x20070948        0x1 C:\Users\TeamUiS\AppData\Local\Temp\VMBuilds\Circulation\arduino_due_x_dbg\Release\Circulation.cpp.o
                0x20070948                incomingOption
 *fill*         0x20070949        0x3 
 .bss.currentTime
                0x2007094c        0x4 C:\Users\TeamUiS\AppData\Local\Temp\VMBuilds\Circulation\arduino_due_x_dbg\Release\Circulation.cpp.o
                0x2007094c                currentTime
 .bss.tx_buffer2
                0x20070950       0x88 C:\Users\TeamUiS\AppData\Local\Temp\VMBuilds\Circulation\arduino_due_x_dbg\Release\variant\variant.cpp.o
                0x20070950                tx_buffer2
 .bss.tx_buffer1
                0x200709d8       0x88 C:\Users\TeamUiS\AppData\Local\Temp\VMBuilds\Circulation\arduino_due_x_dbg\Release\variant\variant.cpp.o
                0x200709d8                tx_buffer1
 .bss.Serial    0x20070a60       0x24 C:\Users\TeamUiS\AppData\Local\Temp\VMBuilds\Circulation\arduino_due_x_dbg\Release\variant\variant.cpp.o
                0x20070a60                Serial
 .bss.rx_buffer1
                0x20070a84       0x88 C:\Users\TeamUiS\AppData\Local\Temp\VMBuilds\Circulation\arduino_due_x_dbg\Release\variant\variant.cpp.o
                0x20070a84                rx_buffer1
 .bss.Serial1   0x20070b0c       0x28 C:\Users\TeamUiS\AppData\Local\Temp\VMBuilds\Circulation\arduino_due_x_dbg\Release\variant\variant.cpp.o
                0x20070b0c                Serial1
 .bss.Serial2   0x20070b34       0x28 C:\Users\TeamUiS\AppData\Local\Temp\VMBuilds\Circulation\arduino_due_x_dbg\Release\variant\variant.cpp.o
                0x20070b34                Serial2
 .bss.Serial3   0x20070b5c       0x28 C:\Users\TeamUiS\AppData\Local\Temp\VMBuilds\Circulation\arduino_due_x_dbg\Release\variant\variant.cpp.o
                0x20070b5c                Serial3
 .bss.tx_buffer3
                0x20070b84       0x88 C:\Users\TeamUiS\AppData\Local\Temp\VMBuilds\Circulation\arduino_due_x_dbg\Release\variant\variant.cpp.o
                0x20070b84                tx_buffer3
 .bss.tx_buffer4
                0x20070c0c       0x88 C:\Users\TeamUiS\AppData\Local\Temp\VMBuilds\Circulation\arduino_due_x_dbg\Release\variant\variant.cpp.o
                0x20070c0c                tx_buffer4
 .bss.g_pinStatus
                0x20070c94       0x4f C:\Users\TeamUiS\AppData\Local\Temp\VMBuilds\Circulation\arduino_due_x_dbg\Release\variant\variant.cpp.o
                0x20070c94                g_pinStatus
 *fill*         0x20070ce3        0x1 
 .bss.rx_buffer2
                0x20070ce4       0x88 C:\Users\TeamUiS\AppData\Local\Temp\VMBuilds\Circulation\arduino_due_x_dbg\Release\variant\variant.cpp.o
                0x20070ce4                rx_buffer2
 .bss.rx_buffer3
                0x20070d6c       0x88 C:\Users\TeamUiS\AppData\Local\Temp\VMBuilds\Circulation\arduino_due_x_dbg\Release\variant\variant.cpp.o
                0x20070d6c                rx_buffer3
 .bss.rx_buffer4
                0x20070df4       0x88 C:\Users\TeamUiS\AppData\Local\Temp\VMBuilds\Circulation\arduino_due_x_dbg\Release\variant\variant.cpp.o
                0x20070df4                rx_buffer4
 .bss.gpf_isr   0x20070e7c        0x4 C:\Users\TeamUiS\AppData\Local\arduino15\packages\arduino\hardware\sam\1.6.11\variants\arduino_due_x/libsam_sam3x8e_gcc_rel.a(uotghs.o)
                0x20070e7c                gpf_isr
 .bss.heap.6420
                0x20070e80        0x4 C:\Users\TeamUiS\AppData\Local\Temp\VMBuilds\Circulation\arduino_due_x_dbg\Release/core.a(syscalls_sam3.c.o)
 .bss._cmark    0x20070e84        0x2 C:\Users\TeamUiS\AppData\Local\Temp\VMBuilds\Circulation\arduino_due_x_dbg\Release/core.a(USBCore.cpp.o)
                0x20070e84                _cmark
 .bss._ZL14isEndpointHalt
                0x20070e86        0x1 C:\Users\TeamUiS\AppData\Local\Temp\VMBuilds\Circulation\arduino_due_x_dbg\Release/core.a(USBCore.cpp.o)
 *fill*         0x20070e87        0x1 
 .bss._cdcComposite
                0x20070e88        0x4 C:\Users\TeamUiS\AppData\Local\Temp\VMBuilds\Circulation\arduino_due_x_dbg\Release/core.a(USBCore.cpp.o)
                0x20070e88                _cdcComposite
 .bss._ZL21isRemoteWakeUpEnabled
                0x20070e8c        0x1 C:\Users\TeamUiS\AppData\Local\Temp\VMBuilds\Circulation\arduino_due_x_dbg\Release/core.a(USBCore.cpp.o)
 *fill*         0x20070e8d        0x3 
 .bss._usbInitialized
                0x20070e90        0x4 C:\Users\TeamUiS\AppData\Local\Temp\VMBuilds\Circulation\arduino_due_x_dbg\Release/core.a(USBCore.cpp.o)
                0x20070e90                _usbInitialized
 .bss.USBDevice
                0x20070e94        0x1 C:\Users\TeamUiS\AppData\Local\Temp\VMBuilds\Circulation\arduino_due_x_dbg\Release/core.a(USBCore.cpp.o)
                0x20070e94                USBDevice
 *fill*         0x20070e95        0x3 
 .bss._usbSetInterface
                0x20070e98        0x4 C:\Users\TeamUiS\AppData\Local\Temp\VMBuilds\Circulation\arduino_due_x_dbg\Release/core.a(USBCore.cpp.o)
                0x20070e98                _usbSetInterface
 .bss._cend     0x20070e9c        0x2 C:\Users\TeamUiS\AppData\Local\Temp\VMBuilds\Circulation\arduino_due_x_dbg\Release/core.a(USBCore.cpp.o)
                0x20070e9c                _cend
 *fill*         0x20070e9e        0x2 
 .bss._usbConfiguration
                0x20070ea0        0x4 C:\Users\TeamUiS\AppData\Local\Temp\VMBuilds\Circulation\arduino_due_x_dbg\Release/core.a(USBCore.cpp.o)
                0x20070ea0                _usbConfiguration
 .bss.cdc_rx_buffer
                0x20070ea4      0x208 C:\Users\TeamUiS\AppData\Local\Temp\VMBuilds\Circulation\arduino_due_x_dbg\Release/core.a(CDC.cpp.o)
                0x20070ea4                cdc_rx_buffer
 .bss._ZZN7Serial_6acceptEvE5guard
                0x200710ac        0x4 C:\Users\TeamUiS\AppData\Local\Temp\VMBuilds\Circulation\arduino_due_x_dbg\Release/core.a(CDC.cpp.o)
 .bss.SerialUSB
                0x200710b0       0x14 C:\Users\TeamUiS\AppData\Local\Temp\VMBuilds\Circulation\arduino_due_x_dbg\Release/core.a(CDC.cpp.o)
                0x200710b0                SerialUSB
 .bss._ZZ12PluggableUSBvE3obj
                0x200710c4        0x8 C:\Users\TeamUiS\AppData\Local\Temp\VMBuilds\Circulation\arduino_due_x_dbg\Release/core.a(PluggableUSB.cpp.o)
 .bss._ZGVZ12PluggableUSBvE3obj
                0x200710cc        0x4 C:\Users\TeamUiS\AppData\Local\Temp\VMBuilds\Circulation\arduino_due_x_dbg\Release/core.a(PluggableUSB.cpp.o)
 .bss._dwTickCount
                0x200710d0        0x4 C:\Users\TeamUiS\AppData\Local\arduino15\packages\arduino\hardware\sam\1.6.11\variants\arduino_due_x/libsam_sam3x8e_gcc_rel.a(timetick.o)
 .bss.ul_recv_fifo_ptr
                0x200710d4       0x28 C:\Users\TeamUiS\AppData\Local\arduino15\packages\arduino\hardware\sam\1.6.11\variants\arduino_due_x/libsam_sam3x8e_gcc_rel.a(uotghs_device.o)
 .bss.ul_send_fifo_ptr
                0x200710fc       0x28 C:\Users\TeamUiS\AppData\Local\arduino15\packages\arduino\hardware\sam\1.6.11\variants\arduino_due_x/libsam_sam3x8e_gcc_rel.a(uotghs_device.o)
 .bss.__malloc_max_total_mem
                0x20071124        0x4 c:/users/teamuis/appdata/local/arduino15/packages/arduino/tools/arm-none-eabi-gcc/4.8.3-2014q1/bin/../lib/gcc/arm-none-eabi/4.8.3/../../../../arm-none-eabi/lib/armv7-m\libg.a(lib_a-mallocr.o)
                0x20071124                __malloc_max_total_mem
 .bss.__malloc_max_sbrked_mem
                0x20071128        0x4 c:/users/teamuis/appdata/local/arduino15/packages/arduino/tools/arm-none-eabi-gcc/4.8.3-2014q1/bin/../lib/gcc/arm-none-eabi/4.8.3/../../../../arm-none-eabi/lib/armv7-m\libg.a(lib_a-mallocr.o)
                0x20071128                __malloc_max_sbrked_mem
 .bss.__malloc_top_pad
                0x2007112c        0x4 c:/users/teamuis/appdata/local/arduino15/packages/arduino/tools/arm-none-eabi-gcc/4.8.3-2014q1/bin/../lib/gcc/arm-none-eabi/4.8.3/../../../../arm-none-eabi/lib/armv7-m\libg.a(lib_a-mallocr.o)
                0x2007112c                __malloc_top_pad
 .bss.__malloc_current_mallinfo
                0x20071130       0x28 c:/users/teamuis/appdata/local/arduino15/packages/arduino/tools/arm-none-eabi-gcc/4.8.3-2014q1/bin/../lib/gcc/arm-none-eabi/4.8.3/../../../../arm-none-eabi/lib/armv7-m\libg.a(lib_a-mallocr.o)
                0x20071130                __malloc_current_mallinfo
 *(COMMON)
 COMMON         0x20071158        0x4 c:/users/teamuis/appdata/local/arduino15/packages/arduino/tools/arm-none-eabi-gcc/4.8.3-2014q1/bin/../lib/gcc/arm-none-eabi/4.8.3/../../../../arm-none-eabi/lib/armv7-m\libg.a(lib_a-reent.o)
                0x20071158                errno
                0x2007115c                . = ALIGN (0x4)
                0x2007115c                _ebss = .
                0x2007115c                _ezero = .
                0x2007115c                . = ALIGN (0x4)
                0x2007115c                _end = .

.stack_dummy    0x2007115c        0x0
 *(.stack*)
                0x20088000                __StackTop = (ORIGIN (ram) + 0x18000)
                0x20088000                __StackLimit = (__StackTop - SIZEOF (.stack_dummy))
                0x20088000                PROVIDE (_sstack, __StackLimit)
                0x20088000                PROVIDE (_estack, __StackTop)
OUTPUT(C:\Users\TeamUiS\AppData\Local\Temp\VMBuilds\Circulation\arduino_due_x_dbg\Release/Circulation.ino.elf elf32-littlearm)

.ARM.attributes
                0x00000000       0x29
 .ARM.attributes
                0x00000000       0x1d c:/users/teamuis/appdata/local/arduino15/packages/arduino/tools/arm-none-eabi-gcc/4.8.3-2014q1/bin/../lib/gcc/arm-none-eabi/4.8.3/armv7-m/crti.o
 .ARM.attributes
                0x0000001d       0x2d c:/users/teamuis/appdata/local/arduino15/packages/arduino/tools/arm-none-eabi-gcc/4.8.3-2014q1/bin/../lib/gcc/arm-none-eabi/4.8.3/armv7-m/crtbegin.o
 .ARM.attributes
                0x0000004a       0x33 C:\Users\TeamUiS\AppData\Local\Temp\VMBuilds\Circulation\arduino_due_x_dbg\Release\Circulation.cpp.o
 .ARM.attributes
                0x0000007d       0x33 C:\Users\TeamUiS\AppData\Local\Temp\VMBuilds\Circulation\arduino_due_x_dbg\Release\variant\variant.cpp.o
 .ARM.attributes
                0x000000b0       0x33 C:\Users\TeamUiS\AppData\Local\arduino15\packages\arduino\hardware\sam\1.6.11\variants\arduino_due_x/libsam_sam3x8e_gcc_rel.a(pio.o)
 .ARM.attributes
                0x000000e3       0x33 C:\Users\TeamUiS\AppData\Local\arduino15\packages\arduino\hardware\sam\1.6.11\variants\arduino_due_x/libsam_sam3x8e_gcc_rel.a(pmc.o)
 .ARM.attributes
                0x00000116       0x33 C:\Users\TeamUiS\AppData\Local\arduino15\packages\arduino\hardware\sam\1.6.11\variants\arduino_due_x/libsam_sam3x8e_gcc_rel.a(system_sam3xa.o)
 .ARM.attributes